Component: ARM Compiler 5.06 update 7 (build 960) Tool: armlink [4d3601]

==============================================================================

Section Cross References

    main.o(i.HAL_TIM_PeriodElapsedCallback) refers to stm32f4xx_hal.o(i.HAL_IncTick) for HAL_IncTick
    main.o(i.SystemClock_Config) refers to rt_memclr_w.o(.text) for __aeabi_memclr4
    main.o(i.SystemClock_Config) refers to stm32f4xx_hal_rcc.o(i.HAL_RCC_OscConfig) for HAL_RCC_OscConfig
    main.o(i.SystemClock_Config) refers to main.o(i.Error_Handler) for Error_Handler
    main.o(i.SystemClock_Config) refers to stm32f4xx_hal_rcc.o(i.HAL_RCC_ClockConfig) for HAL_RCC_ClockConfig
    main.o(i.main) refers to stm32f4xx_hal.o(i.HAL_Init) for HAL_Init
    main.o(i.main) refers to main.o(i.SystemClock_Config) for SystemClock_Config
    main.o(i.main) refers to gpio.o(i.MX_GPIO_Init) for MX_GPIO_Init
    main.o(i.main) refers to dma.o(i.MX_DMA_Init) for MX_DMA_Init
    main.o(i.main) refers to can.o(i.MX_CAN1_Init) for MX_CAN1_Init
    main.o(i.main) refers to can.o(i.MX_CAN2_Init) for MX_CAN2_Init
    main.o(i.main) refers to spi.o(i.MX_SPI1_Init) for MX_SPI1_Init
    main.o(i.main) refers to usart.o(i.MX_USART3_UART_Init) for MX_USART3_UART_Init
    main.o(i.main) refers to usart.o(i.MX_USART6_UART_Init) for MX_USART6_UART_Init
    main.o(i.main) refers to tim.o(i.MX_TIM10_Init) for MX_TIM10_Init
    main.o(i.main) refers to tim.o(i.MX_TIM4_Init) for MX_TIM4_Init
    main.o(i.main) refers to tim.o(i.MX_TIM8_Init) for MX_TIM8_Init
    main.o(i.main) refers to tim.o(i.MX_TIM5_Init) for MX_TIM5_Init
    main.o(i.main) refers to stm32f4xx_hal_tim.o(i.HAL_TIM_PWM_Start) for HAL_TIM_PWM_Start
    main.o(i.main) refers to bsp_dr16.o(i.ECF_RC_Init) for ECF_RC_Init
    main.o(i.main) refers to bsp_can.o(i.ECF_CAN_Init) for ECF_CAN_Init
    main.o(i.main) refers to bsp_dwt.o(i.DWT_Init) for DWT_Init
    main.o(i.main) refers to bsp_referee.o(i.ECF_referee_uart_init) for ECF_referee_uart_init
    main.o(i.main) refers to bmi088driver.o(i.BMI088_init) for BMI088_init
    main.o(i.main) refers to freertos.o(i.MX_FREERTOS_Init) for MX_FREERTOS_Init
    main.o(i.main) refers to cmsis_os.o(i.osKernelStart) for osKernelStart
    main.o(i.main) refers to tim.o(.bss) for htim8
    main.o(i.main) refers to spi.o(.bss) for hspi1
    gpio.o(i.MX_GPIO_Init) refers to rt_memclr_w.o(.text) for __aeabi_memclr4
    gpio.o(i.MX_GPIO_Init) refers to stm32f4xx_hal_gpio.o(i.HAL_GPIO_WritePin) for HAL_GPIO_WritePin
    gpio.o(i.MX_GPIO_Init) refers to stm32f4xx_hal_gpio.o(i.HAL_GPIO_Init) for HAL_GPIO_Init
    gpio.o(i.MX_GPIO_Init) refers to stm32f4xx_hal_cortex.o(i.HAL_NVIC_SetPriority) for HAL_NVIC_SetPriority
    gpio.o(i.MX_GPIO_Init) refers to stm32f4xx_hal_cortex.o(i.HAL_NVIC_EnableIRQ) for HAL_NVIC_EnableIRQ
    freertos.o(i.MX_FREERTOS_Init) refers to rt_memcpy_w.o(.text) for __aeabi_memcpy4
    freertos.o(i.MX_FREERTOS_Init) refers to cmsis_os.o(i.osThreadCreate) for osThreadCreate
    freertos.o(i.MX_FREERTOS_Init) refers to freertos.o(.constdata) for .constdata
    freertos.o(i.MX_FREERTOS_Init) refers to freertos.o(.data) for defaultTaskHandle
    freertos.o(i.StartDefaultTask) refers to usb_device.o(i.MX_USB_DEVICE_Init) for MX_USB_DEVICE_Init
    freertos.o(i.StartDefaultTask) refers to cmsis_os.o(i.osDelay) for osDelay
    freertos.o(i.vApplicationGetIdleTaskMemory) refers to freertos.o(.bss) for xIdleTaskTCBBuffer
    freertos.o(.constdata) refers to freertos.o(.conststring) for .conststring
    freertos.o(.constdata) refers to freertos.o(i.StartDefaultTask) for StartDefaultTask
    freertos.o(.constdata) refers to gimbal_task.o(i.GIMBAL_TASK) for GIMBAL_TASK
    freertos.o(.constdata) refers to imu_task.o(i.ECF_IMU_Task) for ECF_IMU_Task
    freertos.o(.constdata) refers to fire_task.o(i.FIRE_TASK) for FIRE_TASK
    freertos.o(.constdata) refers to virtual_task.o(i.VIRTUAL_TASK) for VIRTUAL_TASK
    freertos.o(.constdata) refers to safe_task.o(i.SAFE_TASK) for SAFE_TASK
    freertos.o(.constdata) refers to music_task.o(i.MUSIC_TASK) for MUSIC_TASK
    can.o(i.HAL_CAN_MspDeInit) refers to stm32f4xx_hal_gpio.o(i.HAL_GPIO_DeInit) for HAL_GPIO_DeInit
    can.o(i.HAL_CAN_MspDeInit) refers to stm32f4xx_hal_cortex.o(i.HAL_NVIC_DisableIRQ) for HAL_NVIC_DisableIRQ
    can.o(i.HAL_CAN_MspDeInit) refers to can.o(.data) for HAL_RCC_CAN1_CLK_ENABLED
    can.o(i.HAL_CAN_MspInit) refers to rt_memclr_w.o(.text) for __aeabi_memclr4
    can.o(i.HAL_CAN_MspInit) refers to stm32f4xx_hal_gpio.o(i.HAL_GPIO_Init) for HAL_GPIO_Init
    can.o(i.HAL_CAN_MspInit) refers to stm32f4xx_hal_cortex.o(i.HAL_NVIC_SetPriority) for HAL_NVIC_SetPriority
    can.o(i.HAL_CAN_MspInit) refers to stm32f4xx_hal_cortex.o(i.HAL_NVIC_EnableIRQ) for HAL_NVIC_EnableIRQ
    can.o(i.HAL_CAN_MspInit) refers to can.o(.data) for HAL_RCC_CAN1_CLK_ENABLED
    can.o(i.MX_CAN1_Init) refers to stm32f4xx_hal_can.o(i.HAL_CAN_Init) for HAL_CAN_Init
[...]
    0x080003f0   0x080003f0   0x00000094   Code   RO        10074    .text               arm_cortexM4lf_math.lib(arm_sin_f32.o)
    0x08000484   0x08000484   0x00000108   Code   RO        10098    .text               arm_cortexM4lf_math.lib(arm_mat_add_f32.o)
    0x0800058c   0x0800058c   0x00000008   Code   RO        10122    .text               arm_cortexM4lf_math.lib(arm_mat_init_f32.o)
    0x08000594   0x08000594   0x00000530   Code   RO        10146    .text               arm_cortexM4lf_math.lib(arm_mat_inverse_f32.o)
    0x08000ac4   0x08000ac4   0x0000013c   Code   RO        10170    .text               arm_cortexM4lf_math.lib(arm_mat_mult_f32.o)
    0x08000c00   0x08000c00   0x00000108   Code   RO        10194    .text               arm_cortexM4lf_math.lib(arm_mat_sub_f32.o)
    0x08000d08   0x08000d08   0x00000114   Code   RO        10218    .text               arm_cortexM4lf_math.lib(arm_mat_trans_f32.o)
    0x08000e1c   0x08000e1c   0x0000005e   Code   RO        10327    .text               c_w.l(h1_alloc.o)
    0x08000e7a   0x08000e7a   0x0000004e   Code   RO        10329    .text               c_w.l(h1_free.o)
    0x08000ec8   0x08000ec8   0x000000ee   Code   RO        10385    .text               c_w.l(lludivv7m.o)
    0x08000fb6   0x08000fb6   0x00000048   Code   RO        10387    .text               c_w.l(strcpy.o)
    0x08000ffe   0x08000ffe   0x0000008a   Code   RO        10389    .text               c_w.l(rt_memcpy_v6.o)
    0x08001088   0x08001088   0x00000064   Code   RO        10391    .text               c_w.l(rt_memcpy_w.o)
    0x080010ec   0x080010ec   0x00000044   Code   RO        10395    .text               c_w.l(rt_memclr.o)
    0x08001130   0x08001130   0x0000004e   Code   RO        10397    .text               c_w.l(rt_memclr_w.o)
    0x0800117e   0x0800117e   0x00000006   Code   RO        10401    .text               c_w.l(heapauxi.o)
    0x08001184   0x08001184   0x00000008   Code   RO        10571    .text               c_w.l(rt_heap_descriptor_intlibspace.o)
    0x0800118c   0x0800118c   0x00000004   Code   RO        10573    .text               c_w.l(hguard.o)
    0x08001190   0x08001190   0x0000008a   Code   RO        10575    .text               c_w.l(init_alloc.o)
    0x0800121a   0x0800121a   0x0000000e   Code   RO        10579    .text               c_w.l(h1_init.o)
    0x08001228   0x08001228   0x00000016   Code   RO        10593    .text               c_w.l(_rserrno.o)
    0x0800123e   0x0800123e   0x00000002   PAD
    0x08001240   0x08001240   0x00000008   Code   RO        10758    .text               c_w.l(libspace.o)
    0x08001248   0x08001248   0x00000008   Code   RO        10781    .text               c_w.l(rt_errno_addr_intlibspace.o)
    0x08001250   0x08001250   0x00000034   Code   RO        10787    .text               c_w.l(h1_extend.o)
    0x08001284   0x08001284   0x00000030   Code   RO        10791    .text               c_w.l(_fptrap.o)
    0x080012b4   0x080012b4   0x0000000e   Code   RO        10793    .text               c_w.l(defsig_rtmem_outer.o)
    0x080012c2   0x080012c2   0x00000002   Code   RO        10810    .text               c_w.l(use_no_semi.o)
    0x080012c4   0x080012c4   0x00000000   Code   RO        10812    .text               c_w.l(indicate_semi.o)
    0x080012c4   0x080012c4   0x0000004a   Code   RO        10813    .text               c_w.l(sys_stackheap_outer.o)
    0x0800130e   0x0800130e   0x00000012   Code   RO        10819    .text               c_w.l(exit.o)
    0x08001320   0x08001320   0x0000000a   Code   RO        10821    .text               c_w.l(defsig_exit.o)
    0x0800132a   0x0800132a   0x0000000e   Code   RO        10823    .text               c_w.l(defsig_fpe_outer.o)
    0x08001338   0x08001338   0x00000050   Code   RO        10827    .text               c_w.l(defsig_rtmem_inner.o)
    0x08001388   0x08001388   0x0000000c   Code   RO        10839    .text               c_w.l(sys_exit.o)
    0x08001394   0x08001394   0x00000032   Code   RO        10849    .text               c_w.l(defsig_general.o)
    0x080013c6   0x080013c6   0x00000002   PAD
    0x080013c8   0x080013c8   0x000000ac   Code   RO        10851    .text               c_w.l(defsig_fpe_inner.o)
    0x08001474   0x08001474   0x0000000e   Code   RO        10871    .text               c_w.l(sys_wrch.o)
    0x08001482   0x08001482   0x00000002   PAD
    0x08001484   0x08001484   0x00000014   Code   RO         9586    i.BMI088_ACCEL_NS_H  bmi088middleware.o
    0x08001498   0x08001498   0x00000014   Code   RO         9587    i.BMI088_ACCEL_NS_L  bmi088middleware.o
    0x080014ac   0x080014ac   0x00000014   Code   RO         9588    i.BMI088_GYRO_NS_H  bmi088middleware.o
    0x080014c0   0x080014c0   0x00000014   Code   RO         9589    i.BMI088_GYRO_NS_L  bmi088middleware.o
    0x080014d4   0x080014d4   0x0000027c   Code   RO         9501    i.BMI088_Read       bmi088driver.o
    0x08001750   0x08001750   0x0000009c   Code   RO         9502    i.BMI088_init       bmi088driver.o
    0x080017ec   0x080017ec   0x00000026   Code   RO         9503    i.BMI088_read_muli_reg  bmi088driver.o
    0x08001812   0x08001812   0x00000018   Code   RO         9504    i.BMI088_read_single_reg  bmi088driver.o
    0x0800182a   0x0800182a   0x00000002   PAD
    0x0800182c   0x0800182c   0x00000024   Code   RO         9590    i.BMI088_read_write_byte  bmi088middleware.o
    0x08001850   0x08001850   0x00000014   Code   RO         9505    i.BMI088_write_single_reg  bmi088driver.o
    0x08001864   0x08001864   0x00000048   Code   RO         8612    i.BULLET_DATA       bsp_referee.o
    0x080018ac   0x080018ac   0x00000058   Code   RO         8536    i.Block_Detect      bsp_motor_encoder.o
    0x08001904   0x08001904   0x0000015a   Code   RO         6791    i.BodyFrameToEarthFrame  imu_task.o
    0x08001a5e   0x08001a5e   0x00000004   Code   RO          677    i.BusFault_Handler  stm32f4xx_it.o
    0x08001a62   0x08001a62   0x00000002   PAD
    0x08001a64   0x08001a64   0x00000010   Code   RO          678    i.CAN1_RX0_IRQHandler  stm32f4xx_it.o
    0x08001a74   0x08001a74   0x00000010   Code   RO          679    i.CAN2_RX0_IRQHandler  stm32f4xx_it.o
    0x08001a84   0x08001a84   0x0000014c   Code   RO         8538    i.CAN_DATA_Encoder_Deal  bsp_motor_encoder.o
    0x08001bd0   0x08001bd0   0x00000044   Code   RO         1021    i.CDC_Control_FS    usbd_cdc_if.o
    0x08001c14   0x08001c14   0x00000004   Code   RO         1022    i.CDC_DeInit_FS     usbd_cdc_if.o
    0x08001c18   0x08001c18   0x00000024   Code   RO         1023    i.CDC_Init_FS       usbd_cdc_if.o
    0x08001c3c   0x08001c3c   0x00000038   Code   RO         1024    i.CDC_Receive_FS    usbd_cdc_if.o
    0x08001c74   0x08001c74   0x0000000c   Code   RO         1025    i.CDC_TransmitCplt_FS  usbd_cdc_if.o
    0x08001c80   0x08001c80   0x00000038   Code   RO         1026    i.CDC_Transmit_FS   usbd_cdc_if.o
    0x08001cb8   0x08001cb8   0x0000004c   Code   RO         8613    i.CLIENT_DATA       bsp_referee.o
    0x08001d04   0x08001d04   0x00000050   Code   RO         8614    i.CLIENT_MAP_DATA   bsp_referee.o
    0x08001d54   0x08001d54   0x00000114   Code   RO         7942    i.CMD_Init          robot_cmd.o
    0x08001e68   0x08001e68   0x00000544   Code   RO         9506    i.Calibrate_MPU_Offset  bmi088driver.o
    0x080023ac   0x080023ac   0x000000cc   Code   RO         9325    i.Changing_Integration_Rate  pid.o
    0x08002478   0x08002478   0x00000048   Code   RO         8615    i.DART_CLIENT       bsp_referee.o
    0x080024c0   0x080024c0   0x0000004e   Code   RO         8616    i.DART_REAMAINING_TIME  bsp_referee.o
    0x0800250e   0x0800250e   0x00000002   PAD
    0x08002510   0x08002510   0x00000024   Code   RO         7742    i.DJIMotor_CAN_Recive_init  dji_motor.o
    0x08002534   0x08002534   0x00000130   Code   RO         7743    i.DJIMotor_Call_Back  dji_motor.o
    0x08002664   0x08002664   0x00000018   Code   RO         7744    i.DJIMotor_Can1_Call_Back  dji_motor.o
    0x0800267c   0x0800267c   0x00000018   Code   RO         7745    i.DJIMotor_Can2_Call_Back  dji_motor.o
    0x08002694   0x08002694   0x00000004   Code   RO         7746    i.DJIMotor_CanRx_Callback  dji_motor.o
    0x08002698   0x08002698   0x0000005c   Code   RO         7747    i.DJIMotor_Data_Deal  dji_motor.o
    0x080026f4   0x080026f4   0x000001ac   Code   RO         7748    i.DJIMotor_Init     dji_motor.o
    0x080028a0   0x080028a0   0x00000022   Code   RO         7753    i.DJIMotor_Set_val  dji_motor.o
    0x080028c2   0x080028c2   0x00000002   PAD
    0x080028c4   0x080028c4   0x000000cc   Code   RO         7754    i.DJMotor_Send_only_one  dji_motor.o
    0x08002990   0x08002990   0x00000010   Code   RO          680    i.DMA1_Stream1_IRQHandler  stm32f4xx_it.o
    0x080029a0   0x080029a0   0x00000010   Code   RO          681    i.DMA2_Stream0_IRQHandler  stm32f4xx_it.o
    0x080029b0   0x080029b0   0x00000010   Code   RO          682    i.DMA2_Stream1_IRQHandler  stm32f4xx_it.o
    0x080029c0   0x080029c0   0x00000010   Code   RO          683    i.DMA2_Stream3_IRQHandler  stm32f4xx_it.o
    0x080029d0   0x080029d0   0x00000010   Code   RO          684    i.DMA2_Stream6_IRQHandler  stm32f4xx_it.o
    0x080029e0   0x080029e0   0x00000034   Code   RO         2409    i.DMA_CalcBaseAndBitshift  stm32f4xx_hal_dma.o
    0x08002a14   0x08002a14   0x000000aa   Code   RO         2410    i.DMA_CheckFifoParam  stm32f4xx_hal_dma.o
    0x08002abe   0x08002abe   0x00000002   PAD
    0x08002ac0   0x08002ac0   0x00000030   Code   RO         9640    i.DWT_CNT_Update    bsp_dwt.o
    0x08002af0   0x08002af0   0x0000003c   Code   RO         9641    i.DWT_Delay         bsp_dwt.o
    0x08002b2c   0x08002b2c   0x0000004c   Code   RO         9642    i.DWT_GetDeltaT     bsp_dwt.o
    0x08002b78   0x08002b78   0x00000050   Code   RO         9644    i.DWT_GetTimeline_ms  bsp_dwt.o
    0x08002bc8   0x08002bc8   0x00000054   Code   RO         9645    i.DWT_GetTimeline_s  bsp_dwt.o
    0x08002c1c   0x08002c1c   0x00000068   Code   RO         9647    i.DWT_Init          bsp_dwt.o
    0x08002c84   0x08002c84   0x000000d0   Code   RO         9648    i.DWT_SysTimeUpdate  bsp_dwt.o
    0x08002d54   0x08002d54   0x000000c0   Code   RO         7943    i.Deal_Dr16_form_chassis  robot_cmd.o
    0x08002e14   0x08002e14   0x0000004c   Code   RO         7944    i.Deal_Fire_Set_Rpm  robot_cmd.o
    0x08002e60   0x08002e60   0x00000030   Code   RO         7946    i.Deal_Pitch_Limit_More  robot_cmd.o
    0x08002e90   0x08002e90   0x00000010   Code   RO         7947    i.Deal_Pitch_Limit_More_disconnect  robot_cmd.o
    0x08002ea0   0x08002ea0   0x00000002   Code   RO         7948    i.Deal_Pitch_Limit_More_online  robot_cmd.o
    0x08002ea2   0x08002ea2   0x00000002   PAD
    0x08002ea4   0x08002ea4   0x0000002c   Code   RO         7949    i.Deal_Shoot_Speed_form_chassis  robot_cmd.o
    0x08002ed0   0x08002ed0   0x00000002   Code   RO          685    i.DebugMon_Handler  stm32f4xx_it.o
    0x08002ed2   0x08002ed2   0x00000002   PAD
    0x08002ed4   0x08002ed4   0x000000d4   Code   RO         8373    i.ECF_CAN_Init      bsp_can.o
    0x08002fa8   0x08002fa8   0x00000060   Code   RO         8374    i.ECF_CAN_Rx_Callback_Register  bsp_can.o
    0x08003008   0x08003008   0x0000001c   Code   RO         6792    i.ECF_IMU_Task      imu_task.o
    0x08003024   0x08003024   0x000000cc   Code   RO         6793    i.ECF_INS_Init      imu_task.o
    0x080030f0   0x080030f0   0x00000334   Code   RO         6794    i.ECF_INS_Task      imu_task.o
    0x08003424   0x08003424   0x0000001c   Code   RO         8421    i.ECF_RC_Init       bsp_dr16.o
    0x08003440   0x08003440   0x00000028   Code   RO         8422    i.ECF_RC_UART_Handler  bsp_dr16.o
    0x08003468   0x08003468   0x0000001c   Code   RO         8617    i.ECF_referee_uart_init  bsp_referee.o
    0x08003484   0x08003484   0x0000003c   Code   RO         8618    i.EVENT_DATA        bsp_referee.o
    0x080034c0   0x080034c0   0x0000000a   Code   RO          686    i.EXTI4_IRQHandler  stm32f4xx_it.o
    0x080034ca   0x080034ca   0x0000000a   Code   RO          687    i.EXTI9_5_IRQHandler  stm32f4xx_it.o
    0x080034d4   0x080034d4   0x0000015a   Code   RO         6795    i.EarthFrameToBodyFrame  imu_task.o
    0x0800362e   0x0800362e   0x00000074   Code   RO         8540    i.Encoder_Init      bsp_motor_encoder.o
    0x080036a2   0x080036a2   0x0000000e   Code   RO         8541    i.Encoder_Struct_Zero  bsp_motor_encoder.o
    0x080036b0   0x080036b0   0x00000006   Code   RO            4    i.Error_Handler     main.o
    0x080036b6   0x080036b6   0x00000002   PAD
    0x080036b8   0x080036b8   0x000000ac   Code   RO         6946    i.FIRE_TASK         fire_task.o
    0x08003764   0x08003764   0x00000078   Code   RO         7449    i.Flash_fire_bias_time  virtual_task.o
    0x080037dc   0x080037dc   0x00000060   Code   RO         8619    i.GAME_RESULT       bsp_referee.o
    0x0800383c   0x0800383c   0x00000056   Code   RO         8620    i.GAME_STATUS       bsp_referee.o
    0x08003892   0x08003892   0x00000002   PAD
    0x08003894   0x08003894   0x0000023c   Code   RO         7260    i.GIMBAL_TASK       gimbal_task.o
    0x08003ad0   0x08003ad0   0x0000003e   Code   RO         8621    i.GROUND_ROBOT_POSITION  bsp_referee.o
    0x08003b0e   0x08003b0e   0x00000002   PAD
    0x08003b10   0x08003b10   0x0000002c   Code   RO         7261    i.GetCCR            gimbal_task.o
    0x08003b3c   0x08003b3c   0x00000034   Code   RO         8836    i.Get_CRC16_Check_Sum  crc.o
    0x08003b70   0x08003b70   0x00000024   Code   RO         8837    i.Get_CRC8_Check_Sum  crc.o
    0x08003b94   0x08003b94   0x00000030   Code   RO         7950    i.Get_Gimbal_CMD_point  robot_cmd.o
    0x08003bc4   0x08003bc4   0x0000005c   Code   RO         9411    i.Get_Lost_outpost_time  ou_visionpro.o
    0x08003c20   0x08003c20   0x00000034   Code   RO          931    i.Get_SerialNum     usbd_desc.o
    0x08003c54   0x08003c54   0x0000000c   Code   RO         7450    i.Get_Virtual_task_init_falg  virtual_task.o
    0x08003c60   0x08003c60   0x00000008   Code   RO         8622    i.Get_referee_Address  bsp_referee.o
    0x08003c68   0x08003c68   0x00000100   Code   RO         7951    i.Gimbal_Angle_Set  robot_cmd.o
    0x08003d68   0x08003d68   0x000003cc   Code   RO         7952    i.Gimbal_CMD_Set    robot_cmd.o
    0x08004134   0x08004134   0x00000040   Code   RO         7953    i.Gimbal_Deal_TLcontrol  robot_cmd.o
    0x08004174   0x08004174   0x00000060   Code   RO         7954    i.Gimbal_Fire_State_Set  robot_cmd.o
    0x080041d4   0x080041d4   0x000002f8   Code   RO         7262    i.Gimbal_Init       gimbal_task.o
    0x080044cc   0x080044cc   0x0000002c   Code   RO         7263    i.Gimbal_Not_Work   gimbal_task.o
    0x080044f8   0x080044f8   0x0000000c   Code   RO         7955    i.Gimbal_Pitch_Lock  robot_cmd.o
    0x08004504   0x08004504   0x00000014   Code   RO         7956    i.Gimbal_Pitch_Set_Encoder  robot_cmd.o
    0x08004518   0x08004518   0x00000014   Code   RO         7957    i.Gimbal_Pitch_Set_IMU  robot_cmd.o
    0x0800452c   0x0800452c   0x00000034   Code   RO         7264    i.Gimbal_Work       gimbal_task.o
    0x08004560   0x08004560   0x00000090   Code   RO         7958    i.Gimbal_Work_State_Set  robot_cmd.o
    0x080045f0   0x080045f0   0x0000000c   Code   RO         7959    i.Gimbal_Yaw_Lock   robot_cmd.o
    0x080045fc   0x080045fc   0x00000014   Code   RO         7960    i.Gimbal_Yaw_Set_Encoder  robot_cmd.o
    0x08004610   0x08004610   0x00000014   Code   RO         7961    i.Gimbal_Yaw_Set_IMU  robot_cmd.o
    0x08004624   0x08004624   0x0000002a   Code   RO         3088    i.HAL_CAN_ActivateNotification  stm32f4xx_hal_can.o
    0x0800464e   0x0800464e   0x00000156   Code   RO         3089    i.HAL_CAN_AddTxMessage  stm32f4xx_hal_can.o
    0x080047a4   0x080047a4   0x00000124   Code   RO         3090    i.HAL_CAN_ConfigFilter  stm32f4xx_hal_can.o
    0x080048c8   0x080048c8   0x00000002   Code   RO         3093    i.HAL_CAN_ErrorCallback  stm32f4xx_hal_can.o
    0x080048ca   0x080048ca   0x0000017a   Code   RO         3096    i.HAL_CAN_GetRxMessage  stm32f4xx_hal_can.o
    0x08004a44   0x08004a44   0x0000024e   Code   RO         3100    i.HAL_CAN_IRQHandler  stm32f4xx_hal_can.o
    0x08004c92   0x08004c92   0x00000174   Code   RO         3101    i.HAL_CAN_Init      stm32f4xx_hal_can.o
    0x08004e06   0x08004e06   0x00000002   PAD
    0x08004e08   0x08004e08   0x00000160   Code   RO          449    i.HAL_CAN_MspInit   can.o
    0x08004f68   0x08004f68   0x00000002   Code   RO         3108    i.HAL_CAN_RxFifo0FullCallback  stm32f4xx_hal_can.o
    0x08004f6a   0x08004f6a   0x00000002   PAD
    0x08004f6c   0x08004f6c   0x0000009c   Code   RO         8376    i.HAL_CAN_RxFifo0MsgPendingCallback  bsp_can.o
    0x08005008   0x08005008   0x00000002   Code   RO         3110    i.HAL_CAN_RxFifo1FullCallback  stm32f4xx_hal_can.o
    0x0800500a   0x0800500a   0x00000002   Code   RO         3111    i.HAL_CAN_RxFifo1MsgPendingCallback  stm32f4xx_hal_can.o
    0x0800500c   0x0800500c   0x00000002   Code   RO         3112    i.HAL_CAN_SleepCallback  stm32f4xx_hal_can.o
    0x0800500e   0x0800500e   0x0000005e   Code   RO         3113    i.HAL_CAN_Start     stm32f4xx_hal_can.o
    0x0800506c   0x0800506c   0x00000002   Code   RO         3115    i.HAL_CAN_TxMailbox0AbortCallback  stm32f4xx_hal_can.o
    0x0800506e   0x0800506e   0x00000002   Code   RO         3116    i.HAL_CAN_TxMailbox0CompleteCallback  stm32f4xx_hal_can.o
    0x08005070   0x08005070   0x00000002   Code   RO         3117    i.HAL_CAN_TxMailbox1AbortCallback  stm32f4xx_hal_can.o
    0x08005072   0x08005072   0x00000002   Code   RO         3118    i.HAL_CAN_TxMailbox1CompleteCallback  stm32f4xx_hal_can.o
    0x08005074   0x08005074   0x00000002   Code   RO         3119    i.HAL_CAN_TxMailbox2AbortCallback  stm32f4xx_hal_can.o
    0x08005076   0x08005076   0x00000002   Code   RO         3120    i.HAL_CAN_TxMailbox2CompleteCallback  stm32f4xx_hal_can.o
    0x08005078   0x08005078   0x00000002   Code   RO         3122    i.HAL_CAN_WakeUpFromRxMsgCallback  stm32f4xx_hal_can.o
    0x0800507a   0x0800507a   0x000000ac   Code   RO         2412    i.HAL_DMA_Abort     stm32f4xx_hal_dma.o
    0x08005126   0x08005126   0x00000028   Code   RO         2413    i.HAL_DMA_Abort_IT  stm32f4xx_hal_dma.o
    0x0800514e   0x0800514e   0x00000002   PAD
    0x08005150   0x08005150   0x00000240   Code   RO         2417    i.HAL_DMA_IRQHandler  stm32f4xx_hal_dma.o
    0x08005390   0x08005390   0x000000ec   Code   RO         2418    i.HAL_DMA_Init      stm32f4xx_hal_dma.o
    0x0800547c   0x0800547c   0x00000028   Code   RO         2836    i.HAL_Delay         stm32f4xx_hal.o
    0x080054a4   0x080054a4   0x00000002   Code   RO         2303    i.HAL_GPIO_EXTI_Callback  stm32f4xx_hal_gpio.o
    0x080054a6   0x080054a6   0x00000002   PAD
    0x080054a8   0x080054a8   0x0000001c   Code   RO         2304    i.HAL_GPIO_EXTI_IRQHandler  stm32f4xx_hal_gpio.o
    0x080054c4   0x080054c4   0x000001f4   Code   RO         2305    i.HAL_GPIO_Init     stm32f4xx_hal_gpio.o
    0x080056b8   0x080056b8   0x0000000c   Code   RO         2309    i.HAL_GPIO_WritePin  stm32f4xx_hal_gpio.o
    0x080056c4   0x080056c4   0x0000000c   Code   RO         2842    i.HAL_GetTick       stm32f4xx_hal.o
    0x080056d0   0x080056d0   0x00000018   Code   RO         2848    i.HAL_IncTick       stm32f4xx_hal.o
    0x080056e8   0x080056e8   0x0000003c   Code   RO         2849    i.HAL_Init          stm32f4xx_hal.o
    0x08005724   0x08005724   0x000000a0   Code   RO          837    i.HAL_InitTick      stm32f4xx_hal_timebase_tim.o
    0x080057c4   0x080057c4   0x00000054   Code   RO          813    i.HAL_MspInit       stm32f4xx_hal_msp.o
    0x08005818   0x08005818   0x00000020   Code   RO         2694    i.HAL_NVIC_EnableIRQ  stm32f4xx_hal_cortex.o
    0x08005838   0x08005838   0x0000007c   Code   RO         2700    i.HAL_NVIC_SetPriority  stm32f4xx_hal_cortex.o
    0x080058b4   0x080058b4   0x00000028   Code   RO         2701    i.HAL_NVIC_SetPriorityGrouping  stm32f4xx_hal_cortex.o
    0x080058dc   0x080058dc   0x00000002   Code   RO         1553    i.HAL_PCDEx_LPM_Callback  stm32f4xx_hal_pcd_ex.o
    0x080058de   0x080058de   0x0000000a   Code   RO         1554    i.HAL_PCDEx_SetRxFiFo  stm32f4xx_hal_pcd_ex.o
    0x080058e8   0x080058e8   0x0000004e   Code   RO         1555    i.HAL_PCDEx_SetTxFiFo  stm32f4xx_hal_pcd_ex.o
    0x08005936   0x08005936   0x0000000e   Code   RO         1102    i.HAL_PCD_ConnectCallback  usbd_conf.o
    0x08005944   0x08005944   0x00000020   Code   RO         1103    i.HAL_PCD_DataInStageCallback  usbd_conf.o
    0x08005964   0x08005964   0x00000020   Code   RO         1104    i.HAL_PCD_DataOutStageCallback  usbd_conf.o
    0x08005984   0x08005984   0x0000000e   Code   RO         1105    i.HAL_PCD_DisconnectCallback  usbd_conf.o
    0x08005992   0x08005992   0x00000042   Code   RO         1318    i.HAL_PCD_EP_Abort  stm32f4xx_hal_pcd.o
    0x080059d4   0x080059d4   0x0000006a   Code   RO         1319    i.HAL_PCD_EP_Close  stm32f4xx_hal_pcd.o
    0x08005a3e   0x08005a3e   0x0000007c   Code   RO         1320    i.HAL_PCD_EP_ClrStall  stm32f4xx_hal_pcd.o
    0x08005aba   0x08005aba   0x00000016   Code   RO         1322    i.HAL_PCD_EP_GetRxCount  stm32f4xx_hal_pcd.o
    0x08005ad0   0x08005ad0   0x0000008c   Code   RO         1323    i.HAL_PCD_EP_Open   stm32f4xx_hal_pcd.o
    0x08005b5c   0x08005b5c   0x00000058   Code   RO         1324    i.HAL_PCD_EP_Receive  stm32f4xx_hal_pcd.o
    0x08005bb4   0x08005bb4   0x0000008a   Code   RO         1325    i.HAL_PCD_EP_SetStall  stm32f4xx_hal_pcd.o
    0x08005c3e   0x08005c3e   0x0000005a   Code   RO         1326    i.HAL_PCD_EP_Transmit  stm32f4xx_hal_pcd.o
    0x08005c98   0x08005c98   0x000006ca   Code   RO         1328    i.HAL_PCD_IRQHandler  stm32f4xx_hal_pcd.o
    0x08006362   0x08006362   0x00000012   Code   RO         1106    i.HAL_PCD_ISOINIncompleteCallback  usbd_conf.o
    0x08006374   0x08006374   0x00000012   Code   RO         1107    i.HAL_PCD_ISOOUTIncompleteCallback  usbd_conf.o
    0x08006386   0x08006386   0x00000166   Code   RO         1331    i.HAL_PCD_Init      stm32f4xx_hal_pcd.o
    0x080064ec   0x080064ec   0x000000a8   Code   RO         1109    i.HAL_PCD_MspInit   usbd_conf.o
    0x08006594   0x08006594   0x00000030   Code   RO         1110    i.HAL_PCD_ResetCallback  usbd_conf.o
    0x080065c4   0x080065c4   0x0000000e   Code   RO         1111    i.HAL_PCD_ResumeCallback  usbd_conf.o
    0x080065d2   0x080065d2   0x0000000e   Code   RO         1112    i.HAL_PCD_SOFCallback  usbd_conf.o
    0x080065e0   0x080065e0   0x00000036   Code   RO         1337    i.HAL_PCD_SetAddress  stm32f4xx_hal_pcd.o
    0x08006616   0x08006616   0x00000012   Code   RO         1113    i.HAL_PCD_SetupStageCallback  usbd_conf.o
    0x08006628   0x08006628   0x0000004a   Code   RO         1340    i.HAL_PCD_Start     stm32f4xx_hal_pcd.o
    0x08006672   0x08006672   0x00000002   PAD
    0x08006674   0x08006674   0x00000034   Code   RO         1114    i.HAL_PCD_SuspendCallback  usbd_conf.o
    0x080066a8   0x080066a8   0x00000184   Code   RO         1906    i.HAL_RCC_ClockConfig  stm32f4xx_hal_rcc.o
    0x0800682c   0x0800682c   0x00000044   Code   RO         1910    i.HAL_RCC_GetClockConfig  stm32f4xx_hal_rcc.o
    0x08006870   0x08006870   0x0000000c   Code   RO         1911    i.HAL_RCC_GetHCLKFreq  stm32f4xx_hal_rcc.o
    0x0800687c   0x0800687c   0x00000020   Code   RO         1913    i.HAL_RCC_GetPCLK1Freq  stm32f4xx_hal_rcc.o
    0x0800689c   0x0800689c   0x00000020   Code   RO         1914    i.HAL_RCC_GetPCLK2Freq  stm32f4xx_hal_rcc.o
    0x080068bc   0x080068bc   0x000000b0   Code   RO         1915    i.HAL_RCC_GetSysClockFreq  stm32f4xx_hal_rcc.o
    0x0800696c   0x0800696c   0x0000049c   Code   RO         1918    i.HAL_RCC_OscConfig  stm32f4xx_hal_rcc.o
    0x08006e08   0x08006e08   0x000000c8   Code   RO         3332    i.HAL_SPI_Init      stm32f4xx_hal_spi.o
    0x08006ed0   0x08006ed0   0x00000158   Code   RO          522    i.HAL_SPI_MspInit   spi.o
    0x08007028   0x08007028   0x0000022a   Code   RO         3341    i.HAL_SPI_TransmitReceive  stm32f4xx_hal_spi.o
    0x08007252   0x08007252   0x00000002   Code   RO         4360    i.HAL_TIMEx_BreakCallback  stm32f4xx_hal_tim_ex.o
    0x08007254   0x08007254   0x00000002   Code   RO         4361    i.HAL_TIMEx_CommutCallback  stm32f4xx_hal_tim_ex.o
    0x08007256   0x08007256   0x00000074   Code   RO         4363    i.HAL_TIMEx_ConfigBreakDeadTime  stm32f4xx_hal_tim_ex.o
    0x080072ca   0x080072ca   0x00000002   PAD
    0x080072cc   0x080072cc   0x000000b4   Code   RO         4379    i.HAL_TIMEx_MasterConfigSynchronization  stm32f4xx_hal_tim_ex.o
    0x08007380   0x08007380   0x00000066   Code   RO         3645    i.HAL_TIM_Base_Init  stm32f4xx_hal_tim.o
    0x080073e6   0x080073e6   0x00000002   PAD
    0x080073e8   0x080073e8   0x000000d4   Code   RO          564    i.HAL_TIM_Base_MspInit  tim.o
    0x080074bc   0x080074bc   0x000000a8   Code   RO         3650    i.HAL_TIM_Base_Start_IT  stm32f4xx_hal_tim.o
    0x08007564   0x08007564   0x0000010c   Code   RO         3654    i.HAL_TIM_ConfigClockSource  stm32f4xx_hal_tim.o
    0x08007670   0x08007670   0x00000002   Code   RO         3679    i.HAL_TIM_IC_CaptureCallback  stm32f4xx_hal_tim.o
    0x08007672   0x08007672   0x00000196   Code   RO         3693    i.HAL_TIM_IRQHandler  stm32f4xx_hal_tim.o
    0x08007808   0x08007808   0x0000014c   Code   RO          565    i.HAL_TIM_MspPostInit  tim.o
    0x08007954   0x08007954   0x00000002   Code   RO         3696    i.HAL_TIM_OC_DelayElapsedCallback  stm32f4xx_hal_tim.o
    0x08007956   0x08007956   0x00000104   Code   RO         3717    i.HAL_TIM_PWM_ConfigChannel  stm32f4xx_hal_tim.o
    0x08007a5a   0x08007a5a   0x00000066   Code   RO         3720    i.HAL_TIM_PWM_Init  stm32f4xx_hal_tim.o
    0x08007ac0   0x08007ac0   0x00000002   Code   RO         3722    i.HAL_TIM_PWM_MspInit  stm32f4xx_hal_tim.o
    0x08007ac2   0x08007ac2   0x00000002   Code   RO         3723    i.HAL_TIM_PWM_PulseFinishedCallback  stm32f4xx_hal_tim.o
    0x08007ac4   0x08007ac4   0x0000010c   Code   RO         3725    i.HAL_TIM_PWM_Start  stm32f4xx_hal_tim.o
    0x08007bd0   0x08007bd0   0x00000018   Code   RO            5    i.HAL_TIM_PeriodElapsedCallback  main.o
    0x08007be8   0x08007be8   0x00000002   Code   RO         3736    i.HAL_TIM_TriggerCallback  stm32f4xx_hal_tim.o
    0x08007bea   0x08007bea   0x00000002   Code   RO         4638    i.HAL_UARTEx_RxEventCallback  stm32f4xx_hal_uart.o
    0x08007bec   0x08007bec   0x00000002   Code   RO         4652    i.HAL_UART_ErrorCallback  stm32f4xx_hal_uart.o
    0x08007bee   0x08007bee   0x00000002   PAD
    0x08007bf0   0x08007bf0   0x000002e0   Code   RO         4655    i.HAL_UART_IRQHandler  stm32f4xx_hal_uart.o
    0x08007ed0   0x08007ed0   0x00000072   Code   RO         4656    i.HAL_UART_Init     stm32f4xx_hal_uart.o
    0x08007f42   0x08007f42   0x00000002   PAD
    0x08007f44   0x08007f44   0x000001f4   Code   RO          630    i.HAL_UART_MspInit  usart.o
    0x08008138   0x08008138   0x00000002   Code   RO         4662    i.HAL_UART_RxCpltCallback  stm32f4xx_hal_uart.o
    0x0800813a   0x0800813a   0x00000002   Code   RO         4667    i.HAL_UART_TxCpltCallback  stm32f4xx_hal_uart.o
    0x0800813c   0x0800813c   0x00000046   Code   RO         8623    i.HURT_DATA         bsp_referee.o
    0x08008182   0x08008182   0x00000002   PAD
    0x08008184   0x08008184   0x00000130   Code   RO         9744    i.H_K_R_Adjustment  kalman_filter.o
    0x080082b4   0x080082b4   0x00000004   Code   RO          688    i.HardFault_Handler  stm32f4xx_it.o
    0x080082b8   0x080082b8   0x000000d4   Code   RO         7265    i.IMU_PITCH_Angle_Set_Limit  gimbal_task.o
    0x0800838c   0x0800838c   0x00000374   Code   RO         6797    i.IMU_Param_Correction  imu_task.o
    0x08008700   0x08008700   0x00000120   Code   RO         9821    i.IMU_QuaternionEKF_Init  quaternionekf.o
    0x08008820   0x08008820   0x00000034   Code   RO         9822    i.IMU_QuaternionEKF_Observe  quaternionekf.o
    0x08008854   0x08008854   0x00000128   Code   RO         9823    i.IMU_QuaternionEKF_SetH  quaternionekf.o
    0x0800897c   0x0800897c   0x00000634   Code   RO         9824    i.IMU_QuaternionEKF_Update  quaternionekf.o
    0x08008fb0   0x08008fb0   0x00000240   Code   RO         9825    i.IMU_QuaternionEKF_User_Func1  quaternionekf.o
    0x080091f0   0x080091f0   0x00000520   Code   RO         9826    i.IMU_QuaternionEKF_xhatUpdate  quaternionekf.o
    0x08009710   0x08009710   0x00000074   Code   RO         6798    i.IMU_Temperature_Ctrl  imu_task.o
    0x08009784   0x08009784   0x00000042   Code   RO         8624    i.INTERACT_HEADER   bsp_referee.o
    0x080097c6   0x080097c6   0x0000003e   Code   RO          932    i.IntToUnicode      usbd_desc.o
    0x08009804   0x08009804   0x0000070c   Code   RO         9745    i.Kalman_Filter_Init  kalman_filter.o
    0x08009f10   0x08009f10   0x00000050   Code   RO         9746    i.Kalman_Filter_Measure  kalman_filter.o
    0x08009f60   0x08009f60   0x00000068   Code   RO         9747    i.Kalman_Filter_P_Update  kalman_filter.o
    0x08009fc8   0x08009fc8   0x00000068   Code   RO         9748    i.Kalman_Filter_PminusUpdate  kalman_filter.o
    0x0800a030   0x0800a030   0x000000d2   Code   RO         9749    i.Kalman_Filter_SetK  kalman_filter.o
    0x0800a102   0x0800a102   0x00000002   PAD
    0x0800a104   0x0800a104   0x00000128   Code   RO         9750    i.Kalman_Filter_Update  kalman_filter.o
    0x0800a22c   0x0800a22c   0x0000007c   Code   RO         9751    i.Kalman_Filter_xhatMinusUpdate  kalman_filter.o
    0x0800a2a8   0x0800a2a8   0x00000086   Code   RO         9752    i.Kalman_Filter_xhatUpdate  kalman_filter.o
    0x0800a32e   0x0800a32e   0x00000002   PAD
    0x0800a330   0x0800a330   0x00000060   Code   RO         9168    i.LQR_Calculate     lqr.o
    0x0800a390   0x0800a390   0x00000022   Code   RO         9170    i.LQR_Data_Update   lqr.o
    0x0800a3b2   0x0800a3b2   0x0000005a   Code   RO         9171    i.LQR_Init          lqr.o
    0x0800a40c   0x0800a40c   0x00000024   Code   RO         7602    i.MI_Motor_CAN_Recive_init  cybergear_motor.o
    0x0800a430   0x0800a430   0x00000044   Code   RO         7603    i.MI_Motor_Can1_Call_Back  cybergear_motor.o
    0x0800a474   0x0800a474   0x00000044   Code   RO         7604    i.MI_Motor_Can2_Call_Back  cybergear_motor.o
    0x0800a4b8   0x0800a4b8   0x00000004   Code   RO         7605    i.MI_Motor_CanRx_Callback  cybergear_motor.o
    0x0800a4bc   0x0800a4bc   0x00000040   Code   RO         7606    i.MI_Motor_CanTx    cybergear_motor.o
    0x0800a4fc   0x0800a4fc   0x00000118   Code   RO         7611    i.MI_motor_controlmode  cybergear_motor.o
    0x0800a614   0x0800a614   0x00000048   Code   RO         7612    i.MI_motor_enable   cybergear_motor.o
    0x0800a65c   0x0800a65c   0x00000094   Code   RO         7614    i.MI_motor_init     cybergear_motor.o
    0x0800a6f0   0x0800a6f0   0x0000028c   Code   RO         7615    i.MI_motor_recive_callback  cybergear_motor.o
    0x0800a97c   0x0800a97c   0x0000003e   Code   RO         7617    i.MI_motor_stop     cybergear_motor.o
    0x0800a9ba   0x0800a9ba   0x00000002   PAD
    0x0800a9bc   0x0800a9bc   0x000000dc   Code   RO         7557    i.MUSIC_TASK        music_task.o
    0x0800aa98   0x0800aa98   0x00000048   Code   RO          450    i.MX_CAN1_Init      can.o
    0x0800aae0   0x0800aae0   0x00000048   Code   RO          451    i.MX_CAN2_Init      can.o
    0x0800ab28   0x0800ab28   0x00000098   Code   RO          497    i.MX_DMA_Init       dma.o
    0x0800abc0   0x0800abc0   0x000000d0   Code   RO          335    i.MX_FREERTOS_Init  freertos.o
    0x0800ac90   0x0800ac90   0x000001a8   Code   RO          311    i.MX_GPIO_Init      gpio.o
    0x0800ae38   0x0800ae38   0x00000048   Code   RO          523    i.MX_SPI1_Init      spi.o
    0x0800ae80   0x0800ae80   0x00000070   Code   RO          566    i.MX_TIM10_Init     tim.o
    0x0800aef0   0x0800aef0   0x000000a4   Code   RO          567    i.MX_TIM4_Init      tim.o
    0x0800af94   0x0800af94   0x000000c0   Code   RO          568    i.MX_TIM5_Init      tim.o
    0x0800b054   0x0800b054   0x000000dc   Code   RO          569    i.MX_TIM8_Init      tim.o
    0x0800b130   0x0800b130   0x0000003c   Code   RO          631    i.MX_USART3_UART_Init  usart.o
    0x0800b16c   0x0800b16c   0x00000038   Code   RO          632    i.MX_USART6_UART_Init  usart.o
    0x0800b1a4   0x0800b1a4   0x0000004c   Code   RO          883    i.MX_USB_DEVICE_Init  usb_device.o
    0x0800b1f0   0x0800b1f0   0x00000004   Code   RO          689    i.MemManage_Handler  stm32f4xx_it.o
    0x0800b1f4   0x0800b1f4   0x00000148   Code   RO         7266    i.Motor_Choice_Lock_Type  gimbal_task.o
    0x0800b33c   0x0800b33c   0x00000024   Code   RO         7558    i.Music_choice      music_task.o
    0x0800b360   0x0800b360   0x00000004   Code   RO          690    i.NMI_Handler       stm32f4xx_it.o
    0x0800b364   0x0800b364   0x00000010   Code   RO          691    i.OTG_FS_IRQHandler  stm32f4xx_it.o
    0x0800b374   0x0800b374   0x00000064   Code   RO         1344    i.PCD_EP_OutSetupPacket_int  stm32f4xx_hal_pcd.o
    0x0800b3d8   0x0800b3d8   0x00000144   Code   RO         1345    i.PCD_EP_OutXfrComplete_int  stm32f4xx_hal_pcd.o
    0x0800b51c   0x0800b51c   0x000000b6   Code   RO         1346    i.PCD_WriteEmptyTxFifo  stm32f4xx_hal_pcd.o
    0x0800b5d2   0x0800b5d2   0x00000002   PAD
    0x0800b5d4   0x0800b5d4   0x00000058   Code   RO         8625    i.PICTURE_TRANSMISSION  bsp_referee.o
    0x0800b62c   0x0800b62c   0x00000042   Code   RO         8626    i.POWER_HEAT        bsp_referee.o
    0x0800b66e   0x0800b66e   0x00000002   PAD
    0x0800b670   0x0800b670   0x0000059c   Code   RO         7267    i.Photo_Control     gimbal_task.o
    0x0800bc0c   0x0800bc0c   0x0000000c   Code   RO         7268    i.Photo_motor_CanRx_callback  gimbal_task.o
    0x0800bc18   0x0800bc18   0x000001e2   Code   RO         9326    i.PidCalculate      pid.o
    0x0800bdfa   0x0800bdfa   0x0000003e   Code   RO         9327    i.PidInit           pid.o
    0x0800be38   0x0800be38   0x0000009c   Code   RO         9328    i.PidInitMode       pid.o
    0x0800bed4   0x0800bed4   0x000002c8   Code   RO         7269    i.Pitch_Calc        gimbal_task.o
    0x0800c19c   0x0800c19c   0x00000046   Code   RO         8627    i.RADAR_CMD         bsp_referee.o
    0x0800c1e2   0x0800c1e2   0x00000046   Code   RO         8628    i.RADAR_INFO        bsp_referee.o
    0x0800c228   0x0800c228   0x00000048   Code   RO         8629    i.RADAR_MARK        bsp_referee.o
    0x0800c270   0x0800c270   0x00000106   Code   RO         8425    i.RC_DataProcess    bsp_dr16.o
    0x0800c376   0x0800c376   0x00000002   PAD
    0x0800c378   0x0800c378   0x00000008   Code   RO         8427    i.RC_Get_RC_Pointer  bsp_dr16.o
    0x0800c380   0x0800c380   0x00000088   Code   RO         8428    i.RC_Init           bsp_dr16.o
    0x0800c408   0x0800c408   0x00000110   Code   RO         8430    i.RC_UART_IRQHandler  bsp_dr16.o
    0x0800c518   0x0800c518   0x00000148   Code   RO         8630    i.REFEREE_UART_IRQHandler  bsp_referee.o
    0x0800c660   0x0800c660   0x0000004e   Code   RO         8631    i.REFEREE_WARNING   bsp_referee.o
    0x0800c6ae   0x0800c6ae   0x0000003c   Code   RO         8632    i.RFID_STATUS       bsp_referee.o
    0x0800c6ea   0x0800c6ea   0x00000002   PAD
    0x0800c6ec   0x0800c6ec   0x000000b4   Code   RO         7270    i.RGB_LED           gimbal_task.o
    0x0800c7a0   0x0800c7a0   0x00000048   Code   RO         8633    i.ROBOT_BUFF        bsp_referee.o
    0x0800c7e8   0x0800c7e8   0x00000054   Code   RO         8634    i.ROBOT_HP          bsp_referee.o
    0x0800c83c   0x0800c83c   0x0000004c   Code   RO         8635    i.ROBOT_POSITION    bsp_referee.o
    0x0800c888   0x0800c888   0x00000042   Code   RO         8636    i.ROBOT_STATUS      bsp_referee.o
    0x0800c8ca   0x0800c8ca   0x00000002   PAD
    0x0800c8cc   0x0800c8cc   0x0000009c   Code   RO         9086    i.Recursive_ave_filter  filter.o
    0x0800c968   0x0800c968   0x00000044   Code   RO         9087    i.Recursive_ave_filter_init  filter.o
    0x0800c9ac   0x0800c9ac   0x000002c0   Code   RO         8637    i.RefereeDataDeal   bsp_referee.o
    0x0800cc6c   0x0800cc6c   0x0000005c   Code   RO         6892    i.SAFE_TASK         safe_task.o
    0x0800ccc8   0x0800ccc8   0x0000003c   Code   RO         8638    i.SENTRY_CMD        bsp_referee.o
    0x0800cd04   0x0800cd04   0x0000003c   Code   RO         8639    i.SENTRY_INFO       bsp_referee.o
    0x0800cd40   0x0800cd40   0x0000004e   Code   RO         8640    i.SHOOT_DATA        bsp_referee.o
    0x0800cd8e   0x0800cd8e   0x00000002   PAD
    0x0800cd90   0x0800cd90   0x0000006c   Code   RO         3370    i.SPI_EndRxTxTransaction  stm32f4xx_hal_spi.o
    0x0800cdfc   0x0800cdfc   0x000000d8   Code   RO         3375    i.SPI_WaitFlagStateUntilTimeout  stm32f4xx_hal_spi.o
    0x0800ced4   0x0800ced4   0x0000003c   Code   RO         8641    i.SUPPLY_PROJECTILE_ACTION  bsp_referee.o
    0x0800cf10   0x0800cf10   0x00000012   Code   RO         6523    i.SWAPBYTE          usbd_ctlreq.o
    0x0800cf22   0x0800cf22   0x00000002   PAD
    0x0800cf24   0x0800cf24   0x00000038   Code   RO         6893    i.Safe_Init         safe_task.o
    0x0800cf5c   0x0800cf5c   0x0000001e   Code   RO         6896    i.Safe_Task_online_ptr_  safe_task.o
    0x0800cf7a   0x0800cf7a   0x00000002   PAD
    0x0800cf7c   0x0800cf7c   0x00000068   Code   RO         6897    i.Safe_task_add     safe_task.o
    0x0800cfe4   0x0800cfe4   0x000000f0   Code   RO         7963    i.Send_Chassis_vision_fire_static  robot_cmd.o
    0x0800d0d4   0x0800d0d4   0x00000084   Code   RO         7965    i.Send_Fire_Motor_Speed  robot_cmd.o
    0x0800d158   0x0800d158   0x00000064   Code   RO         7966    i.Send_Fire_Set_Rpm  robot_cmd.o
    0x0800d1bc   0x0800d1bc   0x0000005c   Code   RO         7271    i.Send_Photo_Current  gimbal_task.o
    0x0800d218   0x0800d218   0x0000006c   Code   RO         7967    i.Send_TC_to_Chassis  robot_cmd.o
    0x0800d284   0x0800d284   0x0000000c   Code   RO         7968    i.Set_Fire_Open_State  robot_cmd.o
    0x0800d290   0x0800d290   0x0000000c   Code   RO         7969    i.Set_Pitch_Motor_down_encoder  robot_cmd.o
    0x0800d29c   0x0800d29c   0x000000f0   Code   RO         6948    i.Shoot_Check       fire_task.o
    0x0800d38c   0x0800d38c   0x0000000e   Code   RO          336    i.StartDefaultTask  freertos.o
    0x0800d39a   0x0800d39a   0x00000002   PAD
    0x0800d39c   0x0800d39c   0x00000034   Code   RO         6282    i.SysTick_Handler   port.o
    0x0800d3d0   0x0800d3d0   0x000000b4   Code   RO            6    i.SystemClock_Config  main.o
    0x0800d484   0x0800d484   0x00000014   Code   RO         4995    i.SystemInit        system_stm32f4xx.o
    0x0800d498   0x0800d498   0x00000018   Code   RO          692    i.TIM1_UP_TIM10_IRQHandler  stm32f4xx_it.o
    0x0800d4b0   0x0800d4b0   0x000000d8   Code   RO         3738    i.TIM_Base_SetConfig  stm32f4xx_hal_tim.o
    0x0800d588   0x0800d588   0x00000022   Code   RO         3739    i.TIM_CCxChannelCmd  stm32f4xx_hal_tim.o
    0x0800d5aa   0x0800d5aa   0x00000016   Code   RO         3749    i.TIM_ETR_SetConfig  stm32f4xx_hal_tim.o
    0x0800d5c0   0x0800d5c0   0x00000012   Code   RO         3750    i.TIM_ITRx_SetConfig  stm32f4xx_hal_tim.o
    0x0800d5d2   0x0800d5d2   0x00000002   PAD
    0x0800d5d4   0x0800d5d4   0x00000070   Code   RO         3751    i.TIM_OC1_SetConfig  stm32f4xx_hal_tim.o
    0x0800d644   0x0800d644   0x0000007c   Code   RO         3752    i.TIM_OC2_SetConfig  stm32f4xx_hal_tim.o
    0x0800d6c0   0x0800d6c0   0x00000078   Code   RO         3753    i.TIM_OC3_SetConfig  stm32f4xx_hal_tim.o
    0x0800d738   0x0800d738   0x00000054   Code   RO         3754    i.TIM_OC4_SetConfig  stm32f4xx_hal_tim.o
    0x0800d78c   0x0800d78c   0x0000003a   Code   RO         9717    i.TIM_Set_PWM       bsp_pwm.o
    0x0800d7c6   0x0800d7c6   0x00000026   Code   RO         3756    i.TIM_TI1_ConfigInputStage  stm32f4xx_hal_tim.o
    0x0800d7ec   0x0800d7ec   0x00000028   Code   RO         3758    i.TIM_TI2_ConfigInputStage  stm32f4xx_hal_tim.o
    0x0800d814   0x0800d814   0x00000014   Code   RO         4669    i.UART_DMAAbortOnError  stm32f4xx_hal_uart.o
    0x0800d828   0x0800d828   0x0000006c   Code   RO         4679    i.UART_EndRxTransfer  stm32f4xx_hal_uart.o
    0x0800d894   0x0800d894   0x00000020   Code   RO         4680    i.UART_EndTransmit_IT  stm32f4xx_hal_uart.o
    0x0800d8b4   0x0800d8b4   0x000000f8   Code   RO         4682    i.UART_Receive_IT   stm32f4xx_hal_uart.o
    0x0800d9ac   0x0800d9ac   0x0000022c   Code   RO         4683    i.UART_SetConfig    stm32f4xx_hal_uart.o
    0x0800dbd8   0x0800dbd8   0x00000060   Code   RO         4686    i.UART_Transmit_IT  stm32f4xx_hal_uart.o
    0x0800dc38   0x0800dc38   0x00000050   Code   RO         8642    i.UAV_ENERGY_TIME   bsp_referee.o
    0x0800dc88   0x0800dc88   0x00000014   Code   RO          693    i.USART3_IRQHandler  stm32f4xx_it.o
    0x0800dc9c   0x0800dc9c   0x00000014   Code   RO          694    i.USART6_IRQHandler  stm32f4xx_it.o
    0x0800dcb0   0x0800dcb0   0x000000c4   Code   RO         6686    i.USBD_CDC_DataIn   usbd_cdc.o
    0x0800dd74   0x0800dd74   0x00000048   Code   RO         6687    i.USBD_CDC_DataOut  usbd_cdc.o
    0x0800ddbc   0x0800ddbc   0x000000d4   Code   RO         6688    i.USBD_CDC_DeInit   usbd_cdc.o
    0x0800de90   0x0800de90   0x00000050   Code   RO         6689    i.USBD_CDC_EP0_RxReady  usbd_cdc.o
    0x0800dee0   0x0800dee0   0x00000010   Code   RO         6690    i.USBD_CDC_GetDeviceQualifierDescriptor  usbd_cdc.o
    0x0800def0   0x0800def0   0x00000044   Code   RO         6691    i.USBD_CDC_GetFSCfgDesc  usbd_cdc.o
    0x0800df34   0x0800df34   0x00000048   Code   RO         6692    i.USBD_CDC_GetHSCfgDesc  usbd_cdc.o
    0x0800df7c   0x0800df7c   0x00000044   Code   RO         6693    i.USBD_CDC_GetOtherSpeedCfgDesc  usbd_cdc.o
    0x0800dfc0   0x0800dfc0   0x000001a0   Code   RO         6694    i.USBD_CDC_Init     usbd_cdc.o
    0x0800e160   0x0800e160   0x00000050   Code   RO         6695    i.USBD_CDC_ReceivePacket  usbd_cdc.o
    0x0800e1b0   0x0800e1b0   0x00000018   Code   RO         6696    i.USBD_CDC_RegisterInterface  usbd_cdc.o
    0x0800e1c8   0x0800e1c8   0x0000001e   Code   RO         6697    i.USBD_CDC_SetRxBuffer  usbd_cdc.o
    0x0800e1e6   0x0800e1e6   0x00000024   Code   RO         6698    i.USBD_CDC_SetTxBuffer  usbd_cdc.o
    0x0800e20a   0x0800e20a   0x00000140   Code   RO         6699    i.USBD_CDC_Setup    usbd_cdc.o
    0x0800e34a   0x0800e34a   0x00000002   PAD
    0x0800e34c   0x0800e34c   0x00000064   Code   RO         6700    i.USBD_CDC_TransmitPacket  usbd_cdc.o
    0x0800e3b0   0x0800e3b0   0x0000001c   Code   RO         6361    i.USBD_ClrClassConfig  usbd_core.o
    0x0800e3cc   0x0800e3cc   0x0000003e   Code   RO         6524    i.USBD_ClrFeature   usbd_ctlreq.o
    0x0800e40a   0x0800e40a   0x00000006   Code   RO         6362    i.USBD_CoreFindEP   usbd_core.o
    0x0800e410   0x0800e410   0x00000006   Code   RO         6363    i.USBD_CoreFindIF   usbd_core.o
    0x0800e416   0x0800e416   0x00000018   Code   RO         6626    i.USBD_CtlContinueRx  usbd_ioreq.o
    0x0800e42e   0x0800e42e   0x00000018   Code   RO         6627    i.USBD_CtlContinueSendData  usbd_ioreq.o
    0x0800e446   0x0800e446   0x00000018   Code   RO         6525    i.USBD_CtlError     usbd_ctlreq.o
    0x0800e45e   0x0800e45e   0x00000028   Code   RO         6628    i.USBD_CtlPrepareRx  usbd_ioreq.o
    0x0800e486   0x0800e486   0x0000001a   Code   RO         6629    i.USBD_CtlReceiveStatus  usbd_ioreq.o
    0x0800e4a0   0x0800e4a0   0x00000022   Code   RO         6630    i.USBD_CtlSendData  usbd_ioreq.o
    0x0800e4c2   0x0800e4c2   0x0000001a   Code   RO         6631    i.USBD_CtlSendStatus  usbd_ioreq.o
    0x0800e4dc   0x0800e4dc   0x00000034   Code   RO          933    i.USBD_FS_ConfigStrDescriptor  usbd_desc.o
    0x0800e510   0x0800e510   0x00000010   Code   RO          934    i.USBD_FS_DeviceDescriptor  usbd_desc.o
    0x0800e520   0x0800e520   0x00000038   Code   RO          935    i.USBD_FS_InterfaceStrDescriptor  usbd_desc.o
    0x0800e558   0x0800e558   0x00000010   Code   RO          936    i.USBD_FS_LangIDStrDescriptor  usbd_desc.o
    0x0800e568   0x0800e568   0x0000002c   Code   RO          937    i.USBD_FS_ManufacturerStrDescriptor  usbd_desc.o
    0x0800e594   0x0800e594   0x00000040   Code   RO          938    i.USBD_FS_ProductStrDescriptor  usbd_desc.o
    0x0800e5d4   0x0800e5d4   0x00000018   Code   RO          939    i.USBD_FS_SerialStrDescriptor  usbd_desc.o
    0x0800e5ec   0x0800e5ec   0x00000056   Code   RO         6526    i.USBD_GetConfig    usbd_ctlreq.o
    0x0800e642   0x0800e642   0x000001fc   Code   RO         6527    i.USBD_GetDescriptor  usbd_ctlreq.o
    0x0800e83e   0x0800e83e   0x00000050   Code   RO         6365    i.USBD_GetEpDesc    usbd_core.o
    0x0800e88e   0x0800e88e   0x00000016   Code   RO         6528    i.USBD_GetLen       usbd_ctlreq.o
    0x0800e8a4   0x0800e8a4   0x00000014   Code   RO         6366    i.USBD_GetNextDesc  usbd_core.o
    0x0800e8b8   0x0800e8b8   0x0000005a   Code   RO         6529    i.USBD_GetStatus    usbd_ctlreq.o
    0x0800e912   0x0800e912   0x00000054   Code   RO         6530    i.USBD_GetString    usbd_ctlreq.o
    0x0800e966   0x0800e966   0x0000002c   Code   RO         1115    i.USBD_Get_USB_Status  usbd_conf.o
    0x0800e992   0x0800e992   0x0000003a   Code   RO         6367    i.USBD_Init         usbd_core.o
    0x0800e9cc   0x0800e9cc   0x00000026   Code   RO         1116    i.USBD_LL_ClearStallEP  usbd_conf.o
    0x0800e9f2   0x0800e9f2   0x00000026   Code   RO         1117    i.USBD_LL_CloseEP   usbd_conf.o
    0x0800ea18   0x0800ea18   0x00000108   Code   RO         6368    i.USBD_LL_DataInStage  usbd_core.o
    0x0800eb20   0x0800eb20   0x00000102   Code   RO         6369    i.USBD_LL_DataOutStage  usbd_core.o
    0x0800ec22   0x0800ec22   0x00000006   Code   RO         6370    i.USBD_LL_DevConnected  usbd_core.o
    0x0800ec28   0x0800ec28   0x00000026   Code   RO         6371    i.USBD_LL_DevDisconnected  usbd_core.o
    0x0800ec4e   0x0800ec4e   0x00000012   Code   RO         1121    i.USBD_LL_GetRxDataSize  usbd_conf.o
    0x0800ec60   0x0800ec60   0x00000068   Code   RO         1122    i.USBD_LL_Init      usbd_conf.o
    0x0800ecc8   0x0800ecc8   0x00000038   Code   RO         1123    i.USBD_LL_IsStallEP  usbd_conf.o
    0x0800ed00   0x0800ed00   0x00000048   Code   RO         6372    i.USBD_LL_IsoINIncomplete  usbd_core.o
    0x0800ed48   0x0800ed48   0x00000048   Code   RO         6373    i.USBD_LL_IsoOUTIncomplete  usbd_core.o
    0x0800ed90   0x0800ed90   0x00000030   Code   RO         1124    i.USBD_LL_OpenEP    usbd_conf.o
    0x0800edc0   0x0800edc0   0x00000030   Code   RO         1125    i.USBD_LL_PrepareReceive  usbd_conf.o
    0x0800edf0   0x0800edf0   0x0000006c   Code   RO         6374    i.USBD_LL_Reset     usbd_core.o
    0x0800ee5c   0x0800ee5c   0x00000016   Code   RO         6375    i.USBD_LL_Resume    usbd_core.o
    0x0800ee72   0x0800ee72   0x00000028   Code   RO         6376    i.USBD_LL_SOF       usbd_core.o
    0x0800ee9a   0x0800ee9a   0x00000008   Code   RO         6377    i.USBD_LL_SetSpeed  usbd_core.o
    0x0800eea2   0x0800eea2   0x00000026   Code   RO         1126    i.USBD_LL_SetUSBAddress  usbd_conf.o
    0x0800eec8   0x0800eec8   0x00000076   Code   RO         6378    i.USBD_LL_SetupStage  usbd_core.o
    0x0800ef3e   0x0800ef3e   0x00000026   Code   RO         1127    i.USBD_LL_StallEP   usbd_conf.o
    0x0800ef64   0x0800ef64   0x0000001e   Code   RO         1128    i.USBD_LL_Start     usbd_conf.o
    0x0800ef82   0x0800ef82   0x00000014   Code   RO         6379    i.USBD_LL_Suspend   usbd_core.o
    0x0800ef96   0x0800ef96   0x00000030   Code   RO         1130    i.USBD_LL_Transmit  usbd_conf.o
    0x0800efc6   0x0800efc6   0x00000036   Code   RO         6531    i.USBD_ParseSetupRequest  usbd_ctlreq.o
    0x0800effc   0x0800effc   0x00000048   Code   RO         6380    i.USBD_RegisterClass  usbd_core.o
    0x0800f044   0x0800f044   0x00000006   Code   RO         6381    i.USBD_RunTestMode  usbd_core.o
    0x0800f04a   0x0800f04a   0x0000005a   Code   RO         6532    i.USBD_SetAddress   usbd_ctlreq.o
    0x0800f0a4   0x0800f0a4   0x00000020   Code   RO         6382    i.USBD_SetClassConfig  usbd_core.o
    0x0800f0c4   0x0800f0c4   0x00000104   Code   RO         6533    i.USBD_SetConfig    usbd_ctlreq.o
    0x0800f1c8   0x0800f1c8   0x00000038   Code   RO         6534    i.USBD_SetFeature   usbd_ctlreq.o
    0x0800f200   0x0800f200   0x0000000c   Code   RO         6383    i.USBD_Start        usbd_core.o
    0x0800f20c   0x0800f20c   0x000000ae   Code   RO         6535    i.USBD_StdDevReq    usbd_ctlreq.o
    0x0800f2ba   0x0800f2ba   0x00000280   Code   RO         6536    i.USBD_StdEPReq     usbd_ctlreq.o
    0x0800f53a   0x0800f53a   0x000000ae   Code   RO         6537    i.USBD_StdItfReq    usbd_ctlreq.o
    0x0800f5e8   0x0800f5e8   0x00000002   Code   RO         1131    i.USBD_static_free  usbd_conf.o
    0x0800f5ea   0x0800f5ea   0x00000002   PAD
    0x0800f5ec   0x0800f5ec   0x0000000c   Code   RO         1132    i.USBD_static_malloc  usbd_conf.o
    0x0800f5f8   0x0800f5f8   0x000000d0   Code   RO         1595    i.USB_ActivateEndpoint  stm32f4xx_ll_usb.o
    0x0800f6c8   0x0800f6c8   0x00000028   Code   RO         1597    i.USB_ActivateSetup  stm32f4xx_ll_usb.o
    0x0800f6f0   0x0800f6f0   0x00000084   Code   RO         1599    i.USB_CoreInit      stm32f4xx_ll_usb.o
    0x0800f774   0x0800f774   0x00000058   Code   RO         1600    i.USB_CoreReset     stm32f4xx_ll_usb.o
    0x0800f7cc   0x0800f7cc   0x0000014c   Code   RO         1603    i.USB_DeactivateEndpoint  stm32f4xx_ll_usb.o
    0x0800f918   0x0800f918   0x00000024   Code   RO         1604    i.USB_DevConnect    stm32f4xx_ll_usb.o
    0x0800f93c   0x0800f93c   0x00000024   Code   RO         1605    i.USB_DevDisconnect  stm32f4xx_ll_usb.o
    0x0800f960   0x0800f960   0x000001e0   Code   RO         1606    i.USB_DevInit       stm32f4xx_ll_usb.o
    0x0800fb40   0x0800fb40   0x0000000e   Code   RO         1607    i.USB_DisableGlobalInt  stm32f4xx_ll_usb.o
    0x0800fb4e   0x0800fb4e   0x00000002   PAD
    0x0800fb50   0x0800fb50   0x000001dc   Code   RO         1610    i.USB_EP0StartXfer  stm32f4xx_ll_usb.o
    0x0800fd2c   0x0800fd2c   0x00000070   Code   RO         1611    i.USB_EP0_OutStart  stm32f4xx_ll_usb.o
    0x0800fd9c   0x0800fd9c   0x0000008e   Code   RO         1612    i.USB_EPClearStall  stm32f4xx_ll_usb.o
    0x0800fe2a   0x0800fe2a   0x0000009a   Code   RO         1613    i.USB_EPSetStall    stm32f4xx_ll_usb.o
    0x0800fec4   0x0800fec4   0x00000348   Code   RO         1614    i.USB_EPStartXfer   stm32f4xx_ll_usb.o
    0x0801020c   0x0801020c   0x000000ec   Code   RO         1615    i.USB_EPStopXfer    stm32f4xx_ll_usb.o
    0x080102f8   0x080102f8   0x0000000e   Code   RO         1616    i.USB_EnableGlobalInt  stm32f4xx_ll_usb.o
    0x08010306   0x08010306   0x00000002   PAD
    0x08010308   0x08010308   0x00000054   Code   RO         1617    i.USB_FlushRxFifo   stm32f4xx_ll_usb.o
    0x0801035c   0x0801035c   0x00000058   Code   RO         1618    i.USB_FlushTxFifo   stm32f4xx_ll_usb.o
    0x080103b4   0x080103b4   0x00000026   Code   RO         1620    i.USB_GetDevSpeed   stm32f4xx_ll_usb.o
    0x080103da   0x080103da   0x0000000a   Code   RO         1622    i.USB_GetMode       stm32f4xx_ll_usb.o
    0x080103e4   0x080103e4   0x00000014   Code   RO         1629    i.USB_ReadDevAllInEpInterrupt  stm32f4xx_ll_usb.o
    0x080103f8   0x080103f8   0x00000014   Code   RO         1630    i.USB_ReadDevAllOutEpInterrupt  stm32f4xx_ll_usb.o
    0x0801040c   0x0801040c   0x00000032   Code   RO         1631    i.USB_ReadDevInEPInterrupt  stm32f4xx_ll_usb.o
    0x0801043e   0x0801043e   0x0000001a   Code   RO         1632    i.USB_ReadDevOutEPInterrupt  stm32f4xx_ll_usb.o
    0x08010458   0x08010458   0x0000000a   Code   RO         1633    i.USB_ReadInterrupts  stm32f4xx_ll_usb.o
    0x08010462   0x08010462   0x00000060   Code   RO         1634    i.USB_ReadPacket    stm32f4xx_ll_usb.o
    0x080104c2   0x080104c2   0x00000068   Code   RO         1636    i.USB_SetCurrentMode  stm32f4xx_ll_usb.o
    0x0801052a   0x0801052a   0x0000002a   Code   RO         1637    i.USB_SetDevAddress  stm32f4xx_ll_usb.o
    0x08010554   0x08010554   0x00000012   Code   RO         1638    i.USB_SetDevSpeed   stm32f4xx_ll_usb.o
    0x08010566   0x08010566   0x00000002   PAD
    0x08010568   0x08010568   0x000000e8   Code   RO         1639    i.USB_SetTurnaroundTime  stm32f4xx_ll_usb.o
    0x08010650   0x08010650   0x00000044   Code   RO         1642    i.USB_WritePacket   stm32f4xx_ll_usb.o
    0x08010694   0x08010694   0x00000004   Code   RO          695    i.UsageFault_Handler  stm32f4xx_it.o
    0x08010698   0x08010698   0x00000048   Code   RO         7451    i.VIRTUAL_TASK      virtual_task.o
    0x080106e0   0x080106e0   0x00000040   Code   RO         8838    i.Verify_CRC16_Check_Sum  crc.o
    0x08010720   0x08010720   0x0000002e   Code   RO         8839    i.Verify_CRC8_Check_Sum  crc.o
    0x0801074e   0x0801074e   0x00000002   PAD
    0x08010750   0x08010750   0x00000150   Code   RO         7452    i.Virtual_RC_Deal   virtual_task.o
    0x080108a0   0x080108a0   0x000000b4   Code   RO         7453    i.Virtual_recive    virtual_task.o
    0x08010954   0x08010954   0x00000118   Code   RO         7454    i.Virtual_send      virtual_task.o
    0x08010a6c   0x08010a6c   0x000001c8   Code   RO         7272    i.Yaw_Calc          gimbal_task.o
    0x08010c34   0x08010c34   0x00000030   Code   RO        10712    i.__ARM_fpclassify  m_wm.l(fpclassify.o)
    0x08010c64   0x08010c64   0x00000026   Code   RO        10714    i.__ARM_fpclassifyf  m_wm.l(fpclassifyf.o)
    0x08010c8a   0x08010c8a   0x00000002   PAD
    0x08010c8c   0x08010c8c   0x00000010   Code   RO         2707    i.__NVIC_GetPriorityGrouping  stm32f4xx_hal_cortex.o
    0x08010c9c   0x08010c9c   0x00000028   Code   RO         2708    i.__NVIC_SetPriority  stm32f4xx_hal_cortex.o
    0x08010cc4   0x08010cc4   0x00000118   Code   RO        10449    i.__hardfp_acosf    m_wm.l(acosf.o)
    0x08010ddc   0x08010ddc   0x0000012c   Code   RO        10461    i.__hardfp_asinf    m_wm.l(asinf.o)
    0x08010f08   0x08010f08   0x000002d8   Code   RO        10675    i.__hardfp_atan     m_wm.l(atan.o)
    0x080111e0   0x080111e0   0x00000200   Code   RO        10473    i.__hardfp_atan2    m_wm.l(atan2.o)
    0x080113e0   0x080113e0   0x000002ac   Code   RO        10485    i.__hardfp_atan2f   m_wm.l(atan2f.o)
    0x0801168c   0x0801168c   0x00000004   PAD
    0x08011690   0x08011690   0x000000c8   Code   RO        10497    i.__hardfp_cos      m_wm.l(cos.o)
    0x08011758   0x08011758   0x00000358   Code   RO        10509    i.__hardfp_exp      m_wm.l(exp.o)
    0x08011ab0   0x08011ab0   0x000000c8   Code   RO        10537    i.__hardfp_sin      m_wm.l(sin.o)
    0x08011b78   0x08011b78   0x0000003a   Code   RO        10549    i.__hardfp_sqrtf    m_wm.l(sqrtf_full.o)
    0x08011bb2   0x08011bb2   0x00000006   PAD
    0x08011bb8   0x08011bb8   0x00000438   Code   RO        10733    i.__ieee754_rem_pio2  m_wm.l(rred.o)
    0x08011ff0   0x08011ff0   0x00000170   Code   RO        10689    i.__kernel_cos      m_wm.l(cos_i.o)
    0x08012160   0x08012160   0x000000f8   Code   RO        10730    i.__kernel_poly     m_wm.l(poly.o)
    0x08012258   0x08012258   0x00000130   Code   RO        10738    i.__kernel_sin      m_wm.l(sin_i.o)
    0x08012388   0x08012388   0x00000014   Code   RO        10693    i.__mathlib_dbl_infnan  m_wm.l(dunder.o)
    0x0801239c   0x0801239c   0x00000014   Code   RO        10694    i.__mathlib_dbl_infnan2  m_wm.l(dunder.o)
    0x080123b0   0x080123b0   0x00000020   Code   RO        10695    i.__mathlib_dbl_invalid  m_wm.l(dunder.o)
    0x080123d0   0x080123d0   0x00000020   Code   RO        10696    i.__mathlib_dbl_overflow  m_wm.l(dunder.o)
    0x080123f0   0x080123f0   0x00000020   Code   RO        10698    i.__mathlib_dbl_underflow  m_wm.l(dunder.o)
    0x08012410   0x08012410   0x00000006   Code   RO        10717    i.__mathlib_flt_infnan  m_wm.l(funder.o)
    0x08012416   0x08012416   0x00000006   Code   RO        10718    i.__mathlib_flt_infnan2  m_wm.l(funder.o)
    0x0801241c   0x0801241c   0x00000010   Code   RO        10719    i.__mathlib_flt_invalid  m_wm.l(funder.o)
    0x0801242c   0x0801242c   0x00000010   Code   RO        10722    i.__mathlib_flt_underflow  m_wm.l(funder.o)
    0x0801243c   0x0801243c   0x00000024   Code   RO         8543    i.angle_limiting_int16  bsp_motor_encoder.o
    0x08012460   0x08012460   0x00000010   Code   RO        10677    i.atan              m_wm.l(atan.o)
    0x08012470   0x08012470   0x00001764   Code   RO         9414    i.autoSolveTrajectory  ou_visionpro.o
    0x08013bd4   0x08013bd4   0x0000016c   Code   RO         9507    i.bmi088_accel_init  bmi088driver.o
    0x08013d40   0x08013d40   0x00000130   Code   RO         9508    i.bmi088_gyro_init  bmi088driver.o
    0x08013e70   0x08013e70   0x00000010   Code   RO         8800    i.buzzer_off        bsp_buzzer.o
    0x08013e80   0x08013e80   0x0000002c   Code   RO         8802    i.buzzer_test       bsp_buzzer.o
    0x08013eac   0x08013eac   0x00000110   Code   RO         9229    i.cos_calculate     maths.o
    0x08013fbc   0x08013fbc   0x00000068   Code   RO         7971    i.dr16_disconnect   robot_cmd.o
    0x08014024   0x08014024   0x00000018   Code   RO         7972    i.dr16_online       robot_cmd.o
    0x0801403c   0x0801403c   0x00000074   Code   RO         9330    i.f_Derivative_On_Measurement  pid.o
    0x080140b0   0x080140b0   0x00000046   Code   RO         9331    i.f_Integral_Limit  pid.o
    0x080140f6   0x080140f6   0x00000046   Code   RO         9332    i.f_Output_Limit    pid.o
    0x0801413c   0x0801413c   0x0000003c   Code   RO         9333    i.f_Separated_Integral  pid.o
    0x08014178   0x08014178   0x000000cc   Code   RO         9334    i.f_StepIn          pid.o
    0x08014244   0x08014244   0x00000018   Code   RO        10708    i.fabs              m_wm.l(fabs.o)
    0x0801425c   0x0801425c   0x00000038   Code   RO         8895    i.fifo_s_create     fifo.o
    0x08014294   0x08014294   0x000000a0   Code   RO         8901    i.fifo_s_gets       fifo.o
    0x08014334   0x08014334   0x0000001c   Code   RO         8903    i.fifo_s_init       fifo.o
    0x08014350   0x08014350   0x0000000e   Code   RO         8904    i.fifo_s_isempty    fifo.o
    0x0801435e   0x0801435e   0x000000a6   Code   RO         8909    i.fifo_s_puts       fifo.o
    0x08014404   0x08014404   0x000000b8   Code   RO         6949    i.fire_behaviour_choose  fire_task.o
    0x080144bc   0x080144bc   0x000000d8   Code   RO         6950    i.fire_pid_calculate  fire_task.o
    0x08014594   0x08014594   0x000001b8   Code   RO         6951    i.fire_task_init    fire_task.o
    0x0801474c   0x0801474c   0x00000042   Code   RO         9335    i.first_order_filter  pid.o
    0x0801478e   0x0801478e   0x0000002a   Code   RO         9897    i.float_constrain   user_lib_1.o
    0x080147b8   0x080147b8   0x000000a8   Code   RO         9231    i.float_min_distance  maths.o
    0x08014860   0x08014860   0x00000048   Code   RO         9899    i.float_rounding    user_lib_1.o
    0x080148a8   0x080148a8   0x00000050   Code   RO         7618    i.float_to_uint     cybergear_motor.o
    0x080148f8   0x080148f8   0x0000000c   Code   RO         7455    i.get_AutoPitch     virtual_task.o
    0x08014904   0x08014904   0x0000000c   Code   RO         7456    i.get_AutoYaw       virtual_task.o
    0x08014910   0x08014910   0x00000008   Code   RO         7973    i.get_Gimbal_pitch_point  robot_cmd.o
    0x08014918   0x08014918   0x00000008   Code   RO         7974    i.get_Gimbal_yaw_point  robot_cmd.o
    0x08014920   0x08014920   0x00000008   Code   RO         6801    i.get_imu_control_point  imu_task.o
    0x08014928   0x08014928   0x00000014   Code   RO         7977    i.get_open_auto_control  robot_cmd.o
    0x0801493c   0x0801493c   0x0000003c   Code   RO         9827    i.invSqrt           quaternionekf.o
    0x08014978   0x08014978   0x00000060   Code   RO         9236    i.loop_fp32_constrain  maths.o
    0x080149d8   0x080149d8   0x0000008c   Code   RO            7    i.main              main.o
    0x08014a64   0x08014a64   0x0000000e   Code   RO         5847    i.makeFreeRtosPriority  cmsis_os.o
    0x08014a72   0x08014a72   0x00000002   PAD
    0x08014a74   0x08014a74   0x00000170   Code   RO         9417    i.monoDirectionalAirResistanceModel  ou_visionpro.o
    0x08014be4   0x08014be4   0x0000004a   Code   RO         9336    i.motor_position_speed_control  pid.o
    0x08014c2e   0x08014c2e   0x0000002e   Code   RO         9337    i.motor_speed_control  pid.o
    0x08014c5c   0x08014c5c   0x00000018   Code   RO         5849    i.osDelay           cmsis_os.o
    0x08014c74   0x08014c74   0x0000000a   Code   RO         5852    i.osKernelStart     cmsis_os.o
    0x08014c7e   0x08014c7e   0x0000005e   Code   RO         5886    i.osThreadCreate    cmsis_os.o
    0x08014cdc   0x08014cdc   0x00000050   Code   RO         9338    i.pid_clear         pid.o
    0x08014d2c   0x08014d2c   0x000000e8   Code   RO         9418    i.pitchTrajectoryCompensation  ou_visionpro.o
    0x08014e14   0x08014e14   0x0000001c   Code   RO         7273    i.pitch_can_rx_CallBack  gimbal_task.o
    0x08014e30   0x08014e30   0x00000018   Code   RO         7274    i.pitch_motor_disconnect  gimbal_task.o
    0x08014e48   0x08014e48   0x00000002   Code   RO         7275    i.pitch_motor_online  gimbal_task.o
    0x08014e4a   0x08014e4a   0x00000002   PAD
    0x08014e4c   0x08014e4c   0x00000098   Code   RO         5506    i.prvAddCurrentTaskToDelayedList  tasks.o
    0x08014ee4   0x08014ee4   0x000000b4   Code   RO         5507    i.prvAddNewTaskToReadyList  tasks.o
    0x08014f98   0x08014f98   0x00000048   Code   RO         5508    i.prvCheckTasksWaitingTermination  tasks.o
    0x08014fe0   0x08014fe0   0x00000050   Code   RO         5509    i.prvDeleteTCB      tasks.o
    0x08015030   0x08015030   0x0000007c   Code   RO         6214    i.prvHeapInit       heap_4.o
    0x080150ac   0x080150ac   0x00000028   Code   RO         5510    i.prvIdleTask       tasks.o
    0x080150d4   0x080150d4   0x000000b4   Code   RO         5511    i.prvInitialiseNewTask  tasks.o
    0x08015188   0x08015188   0x00000068   Code   RO         5512    i.prvInitialiseTaskLists  tasks.o
    0x080151f0   0x080151f0   0x00000068   Code   RO         6215    i.prvInsertBlockIntoFreeList  heap_4.o
    0x08015258   0x08015258   0x00000034   Code   RO         5513    i.prvResetNextTaskUnblockTime  tasks.o
    0x0801528c   0x0801528c   0x00000040   Code   RO         6283    i.prvTaskExitError  port.o
    0x080152cc   0x080152cc   0x0000014c   Code   RO         6216    i.pvPortMalloc      heap_4.o
    0x08015418   0x08015418   0x0000002c   Code   RO         6284    i.pxPortInitialiseStack  port.o
    0x08015444   0x08015444   0x00000014   Code   RO         8433    i.rc_deadline_limit  bsp_dr16.o
    0x08015458   0x08015458   0x00000014   Code   RO         8434    i.rc_lost_time_refresh  bsp_dr16.o
    0x0801546c   0x0801546c   0x00000088   Code   RO         8643    i.referee_uart_init  bsp_referee.o
    0x080154f4   0x080154f4   0x000001d8   Code   RO         9241    i.sin_calculate     maths.o
    0x080156cc   0x080156cc   0x0000003e   Code   RO        10551    i.sqrtf             m_wm.l(sqrtf_full.o)
    0x0801570a   0x0801570a   0x00000002   PAD
    0x0801570c   0x0801570c   0x00000080   Code   RO         7755    i.torque_to_voltage_6020  dji_motor.o
    0x0801578c   0x0801578c   0x00000030   Code   RO         7619    i.uint16_to_float   cybergear_motor.o
    0x080157bc   0x080157bc   0x00000028   Code   RO         5132    i.uxListRemove      list.o
    0x080157e4   0x080157e4   0x00000018   Code   RO          337    i.vApplicationGetIdleTaskMemory  freertos.o
    0x080157fc   0x080157fc   0x0000001a   Code   RO         5133    i.vListInitialise   list.o
    0x08015816   0x08015816   0x00000006   Code   RO         5134    i.vListInitialiseItem  list.o
    0x0801581c   0x0801581c   0x00000034   Code   RO         5135    i.vListInsert       list.o
    0x08015850   0x08015850   0x00000018   Code   RO         5136    i.vListInsertEnd    list.o
    0x08015868   0x08015868   0x00000054   Code   RO         6286    i.vPortEnterCritical  port.o
    0x080158bc   0x080158bc   0x0000003c   Code   RO         6287    i.vPortExitCritical  port.o
    0x080158f8   0x080158f8   0x000000a4   Code   RO         6217    i.vPortFree         heap_4.o
    0x0801599c   0x0801599c   0x00000028   Code   RO         6288    i.vPortSetupTimerInterrupt  port.o
    0x080159c4   0x080159c4   0x0000005c   Code   RO         5522    i.vTaskDelay        tasks.o
    0x08015a20   0x08015a20   0x000000d4   Code   RO         5523    i.vTaskDelayUntil   tasks.o
    0x08015af4   0x08015af4   0x000000b0   Code   RO         5536    i.vTaskStartScheduler  tasks.o
    0x08015ba4   0x08015ba4   0x000000f4   Code   RO         5537    i.vTaskSuspend      tasks.o
    0x08015c98   0x08015c98   0x00000010   Code   RO         5538    i.vTaskSuspendAll   tasks.o
    0x08015ca8   0x08015ca8   0x0000008c   Code   RO         5539    i.vTaskSwitchContext  tasks.o
    0x08015d34   0x08015d34   0x00000150   Code   RO         7462    i.virtual_task_init  virtual_task.o
    0x08015e84   0x08015e84   0x00000168   Code   RO         6290    i.xPortStartScheduler  port.o
    0x08015fec   0x08015fec   0x00000064   Code   RO         5542    i.xTaskCreate       tasks.o
    0x08016050   0x08016050   0x000000ba   Code   RO         5543    i.xTaskCreateStatic  tasks.o
    0x0801610a   0x0801610a   0x00000002   PAD
    0x0801610c   0x0801610c   0x0000000c   Code   RO         5549    i.xTaskGetTickCount  tasks.o
    0x08016118   0x08016118   0x00000148   Code   RO         5551    i.xTaskIncrementTick  tasks.o
    0x08016260   0x08016260   0x00000104   Code   RO         5557    i.xTaskResumeAll    tasks.o
    0x08016364   0x08016364   0x00000002   Code   RO         7276    i.yaw_can_rx_CallBack  gimbal_task.o
    0x08016366   0x08016366   0x00000018   Code   RO        10642    x$fpl$basic         g_wm.l(basic.o)
    0x0801637e   0x0801637e   0x00000002   PAD
    0x08016380   0x08016380   0x000002c4   Code   RO        10405    x$fpl$d2f           g_wm.l(d2f_clz.o)
    0x08016644   0x08016644   0x0000024c   Code   RO        10407    x$fpl$dadd          g_wm.l(daddsub_clz.o)
    0x08016890   0x08016890   0x00000018   Code   RO        10644    x$fpl$dcmpinf       g_wm.l(dcmpi.o)
    0x080168a8   0x080168a8   0x0000037c   Code   RO        10414    x$fpl$ddiv          g_wm.l(ddiv_clz.o)
    0x08016c24   0x08016c24   0x00000074   Code   RO        10646    x$fpl$deqf          g_wm.l(deqf.o)
    0x08016c98   0x08016c98   0x000000c8   Code   RO        10648    x$fpl$dfix          g_wm.l(dfix.o)
    0x08016d60   0x08016d60   0x0000002e   Code   RO        10418    x$fpl$dflt          g_wm.l(dflt_clz.o)
    0x08016d8e   0x08016d8e   0x0000001a   Code   RO        10419    x$fpl$dfltn         g_wm.l(dflt_clz.o)
    0x08016da8   0x08016da8   0x00000026   Code   RO        10417    x$fpl$dfltu         g_wm.l(dflt_clz.o)
    0x08016dce   0x08016dce   0x00000002   PAD
    0x08016dd0   0x08016dd0   0x00000078   Code   RO        10423    x$fpl$dleqf         g_wm.l(dleqf.o)
    0x08016e48   0x08016e48   0x000001c0   Code   RO        10425    x$fpl$dmul          g_wm.l(dmul_clz.o)
    0x08017008   0x08017008   0x00000102   Code   RO        10652    x$fpl$dnaninf       g_wm.l(dnaninf.o)
    0x0801710a   0x0801710a   0x00000070   Code   RO        10654    x$fpl$drenorm       g_wm.l(drenorm_clz.o)
    0x0801717a   0x0801717a   0x0000000c   Code   RO        10656    x$fpl$dretinf       g_wm.l(dretinf.o)
    0x08017186   0x08017186   0x00000062   Code   RO        10658    x$fpl$drleqf        g_wm.l(drleqf.o)
    0x080171e8   0x080171e8   0x00000050   Code   RO        10408    x$fpl$drsb          g_wm.l(daddsub_clz.o)
    0x08017238   0x08017238   0x0000029c   Code   RO        10409    x$fpl$dsub          g_wm.l(daddsub_clz.o)
    0x080174d4   0x080174d4   0x0000017a   Code   RO        10660    x$fpl$dunder        g_wm.l(dunder_clz.o)
    0x0801764e   0x0801764e   0x00000002   PAD
    0x08017650   0x08017650   0x000001ec   Code   RO        10662    x$fpl$exception     g_wm.l(except.o)
    0x0801783c   0x0801783c   0x0000007a   Code   RO        10427    x$fpl$f2d           g_wm.l(f2d.o)
    0x080178b6   0x080178b6   0x0000009e   Code   RO        10433    x$fpl$ffltll        g_wm.l(ffltll_clz.o)
    0x08017954   0x08017954   0x000000f2   Code   RO        10664    x$fpl$fnaninf       g_wm.l(fnaninf.o)
    0x08017a46   0x08017a46   0x0000000a   Code   RO        10806    x$fpl$fpinit        g_wm.l(fpinit.o)
    0x08017a50   0x08017a50   0x0000000a   Code   RO        10666    x$fpl$fretinf       g_wm.l(fretinf.o)
    0x08017a5a   0x08017a5a   0x0000013c   Code   RO        10668    x$fpl$funder        g_wm.l(funder_clz.o)
    0x08017b96   0x08017b96   0x00000002   PAD
    0x08017b98   0x08017b98   0x000000b4   Code   RO        10429    x$fpl$llsfromf      g_wm.l(ffixll.o)
    0x08017c4c   0x08017c4c   0x000000b2   Code   RO        10808    x$fpl$retnan        g_wm.l(retnan.o)
    0x08017cfe   0x08017cfe   0x0000007e   Code   RO        10672    x$fpl$trapveneer    g_wm.l(trapv.o)
    0x08017d7c   0x08017d7c   0x00000000   Code   RO        10674    x$fpl$usenofp       g_wm.l(usenofp.o)
    0x08017d7c   0x08017d7c   0x000000c4   Data   RO          339    .constdata          freertos.o
    0x08017e40   0x08017e40   0x00000008   Data   RO         2424    .constdata          stm32f4xx_hal_dma.o
    0x08017e48   0x08017e48   0x00000018   Data   RO         4996    .constdata          system_stm32f4xx.o
    0x08017e60   0x08017e60   0x00000030   Data   RO         6803    .constdata          imu_task.o
    0x08017e90   0x08017e90   0x00000302   Data   RO         8840    .constdata          crc.o
    0x08018192   0x08018192   0x00000002   PAD
    0x08018194   0x08018194   0x00000e14   Data   RO         9242    .constdata          maths.o
    0x08018fa8   0x08018fa8   0x00000090   Data   RO         9829    .constdata          quaternionekf.o
    0x08019038   0x08019038   0x00000804   Data   RO        10298    .constdata          arm_cortexM4lf_math.lib(arm_common_tables.o)
    0x0801983c   0x0801983c   0x00000004   PAD
    0x08019840   0x08019840   0x00000058   Data   RO        10512    .constdata          m_wm.l(exp.o)
    0x08019898   0x08019898   0x00000098   Data   RO        10678    .constdata          m_wm.l(atan.o)
    0x08019930   0x08019930   0x00000030   Data   RO        10690    .constdata          m_wm.l(cos_i.o)
    0x08019960   0x08019960   0x00000008   Data   RO        10732    .constdata          m_wm.l(qnan.o)
    0x08019968   0x08019968   0x000000c8   Data   RO        10735    .constdata          m_wm.l(rred.o)
    0x08019a30   0x08019a30   0x00000028   Data   RO        10739    .constdata          m_wm.l(sin_i.o)
    0x08019a58   0x08019a58   0x00000055   Data   RO          340    .conststring        freertos.o
    0x08019aad   0x08019aad   0x00000003   PAD
    0x08019ab0   0x08019ab0   0x00000020   Data   RO        10899    Region$$Table       anon$$obj.o


    Execution Region RW_IRAM1 (Exec base: 0x20000000, Load base: 0x08019ad0, Size: 0x0000f008, Max: 0x0001c000, ABSOLUTE, COMPRESSED[0x00000954])

    Exec Addr    Load Addr    Size         Type   Attr      Idx    E Section Name        Object

    0x20000000   COMPRESSED   0x0000001c   Data   RW          341    .data               freertos.o
    0x2000001c   COMPRESSED   0x00000004   Data   RW          453    .data               can.o
    0x20000020   COMPRESSED   0x0000004e   Data   RW          941    .data               usbd_desc.o
    0x2000006e   COMPRESSED   0x00000002   PAD
    0x20000070   COMPRESSED   0x00000014   Data   RW         1028    .data               usbd_cdc_if.o
    0x20000084   COMPRESSED   0x00000009   Data   RW         2856    .data               stm32f4xx_hal.o
    0x2000008d   COMPRESSED   0x00000003   PAD
    0x20000090   COMPRESSED   0x00000004   Data   RW         4997    .data               system_stm32f4xx.o
    0x20000094   COMPRESSED   0x0000003c   Data   RW         5560    .data               tasks.o
    0x200000d0   COMPRESSED   0x00000020   Data   RW         6223    .data               heap_4.o
    0x200000f0   COMPRESSED   0x0000000c   Data   RW         6291    .data               port.o
    0x200000fc   COMPRESSED   0x00000001   Data   RW         6538    .data               usbd_ctlreq.o
    0x200000fd   COMPRESSED   0x00000003   PAD
    0x20000100   COMPRESSED   0x0000008a   Data   RW         6701    .data               usbd_cdc.o
    0x2000018a   COMPRESSED   0x00000002   PAD
    0x2000018c   COMPRESSED   0x00000048   Data   RW         6804    .data               imu_task.o
    0x200001d4   COMPRESSED   0x00000009   Data   RW         6899    .data               safe_task.o
    0x200001dd   COMPRESSED   0x00000003   PAD
    0x200001e0   COMPRESSED   0x0000001a   Data   RW         6953    .data               fire_task.o
    0x200001fa   COMPRESSED   0x00000006   PAD
    0x20000200   COMPRESSED   0x0000088c   Data   RW         7280    .data               gimbal_task.o
    0x20000a8c   COMPRESSED   0x00000032   Data   RW         7464    .data               virtual_task.o
    0x20000abe   COMPRESSED   0x00000002   PAD
    0x20000ac0   COMPRESSED   0x000001b0   Data   RW         7560    .data               music_task.o
    0x20000c70   COMPRESSED   0x0000000b   Data   RW         7621    .data               cybergear_motor.o
    0x20000c7b   COMPRESSED   0x00000001   PAD
    0x20000c7c   COMPRESSED   0x00000038   Data   RW         7757    .data               dji_motor.o
    0x20000cb4   COMPRESSED   0x0000005a   Data   RW         7981    .data               robot_cmd.o
    0x20000d0e   COMPRESSED   0x00000002   PAD
    0x20000d10   COMPRESSED   0x00000008   Data   RW         8378    .data               bsp_can.o
    0x20000d18   COMPRESSED   0x00000010   Data   RW         8436    .data               bsp_dr16.o
    0x20000d28   COMPRESSED   0x00000003   Data   RW         8645    .data               bsp_referee.o
    0x20000d2b   COMPRESSED   0x00000001   PAD
    0x20000d2c   COMPRESSED   0x00000002   Data   RW         8841    .data               crc.o
    0x20000d2e   COMPRESSED   0x00000002   PAD
    0x20000d30   COMPRESSED   0x0000006c   Data   RW         9421    .data               ou_visionpro.o
    0x20000d9c   COMPRESSED   0x00000040   Data   RW         9510    .data               bmi088driver.o
    0x20000ddc   COMPRESSED   0x00000004   Data   RW         9591    .data               bmi088middleware.o
    0x20000de0   COMPRESSED   0x00000040   Data   RW         9649    .data               bsp_dwt.o
    0x20000e20   COMPRESSED   0x00000004   Data   RW         9753    .data               kalman_filter.o
    0x20000e24   COMPRESSED   0x000000d4   Data   RW         9830    .data               quaternionekf.o
    0x20000ef8   COMPRESSED   0x00000018   Data   RW         9907    .data               user_lib_1.o
    0x20000f10        -       0x00000254   Zero   RW          338    .bss                freertos.o
    0x20001164        -       0x00000050   Zero   RW          452    .bss                can.o
    0x200011b4        -       0x00000118   Zero   RW          524    .bss                spi.o
    0x200012cc        -       0x00000120   Zero   RW          570    .bss                tim.o
    0x200013ec        -       0x000001a8   Zero   RW          633    .bss                usart.o
    0x20001594        -       0x00000048   Zero   RW          840    .bss                stm32f4xx_hal_timebase_tim.o
    0x200015dc        -       0x000002dc   Zero   RW          884    .bss                usb_device.o
    0x200018b8        -       0x00000200   Zero   RW          940    .bss                usbd_desc.o
    0x20001ab8        -       0x00001000   Zero   RW         1027    .bss                usbd_cdc_if.o
    0x20002ab8        -       0x0000072c   Zero   RW         1133    .bss                usbd_conf.o
    0x200031e4        -       0x000000f0   Zero   RW         5559    .bss                tasks.o
    0x200032d4        -       0x00003c00   Zero   RW         6222    .bss                heap_4.o
    0x20006ed4        -       0x000001fc   Zero   RW         6802    .bss                imu_task.o
    0x200070d0        -       0x0000002c   Zero   RW         6952    .bss                fire_task.o
    0x200070fc        -       0x00000e70   Zero   RW         7279    .bss                gimbal_task.o
    0x20007f6c        -       0x000004ec   Zero   RW         7463    .bss                virtual_task.o
    0x20008458        -       0x00000068   Zero   RW         7620    .bss                cybergear_motor.o
    0x200084c0        -       0x00001a78   Zero   RW         7756    .bss                dji_motor.o
    0x20009f38        -       0x00000050   Zero   RW         7980    .bss                robot_cmd.o
    0x20009f88        -       0x00000280   Zero   RW         8377    .bss                bsp_can.o
    0x2000a208        -       0x00000060   Zero   RW         8435    .bss                bsp_dr16.o
    0x2000a268        -       0x00000534   Zero   RW         8644    .bss                bsp_referee.o
    0x2000a79c        -       0x00000564   Zero   RW         9420    .bss                ou_visionpro.o
    0x2000ad00        -       0x00000040   Zero   RW         9509    .bss                bmi088driver.o
    0x2000ad40        -       0x00000268   Zero   RW         9828    .bss                quaternionekf.o
    0x2000afa8        -       0x00000060   Zero   RW        10759    .bss                c_w.l(libspace.o)
    0x2000b008        -       0x00002000   Zero   RW          874    HEAP                startup_stm32f407xx.o
    0x2000d008        -       0x00002000   Zero   RW          873    STACK               startup_stm32f407xx.o


==============================================================================

Image component sizes


      Code (inc. data)   RO Data    RW Data    ZI Data      Debug   Object Name

      2890        176          0         64         64      10653   bmi088driver.o
       116         30          0          4          0       3576   bmi088middleware.o
        60         12          0          0          0       1063   bsp_buzzer.o
       464         32          0          8        640       3168   bsp_can.o
       786         44          0         16         96       5903   bsp_dr16.o
       660        120          0         64          0       5699   bsp_dwt.o
       586         14          0          0          0       3903   bsp_motor_encoder.o
        58          0          0          0          0       1026   bsp_pwm.o
      3162         44          0          3       1332      20783   bsp_referee.o
       496         44          0          4         80       2506   can.o
       142          0          0          0          0      23079   cmsis_os.o
       198         16        770          2          0       3849   crc.o
      1582         76          0         11        104      10296   cybergear_motor.o
      1278        108          0         56       6776     585428   dji_motor.o
       152          6          0          0          0        858   dma.o
         0          0          0          0          0      16900   event_groups.o
       424          0          0          0          0       4251   fifo.o
       224         10          0          0          0      16935   filter.o
      1252         74          0         26         44     613988   fire_task.o
       246         44        281         28        596      16056   freertos.o
      4956        518          0       2188       3696      16717   gimbal_task.o
       424         16          0          0          0       1231   gpio.o
       724         74          0         32      15360       7495   heap_4.o
      2752        198         48         72        508       8357   imu_task.o
      3160         26          0          4          0       9555   kalman_filter.o
       148          0          0          0          0       3634   list.o
       220          4          0          0          0       2317   lqr.o
       350         28          0          0          0     781106   main.o
      1008         48       3604          0          0       3829   maths.o
       256         36          0        432          0       2187   music_task.o
      6680        330          0        108       1380      11567   ou_visionpro.o
      1690         28          0          0          0       8796   pid.o
       894         78          0         12          0      11272   port.o
      4172        232        144        212        616      10811   quaternionekf.o
      3106        374          0         90         80     610580   robot_cmd.o
       282         26          0          9          0       3650   safe_task.o
       416         38          0          0        280       1979   spi.o
        64         26        392          0      16384        824   startup_stm32f407xx.o
       136         24          0          9          0       8802   stm32f4xx_hal.o
      2134          6          0          0          0      14539   stm32f4xx_hal_can.o
       252         22          0          0          0      33746   stm32f4xx_hal_cortex.o
      1246         16          8          0          0       5451   stm32f4xx_hal_dma.o
       542         50          0          0          0       3376   stm32f4xx_hal_gpio.o
        84          6          0          0          0        882   stm32f4xx_hal_msp.o
      3604         16          0          0          0      14004   stm32f4xx_hal_pcd.o
        90          0          0          0          0       2481   stm32f4xx_hal_pcd_ex.o
      1888         94          0          0          0       6365   stm32f4xx_hal_rcc.o
      1078         14          0          0          0       4725   stm32f4xx_hal_spi.o
      2392        142          0          0          0      16672   stm32f4xx_hal_tim.o
       300         30          0          0          0       3377   stm32f4xx_hal_tim_ex.o
       160         20          0          0         72       1459   stm32f4xx_hal_timebase_tim.o
      1918         14          0          0          0       9700   stm32f4xx_hal_uart.o
       234         66          0          0          0       9574   stm32f4xx_it.o
      4246         98          0          0          0      24027   stm32f4xx_ll_usb.o
         0          0          0          0          0        392   stream_buffer.o
        20          6         24          4          0       1163   system_stm32f4xx.o
      2626        322          0         60        240      23430   tasks.o
      1232         98          0          0        288       5049   tim.o
       616         62          0          0        424       2716   usart.o
        76         16          0          0        732       2627   usb_device.o
      1790         54          0        138          0      14481   usbd_cdc.o
       232         28          0         20       4096       5435   usbd_cdc_if.o
      1004         24          0          0       1836      17948   usbd_conf.o
      1346          0          0          0          0      16809   usbd_core.o
      2342         30          0          1          0      18044   usbd_ctlreq.o
       386        122          0         78        512       7017   usbd_desc.o
       174          0          0          0          0       4796   usbd_ioreq.o
       114         10          0         24          0       6308   user_lib_1.o
      1360        126          0         50       1260       7524   virtual_task.o

    ----------------------------------------------------------------------
     79786       4446       5308       3856      57496    3138746   Object Totals
         0          0         32          0          0          0   (incl. Generated)
        86          0          5         27          0          0   (incl. Padding)

    ----------------------------------------------------------------------

      Code (inc. data)   RO Data    RW Data    ZI Data      Debug   Library Member Name

         0          0       2052          0          0       4704   arm_common_tables.o
       120         12          0          0          0      17170   arm_cos_f32.o
       264          0          0          0          0       1826   arm_mat_add_f32.o
         8          0          0          0          0        999   arm_mat_init_f32.o
      1328          4          0          0          0       4782   arm_mat_inverse_f32.o
       316          4          0          0          0       2375   arm_mat_mult_f32.o
       264          0          0          0          0       1826   arm_mat_sub_f32.o
       276          0          0          0          0       2240   arm_mat_trans_f32.o
       148         18          0          0          0        814   arm_sin_f32.o
       100          0          0          0          0          0   __dclz77c.o
         8          0          0          0          0         68   __main.o
         0          0          0          0          0          0   __rtentry.o
        12          0          0          0          0          0   __rtentry2.o
         6          0          0          0          0          0   __rtentry4.o
        52          8          0          0          0          0   __scatter.o
        28          0          0          0          0          0   __scatter_zi.o
        48          4          0          0          0         84   _fptrap.o
        22          0          0          0          0        100   _rserrno.o
        10          0          0          0          0         68   defsig_exit.o
       172        110          0          0          0         76   defsig_fpe_inner.o
        14          0          0          0          0         80   defsig_fpe_outer.o
        50          0          0          0          0         88   defsig_general.o
        80         58          0          0          0         76   defsig_rtmem_inner.o
        14          0          0          0          0         80   defsig_rtmem_outer.o
        18          0          0          0          0         80   exit.o
        94          0          0          0          0         80   h1_alloc.o
        52          0          0          0          0         68   h1_extend.o
        78          0          0          0          0         80   h1_free.o
        14          0          0          0          0         84   h1_init.o
         6          0          0          0          0        152   heapauxi.o
         4          0          0          0          0        136   hguard.o
         0          0          0          0          0          0   indicate_semi.o
       138          0          0          0          0        168   init_alloc.o
         2          0          0          0          0          0   libinit.o
        14          0          0          0          0          0   libinit2.o
         2          0          0          0          0          0   libshutdown.o
         2          0          0          0          0          0   libshutdown2.o
         8          4          0          0         96         68   libspace.o
       238          0          0          0          0        100   lludivv7m.o
         0          0          0          0          0          0   maybetermalloc1.o
         8          4          0          0          0         68   rt_errno_addr_intlibspace.o
         8          4          0          0          0         68   rt_heap_descriptor_intlibspace.o
        68          0          0          0          0         68   rt_memclr.o
        78          0          0          0          0         80   rt_memclr_w.o
       138          0          0          0          0         68   rt_memcpy_v6.o
       100          0          0          0          0         80   rt_memcpy_w.o
         2          0          0          0          0          0   rtexit.o
        10          0          0          0          0          0   rtexit2.o
        72          0          0          0          0         80   strcpy.o
        12          4          0          0          0         68   sys_exit.o
        74          0          0          0          0         80   sys_stackheap_outer.o
        14          0          0          0          0         76   sys_wrch.o
         2          0          0          0          0         68   use_no_semi.o
        24          0          0          0          0        164   basic.o
       708         16          0          0          0        140   d2f_clz.o
      1336         32          0          0          0        532   daddsub_clz.o
        24          0          0          0          0        116   dcmpi.o
       892        152          0          0          0        292   ddiv_clz.o
       116          8          0          0          0        140   deqf.o
       200         16          0          0          0        184   dfix.o
       110          0          0          0          0        348   dflt_clz.o
       120          8          0          0          0        140   dleqf.o
       448         16          0          0          0        164   dmul_clz.o
       258          4          0          0          0        156   dnaninf.o
       112          0          0          0          0        160   drenorm_clz.o
        12          0          0          0          0        116   dretinf.o
        98          0          0          0          0        128   drleqf.o
       378          0          0          0          0        168   dunder_clz.o
       492         36          0          0          0        148   except.o
       122          8          0          0          0        132   f2d.o
       180         16          0          0          0        132   ffixll.o
       158          0          0          0          0        132   ffltll_clz.o
       242          4          0          0          0        144   fnaninf.o
        10          0          0          0          0        116   fpinit.o
        10          0          0          0          0        116   fretinf.o
       316          0          0          0          0        132   funder_clz.o
       178          0          0          0          0        116   retnan.o
       126          0          0          0          0        148   trapv.o
         0          0          0          0          0          0   usenofp.o
       280         46          0          0          0        176   acosf.o
       300         42          0          0          0        176   asinf.o
       744        106        152          0          0        352   atan.o
       512         64          0          0          0        208   atan2.o
       684         90          0          0          0        208   atan2f.o
       200         20          0          0          0        164   cos.o
       368         46         48          0          0        200   cos_i.o
       136         24          0          0          0        620   dunder.o
       856        142         88          0          0        288   exp.o
        24          0          0          0          0        124   fabs.o
        48          0          0          0          0        124   fpclassify.o
        38          0          0          0          0        116   fpclassifyf.o
        44         12          0          0          0        464   funder.o
       248          0          0          0          0        152   poly.o
         0          0          8          0          0          0   qnan.o
      1080        142        200          0          0        188   rred.o
       200         20          0          0          0        164   sin.o
       304         24         40          0          0        208   sin_i.o
       120          0          0          0          0        272   sqrtf_full.o

    ----------------------------------------------------------------------
     17482       1332       2592          0         96      47744   Library Totals
        30          4          4          0          0          0   (incl. Padding)

    ----------------------------------------------------------------------

      Code (inc. data)   RO Data    RW Data    ZI Data      Debug   Library Name

      2724         38       2052          0          0      36736   arm_cortexM4lf_math.lib
      1872        196          0          0         96       2540   c_w.l
      6670        316          0          0          0       4264   g_wm.l
      6186        778        536          0          0       4204   m_wm.l

    ----------------------------------------------------------------------
     17482       1332       2592          0         96      47744   Library Totals

    ----------------------------------------------------------------------

==============================================================================


      Code (inc. data)   RO Data    RW Data    ZI Data      Debug   

     97268       5778       7900       3856      57592    3126786   Grand Totals
     97268       5778       7900       2388      57592    3126786   ELF Image Totals (compressed)
     97268       5778       7900       2388          0          0   ROM Totals

==============================================================================

    Total RO  Size (Code + RO Data)               105168 ( 102.70kB)
    Total RW  Size (RW Data + ZI Data)             61448 (  60.01kB)
    Total ROM Size (Code + RO Data + RW Data)     107556 ( 105.04kB)

==============================================================================

