Component: ARM Compiler 5.06 update 7 (build 960) Tool: armlink [4d3601]

==============================================================================

Section Cross References

    startup_stm32f407xx.o(STACK) refers (Special) to heapauxi.o(.text) for __use_two_region_memory
    startup_stm32f407xx.o(HEAP) refers (Special) to heapauxi.o(.text) for __use_two_region_memory
    startup_stm32f407xx.o(RESET) refers (Special) to heapauxi.o(.text) for __use_two_region_memory
    startup_stm32f407xx.o(RESET) refers to startup_stm32f407xx.o(STACK) for __initial_sp
    startup_stm32f407xx.o(RESET) refers to startup_stm32f407xx.o(.text) for Reset_Handler
    startup_stm32f407xx.o(RESET) refers to stm32f4xx_it.o(i.NMI_Handler) for NMI_Handler
    startup_stm32f407xx.o(RESET) refers to stm32f4xx_it.o(i.HardFault_Handler) for HardFault_Handler
    startup_stm32f407xx.o(RESET) refers to stm32f4xx_it.o(i.MemManage_Handler) for MemManage_Handler
    startup_stm32f407xx.o(RESET) refers to stm32f4xx_it.o(i.BusFault_Handler) for BusFault_Handler
    startup_stm32f407xx.o(RESET) refers to stm32f4xx_it.o(i.UsageFault_Handler) for UsageFault_Handler
    startup_stm32f407xx.o(RESET) refers to port.o(.emb_text) for SVC_Handler
    startup_stm32f407xx.o(RESET) refers to stm32f4xx_it.o(i.DebugMon_Handler) for DebugMon_Handler
    startup_stm32f407xx.o(RESET) refers to port.o(i.SysTick_Handler) for SysTick_Handler
    startup_stm32f407xx.o(RESET) refers to stm32f4xx_it.o(i.DMA1_Stream1_IRQHandler) for DMA1_Stream1_IRQHandler
    startup_stm32f407xx.o(RESET) refers to stm32f4xx_it.o(i.DMA1_Stream5_IRQHandler) for DMA1_Stream5_IRQHandler
    startup_stm32f407xx.o(RESET) refers to stm32f4xx_it.o(i.CAN1_RX0_IRQHandler) for CAN1_RX0_IRQHandler
    startup_stm32f407xx.o(RESET) refers to stm32f4xx_it.o(i.TIM1_BRK_TIM9_IRQHandler) for TIM1_BRK_TIM9_IRQHandler
    startup_stm32f407xx.o(RESET) refers to stm32f4xx_it.o(i.USART2_IRQHandler) for USART2_IRQHandler
    startup_stm32f407xx.o(RESET) refers to stm32f4xx_it.o(i.USART3_IRQHandler) for USART3_IRQHandler
    startup_stm32f407xx.o(RESET) refers to stm32f4xx_it.o(i.DMA2_Stream0_IRQHandler) for DMA2_Stream0_IRQHandler
    startup_stm32f407xx.o(RESET) refers to stm32f4xx_it.o(i.DMA2_Stream1_IRQHandler) for DMA2_Stream1_IRQHandler
    startup_stm32f407xx.o(RESET) refers to stm32f4xx_it.o(i.DMA2_Stream3_IRQHandler) for DMA2_Stream3_IRQHandler
    startup_stm32f407xx.o(RESET) refers to stm32f4xx_it.o(i.CAN2_RX0_IRQHandler) for CAN2_RX0_IRQHandler
    startup_stm32f407xx.o(RESET) refers to stm32f4xx_it.o(i.OTG_FS_IRQHandler) for OTG_FS_IRQHandler
    startup_stm32f407xx.o(RESET) refers to stm32f4xx_it.o(i.USART6_IRQHandler) for USART6_IRQHandler
    startup_stm32f407xx.o(.text) refers (Special) to heapauxi.o(.text) for __use_two_region_memory
    startup_stm32f407xx.o(.text) refers to system_stm32f4xx.o(i.SystemInit) for SystemInit
    startup_stm32f407xx.o(.text) refers to __main.o(!!!main) for __main
    startup_stm32f407xx.o(.text) refers to startup_stm32f407xx.o(HEAP) for Heap_Mem
    startup_stm32f407xx.o(.text) refers to startup_stm32f407xx.o(STACK) for Stack_Mem
    main.o(i.HAL_TIM_PeriodElapsedCallback) refers to stm32f4xx_hal.o(i.HAL_IncTick) for HAL_IncTick
    main.o(i.SystemClock_Config) refers to rt_memclr_w.o(.text) for __aeabi_memclr4
    main.o(i.SystemClock_Config) refers to stm32f4xx_hal_rcc.o(i.HAL_RCC_OscConfig) for HAL_RCC_OscConfig
    main.o(i.SystemClock_Config) refers to main.o(i.Error_Handler) for Error_Handler
    main.o(i.SystemClock_Config) refers to stm32f4xx_hal_rcc.o(i.HAL_RCC_ClockConfig) for HAL_RCC_ClockConfig
    main.o(i.main) refers to stm32f4xx_hal.o(i.HAL_Init) for HAL_Init
    main.o(i.main) refers to main.o(i.SystemClock_Config) for SystemClock_Config
    main.o(i.main) refers to gpio.o(i.MX_GPIO_Init) for MX_GPIO_Init
    main.o(i.main) refers to dma.o(i.MX_DMA_Init) for MX_DMA_Init
    main.o(i.main) refers to tim.o(i.MX_TIM1_Init) for MX_TIM1_Init
    main.o(i.main) refers to can.o(i.MX_CAN1_Init) for MX_CAN1_Init
    main.o(i.main) refers to can.o(i.MX_CAN2_Init) for MX_CAN2_Init
    main.o(i.main) refers to spi.o(i.MX_SPI1_Init) for MX_SPI1_Init
    main.o(i.main) refers to usart.o(i.MX_USART6_UART_Init) for MX_USART6_UART_Init
    main.o(i.main) refers to tim.o(i.MX_TIM10_Init) for MX_TIM10_Init
    main.o(i.main) refers to bsp_dr16.o(i.ECF_RC_Init) for ECF_RC_Init
    main.o(i.main) refers to bsp_can.o(i.ECF_CAN_Init) for ECF_CAN_Init
    main.o(i.main) refers to bsp_dwt.o(i.DWT_Init) for DWT_Init
    main.o(i.main) refers to bsp_referee.o(i.ECF_referee_uart_init) for ECF_referee_uart_init
    main.o(i.main) refers to bmi088driver.o(i.BMI088_init) for BMI088_init
    main.o(i.main) refers to freertos.o(i.MX_FREERTOS_Init) for MX_FREERTOS_Init
    main.o(i.main) refers to cmsis_os.o(i.osKernelStart) for osKernelStart
    main.o(i.main) refers to spi.o(.bss) for hspi1
    gpio.o(i.MX_GPIO_Init) refers to rt_memclr_w.o(.text) for __aeabi_memclr4
[...]
    0x0800024a   0x0800024a   0x00000000   Code   RO         9925    .ARM.Collect$$libinit$$00000025  c_w.l(libinit2.o)
    0x0800024a   0x0800024a   0x00000000   Code   RO         9929    .ARM.Collect$$libinit$$0000002C  c_w.l(libinit2.o)
    0x0800024a   0x0800024a   0x00000000   Code   RO         9931    .ARM.Collect$$libinit$$0000002E  c_w.l(libinit2.o)
    0x0800024a   0x0800024a   0x00000000   Code   RO         9933    .ARM.Collect$$libinit$$00000030  c_w.l(libinit2.o)
    0x0800024a   0x0800024a   0x00000000   Code   RO         9935    .ARM.Collect$$libinit$$00000032  c_w.l(libinit2.o)
    0x0800024a   0x0800024a   0x00000002   Code   RO         9936    .ARM.Collect$$libinit$$00000033  c_w.l(libinit2.o)
    0x0800024c   0x0800024c   0x00000002   Code   RO        10193    .ARM.Collect$$libshutdown$$00000000  c_w.l(libshutdown.o)
    0x0800024e   0x0800024e   0x00000000   Code   RO        10149    .ARM.Collect$$libshutdown$$00000002  c_w.l(libshutdown2.o)
    0x0800024e   0x0800024e   0x00000000   Code   RO        10151    .ARM.Collect$$libshutdown$$00000004  c_w.l(libshutdown2.o)
    0x0800024e   0x0800024e   0x00000000   Code   RO        10153    .ARM.Collect$$libshutdown$$00000006  c_w.l(libshutdown2.o)
    0x0800024e   0x0800024e   0x00000000   Code   RO        10156    .ARM.Collect$$libshutdown$$00000009  c_w.l(libshutdown2.o)
    0x0800024e   0x0800024e   0x00000000   Code   RO        10159    .ARM.Collect$$libshutdown$$0000000C  c_w.l(libshutdown2.o)
    0x0800024e   0x0800024e   0x00000000   Code   RO        10161    .ARM.Collect$$libshutdown$$0000000E  c_w.l(libshutdown2.o)
    0x0800024e   0x0800024e   0x00000000   Code   RO        10164    .ARM.Collect$$libshutdown$$00000011  c_w.l(libshutdown2.o)
    0x0800024e   0x0800024e   0x00000002   Code   RO        10165    .ARM.Collect$$libshutdown$$00000012  c_w.l(libshutdown2.o)
    0x08000250   0x08000250   0x00000000   Code   RO         9858    .ARM.Collect$$rtentry$$00000000  c_w.l(__rtentry.o)
    0x08000250   0x08000250   0x00000000   Code   RO        10057    .ARM.Collect$$rtentry$$00000002  c_w.l(__rtentry2.o)
    0x08000250   0x08000250   0x00000006   Code   RO        10069    .ARM.Collect$$rtentry$$00000004  c_w.l(__rtentry4.o)
    0x08000256   0x08000256   0x00000000   Code   RO        10059    .ARM.Collect$$rtentry$$00000009  c_w.l(__rtentry2.o)
    0x08000256   0x08000256   0x00000004   Code   RO        10060    .ARM.Collect$$rtentry$$0000000A  c_w.l(__rtentry2.o)
    0x0800025a   0x0800025a   0x00000000   Code   RO        10062    .ARM.Collect$$rtentry$$0000000C  c_w.l(__rtentry2.o)
    0x0800025a   0x0800025a   0x00000008   Code   RO        10063    .ARM.Collect$$rtentry$$0000000D  c_w.l(__rtentry2.o)
    0x08000262   0x08000262   0x00000002   Code   RO        10136    .ARM.Collect$$rtexit$$00000000  c_w.l(rtexit.o)
    0x08000264   0x08000264   0x00000000   Code   RO        10169    .ARM.Collect$$rtexit$$00000002  c_w.l(rtexit2.o)
    0x08000264   0x08000264   0x00000004   Code   RO        10170    .ARM.Collect$$rtexit$$00000003  c_w.l(rtexit2.o)
    0x08000268   0x08000268   0x00000006   Code   RO        10171    .ARM.Collect$$rtexit$$00000004  c_w.l(rtexit2.o)
    0x0800026e   0x0800026e   0x00000002   PAD
    0x08000270   0x08000270   0x000000be   Code   RO         6226    .emb_text           port.o
    0x0800032e   0x0800032e   0x00000002   PAD
    0x08000330   0x08000330   0x00000000   Code   RO        10080    .emb_text           c_w.l(maybetermalloc1.o)
    0x08000330   0x08000330   0x00000040   Code   RO            4    .text               startup_stm32f407xx.o
    0x08000370   0x08000370   0x00000078   Code   RO         9319    .text               arm_cortexM4lf_math.lib(arm_cos_f32.o)
    0x080003e8   0x080003e8   0x00000094   Code   RO         9369    .text               arm_cortexM4lf_math.lib(arm_sin_f32.o)
    0x0800047c   0x0800047c   0x00000108   Code   RO         9393    .text               arm_cortexM4lf_math.lib(arm_mat_add_f32.o)
    0x08000584   0x08000584   0x00000008   Code   RO         9417    .text               arm_cortexM4lf_math.lib(arm_mat_init_f32.o)
    0x0800058c   0x0800058c   0x00000530   Code   RO         9441    .text               arm_cortexM4lf_math.lib(arm_mat_inverse_f32.o)
    0x08000abc   0x08000abc   0x0000013c   Code   RO         9465    .text               arm_cortexM4lf_math.lib(arm_mat_mult_f32.o)
    0x08000bf8   0x08000bf8   0x00000108   Code   RO         9489    .text               arm_cortexM4lf_math.lib(arm_mat_sub_f32.o)
    0x08000d00   0x08000d00   0x00000114   Code   RO         9513    .text               arm_cortexM4lf_math.lib(arm_mat_trans_f32.o)
    0x08000e14   0x08000e14   0x0000005e   Code   RO         9622    .text               c_w.l(h1_alloc.o)
    0x08000e72   0x08000e72   0x0000004e   Code   RO         9624    .text               c_w.l(h1_free.o)
    0x08000ec0   0x08000ec0   0x000000ee   Code   RO         9680    .text               c_w.l(lludivv7m.o)
    0x08000fae   0x08000fae   0x00000048   Code   RO         9682    .text               c_w.l(strcpy.o)
    0x08000ff6   0x08000ff6   0x0000008a   Code   RO         9684    .text               c_w.l(rt_memcpy_v6.o)
    0x08001080   0x08001080   0x00000064   Code   RO         9686    .text               c_w.l(rt_memcpy_w.o)
    0x080010e4   0x080010e4   0x00000044   Code   RO         9690    .text               c_w.l(rt_memclr.o)
    0x08001128   0x08001128   0x0000004e   Code   RO         9692    .text               c_w.l(rt_memclr_w.o)
    0x08001176   0x08001176   0x00000002   PAD
    0x08001178   0x08001178   0x00000080   Code   RO         9694    .text               c_w.l(strcmpv7m.o)
    0x080011f8   0x080011f8   0x00000006   Code   RO         9696    .text               c_w.l(heapauxi.o)
    0x080011fe   0x080011fe   0x00000002   PAD
    0x08001200   0x08001200   0x00000008   Code   RO         9866    .text               c_w.l(rt_heap_descriptor_intlibspace.o)
    0x08001208   0x08001208   0x00000004   Code   RO         9868    .text               c_w.l(hguard.o)
    0x0800120c   0x0800120c   0x0000008a   Code   RO         9870    .text               c_w.l(init_alloc.o)
    0x08001296   0x08001296   0x0000000e   Code   RO         9874    .text               c_w.l(h1_init.o)
    0x080012a4   0x080012a4   0x00000016   Code   RO         9888    .text               c_w.l(_rserrno.o)
    0x080012ba   0x080012ba   0x00000002   PAD
    0x080012bc   0x080012bc   0x00000008   Code   RO        10053    .text               c_w.l(libspace.o)
    0x080012c4   0x080012c4   0x00000008   Code   RO        10076    .text               c_w.l(rt_errno_addr_intlibspace.o)
    0x080012cc   0x080012cc   0x00000034   Code   RO        10082    .text               c_w.l(h1_extend.o)
    0x08001300   0x08001300   0x00000030   Code   RO        10086    .text               c_w.l(_fptrap.o)
    0x08001330   0x08001330   0x0000000e   Code   RO        10088    .text               c_w.l(defsig_rtmem_outer.o)
    0x0800133e   0x0800133e   0x00000002   Code   RO        10105    .text               c_w.l(use_no_semi.o)
    0x08001340   0x08001340   0x00000000   Code   RO        10107    .text               c_w.l(indicate_semi.o)
    0x08001340   0x08001340   0x0000004a   Code   RO        10108    .text               c_w.l(sys_stackheap_outer.o)
    0x0800138a   0x0800138a   0x00000012   Code   RO        10114    .text               c_w.l(exit.o)
    0x0800139c   0x0800139c   0x0000000a   Code   RO        10116    .text               c_w.l(defsig_exit.o)
    0x080013a6   0x080013a6   0x0000000e   Code   RO        10118    .text               c_w.l(defsig_fpe_outer.o)
    0x080013b4   0x080013b4   0x00000050   Code   RO        10122    .text               c_w.l(defsig_rtmem_inner.o)
    0x08001404   0x08001404   0x0000000c   Code   RO        10134    .text               c_w.l(sys_exit.o)
    0x08001410   0x08001410   0x00000032   Code   RO        10144    .text               c_w.l(defsig_general.o)
    0x08001442   0x08001442   0x00000002   PAD
    0x08001444   0x08001444   0x000000ac   Code   RO        10146    .text               c_w.l(defsig_fpe_inner.o)
    0x080014f0   0x080014f0   0x0000000e   Code   RO        10166    .text               c_w.l(sys_wrch.o)
    0x080014fe   0x080014fe   0x00000002   PAD
    0x08001500   0x08001500   0x00000014   Code   RO         8881    i.BMI088_ACCEL_NS_H  bmi088middleware.o
    0x08001514   0x08001514   0x00000014   Code   RO         8882    i.BMI088_ACCEL_NS_L  bmi088middleware.o
    0x08001528   0x08001528   0x00000014   Code   RO         8883    i.BMI088_GYRO_NS_H  bmi088middleware.o
    0x0800153c   0x0800153c   0x00000014   Code   RO         8884    i.BMI088_GYRO_NS_L  bmi088middleware.o
    0x08001550   0x08001550   0x0000027c   Code   RO         8796    i.BMI088_Read       bmi088driver.o
    0x080017cc   0x080017cc   0x0000009c   Code   RO         8797    i.BMI088_init       bmi088driver.o
    0x08001868   0x08001868   0x00000026   Code   RO         8798    i.BMI088_read_muli_reg  bmi088driver.o
    0x0800188e   0x0800188e   0x00000018   Code   RO         8799    i.BMI088_read_single_reg  bmi088driver.o
    0x080018a6   0x080018a6   0x00000002   PAD
    0x080018a8   0x080018a8   0x00000024   Code   RO         8885    i.BMI088_read_write_byte  bmi088middleware.o
    0x080018cc   0x080018cc   0x00000014   Code   RO         8800    i.BMI088_write_single_reg  bmi088driver.o
    0x080018e0   0x080018e0   0x00000048   Code   RO         7963    i.BULLET_DATA       bsp_referee.o
    0x08001928   0x08001928   0x00000058   Code   RO         8151    i.Block_Detect      bsp_motor_encoder.o
    0x08001980   0x08001980   0x0000015a   Code   RO         7028    i.BodyFrameToEarthFrame  imu_task.o
    0x08001ada   0x08001ada   0x00000004   Code   RO          609    i.BusFault_Handler  stm32f4xx_it.o
    0x08001ade   0x08001ade   0x00000002   PAD
    0x08001ae0   0x08001ae0   0x00000010   Code   RO          610    i.CAN1_RX0_IRQHandler  stm32f4xx_it.o
    0x08001af0   0x08001af0   0x00000010   Code   RO          611    i.CAN2_RX0_IRQHandler  stm32f4xx_it.o
    0x08001b00   0x08001b00   0x0000014c   Code   RO         8153    i.CAN_DATA_Encoder_Deal  bsp_motor_encoder.o
    0x08001c4c   0x08001c4c   0x00000044   Code   RO          943    i.CDC_Control_FS    usbd_cdc_if.o
    0x08001c90   0x08001c90   0x00000004   Code   RO          944    i.CDC_DeInit_FS     usbd_cdc_if.o
    0x08001c94   0x08001c94   0x00000024   Code   RO          945    i.CDC_Init_FS       usbd_cdc_if.o
    0x08001cb8   0x08001cb8   0x00000038   Code   RO          946    i.CDC_Receive_FS    usbd_cdc_if.o
    0x08001cf0   0x08001cf0   0x0000000c   Code   RO          947    i.CDC_TransmitCplt_FS  usbd_cdc_if.o
    0x08001cfc   0x08001cfc   0x00000038   Code   RO          948    i.CDC_Transmit_FS   usbd_cdc_if.o
    0x08001d34   0x08001d34   0x0000004c   Code   RO         7964    i.CLIENT_DATA       bsp_referee.o
    0x08001d80   0x08001d80   0x00000050   Code   RO         7965    i.CLIENT_MAP_DATA   bsp_referee.o
    0x08001dd0   0x08001dd0   0x000000fc   Code   RO         7383    i.CMD_Init          robot_cmd.o
    0x08001ecc   0x08001ecc   0x00000544   Code   RO         8801    i.Calibrate_MPU_Offset  bmi088driver.o
    0x08002410   0x08002410   0x000000cc   Code   RO         8224    i.Changing_Integration_Rate  pid.o
    0x080024dc   0x080024dc   0x00000048   Code   RO         7966    i.DART_CLIENT       bsp_referee.o
    0x08002524   0x08002524   0x0000004e   Code   RO         7967    i.DART_REAMAINING_TIME  bsp_referee.o
    0x08002572   0x08002572   0x00000002   PAD
    0x08002574   0x08002574   0x00000024   Code   RO         7186    i.DJIMotor_CAN_Recive_init  dji_motor.o
    0x08002598   0x08002598   0x00000110   Code   RO         7187    i.DJIMotor_Call_Back  dji_motor.o
    0x080026a8   0x080026a8   0x00000018   Code   RO         7188    i.DJIMotor_Can1_Call_Back  dji_motor.o
    0x080026c0   0x080026c0   0x00000018   Code   RO         7189    i.DJIMotor_Can2_Call_Back  dji_motor.o
    0x080026d8   0x080026d8   0x00000004   Code   RO         7190    i.DJIMotor_CanRx_Callback  dji_motor.o
    0x080026dc   0x080026dc   0x0000005c   Code   RO         7191    i.DJIMotor_Data_Deal  dji_motor.o
    0x08002738   0x08002738   0x000001a0   Code   RO         7192    i.DJIMotor_Init     dji_motor.o
    0x080028d8   0x080028d8   0x00000022   Code   RO         7197    i.DJIMotor_Set_val  dji_motor.o
    0x080028fa   0x080028fa   0x00000002   PAD
    0x080028fc   0x080028fc   0x000000c4   Code   RO         7198    i.DJMotor_Send_only_one  dji_motor.o
    0x080029c0   0x080029c0   0x00000010   Code   RO          612    i.DMA1_Stream1_IRQHandler  stm32f4xx_it.o
    0x080029d0   0x080029d0   0x00000010   Code   RO          613    i.DMA1_Stream5_IRQHandler  stm32f4xx_it.o
    0x080029e0   0x080029e0   0x00000010   Code   RO          614    i.DMA2_Stream0_IRQHandler  stm32f4xx_it.o
    0x080029f0   0x080029f0   0x00000010   Code   RO          615    i.DMA2_Stream1_IRQHandler  stm32f4xx_it.o
    0x08002a00   0x08002a00   0x00000010   Code   RO          616    i.DMA2_Stream3_IRQHandler  stm32f4xx_it.o
    0x08002a10   0x08002a10   0x00000034   Code   RO         2360    i.DMA_CalcBaseAndBitshift  stm32f4xx_hal_dma.o
    0x08002a44   0x08002a44   0x000000aa   Code   RO         2361    i.DMA_CheckFifoParam  stm32f4xx_hal_dma.o
    0x08002aee   0x08002aee   0x00000002   PAD
    0x08002af0   0x08002af0   0x00000030   Code   RO         8935    i.DWT_CNT_Update    bsp_dwt.o
    0x08002b20   0x08002b20   0x0000003c   Code   RO         8936    i.DWT_Delay         bsp_dwt.o
    0x08002b5c   0x08002b5c   0x0000004c   Code   RO         8937    i.DWT_GetDeltaT     bsp_dwt.o
    0x08002ba8   0x08002ba8   0x00000050   Code   RO         8939    i.DWT_GetTimeline_ms  bsp_dwt.o
    0x08002bf8   0x08002bf8   0x00000054   Code   RO         8940    i.DWT_GetTimeline_s  bsp_dwt.o
    0x08002c4c   0x08002c4c   0x00000068   Code   RO         8942    i.DWT_Init          bsp_dwt.o
    0x08002cb4   0x08002cb4   0x000000d0   Code   RO         8943    i.DWT_SysTimeUpdate  bsp_dwt.o
    0x08002d84   0x08002d84   0x000000c8   Code   RO         7384    i.Deal_Dr16_form_chassis  robot_cmd.o
    0x08002e4c   0x08002e4c   0x0000004c   Code   RO         7385    i.Deal_Fire_Set_Rpm  robot_cmd.o
    0x08002e98   0x08002e98   0x00000030   Code   RO         7387    i.Deal_Pitch_Limit_More  robot_cmd.o
    0x08002ec8   0x08002ec8   0x00000010   Code   RO         7388    i.Deal_Pitch_Limit_More_disconnect  robot_cmd.o
    0x08002ed8   0x08002ed8   0x00000002   Code   RO         7389    i.Deal_Pitch_Limit_More_online  robot_cmd.o
    0x08002eda   0x08002eda   0x00000002   PAD
    0x08002edc   0x08002edc   0x0000002c   Code   RO         7390    i.Deal_Shoot_Speed_form_chassis  robot_cmd.o
    0x08002f08   0x08002f08   0x00000002   Code   RO          617    i.DebugMon_Handler  stm32f4xx_it.o
    0x08002f0a   0x08002f0a   0x00000002   PAD
    0x08002f0c   0x08002f0c   0x000000d4   Code   RO         7806    i.ECF_CAN_Init      bsp_can.o
    0x08002fe0   0x08002fe0   0x00000060   Code   RO         7807    i.ECF_CAN_Rx_Callback_Register  bsp_can.o
    0x08003040   0x08003040   0x0000001c   Code   RO         7029    i.ECF_IMU_Task      imu_task.o
    0x0800305c   0x0800305c   0x000000cc   Code   RO         7030    i.ECF_INS_Init      imu_task.o
    0x08003128   0x08003128   0x00000344   Code   RO         7031    i.ECF_INS_Task      imu_task.o
    0x0800346c   0x0800346c   0x0000001c   Code   RO         7848    i.ECF_RC_Init       bsp_dr16.o
    0x08003488   0x08003488   0x0000001c   Code   RO         7968    i.ECF_referee_uart_init  bsp_referee.o
    0x080034a4   0x080034a4   0x0000003c   Code   RO         7969    i.EVENT_DATA        bsp_referee.o
    0x080034e0   0x080034e0   0x0000015a   Code   RO         7032    i.EarthFrameToBodyFrame  imu_task.o
    0x0800363a   0x0800363a   0x00000074   Code   RO         8155    i.Encoder_Init      bsp_motor_encoder.o
    0x080036ae   0x080036ae   0x0000000e   Code   RO         8156    i.Encoder_Struct_Zero  bsp_motor_encoder.o
    0x080036bc   0x080036bc   0x00000006   Code   RO           13    i.Error_Handler     main.o
    0x080036c2   0x080036c2   0x00000002   PAD
    0x080036c4   0x080036c4   0x00000088   Code   RO         6736    i.FIRE_TASK         fire_task.o
    0x0800374c   0x0800374c   0x00000078   Code   RO         6923    i.Flash_fire_bias_time  virtual_task.o
    0x080037c4   0x080037c4   0x00000060   Code   RO         7970    i.GAME_RESULT       bsp_referee.o
    0x08003824   0x08003824   0x00000056   Code   RO         7971    i.GAME_STATUS       bsp_referee.o
    0x0800387a   0x0800387a   0x00000002   PAD
    0x0800387c   0x0800387c   0x0000003c   Code   RO         6816    i.GIMBAL_TASK       gimbal_task.o
    0x080038b8   0x080038b8   0x0000003e   Code   RO         7972    i.GROUND_ROBOT_POSITION  bsp_referee.o
    0x080038f6   0x080038f6   0x00000002   PAD
    0x080038f8   0x080038f8   0x00000034   Code   RO         8667    i.Get_CRC16_Check_Sum  crc.o
    0x0800392c   0x0800392c   0x00000024   Code   RO         8668    i.Get_CRC8_Check_Sum  crc.o
    0x08003950   0x08003950   0x00000030   Code   RO         7391    i.Get_Gimbal_CMD_point  robot_cmd.o
    0x08003980   0x08003980   0x0000005c   Code   RO         7717    i.Get_Lost_outpost_time  ou_visionpro.o
    0x080039dc   0x080039dc   0x00000034   Code   RO          853    i.Get_SerialNum     usbd_desc.o
    0x08003a10   0x08003a10   0x0000000c   Code   RO         6924    i.Get_Virtual_task_init_falg  virtual_task.o
    0x08003a1c   0x08003a1c   0x00000008   Code   RO         7973    i.Get_referee_Address  bsp_referee.o
    0x08003a24   0x08003a24   0x000002c0   Code   RO         7392    i.Gimbal_Angle_Set  robot_cmd.o
    0x08003ce4   0x08003ce4   0x00000410   Code   RO         7393    i.Gimbal_CMD_Set    robot_cmd.o
    0x080040f4   0x080040f4   0x00000040   Code   RO         7394    i.Gimbal_Deal_TLcontrol  robot_cmd.o
    0x08004134   0x08004134   0x00000060   Code   RO         7395    i.Gimbal_Fire_State_Set  robot_cmd.o
    0x08004194   0x08004194   0x00000230   Code   RO         6817    i.Gimbal_Init       gimbal_task.o
    0x080043c4   0x080043c4   0x0000000c   Code   RO         7396    i.Gimbal_Pitch_Lock  robot_cmd.o
    0x080043d0   0x080043d0   0x00000014   Code   RO         7397    i.Gimbal_Pitch_Set_Encoder  robot_cmd.o
    0x080043e4   0x080043e4   0x00000014   Code   RO         7398    i.Gimbal_Pitch_Set_IMU  robot_cmd.o
    0x080043f8   0x080043f8   0x000005f0   Code   RO         6819    i.Gimbal_Work       gimbal_task.o
    0x080049e8   0x080049e8   0x0000007c   Code   RO         7399    i.Gimbal_Work_State_Set  robot_cmd.o
    0x08004a64   0x08004a64   0x0000000c   Code   RO         7400    i.Gimbal_Yaw_Lock   robot_cmd.o
    0x08004a70   0x08004a70   0x00000014   Code   RO         7401    i.Gimbal_Yaw_Set_Encoder  robot_cmd.o
    0x08004a84   0x08004a84   0x00000014   Code   RO         7402    i.Gimbal_Yaw_Set_IMU  robot_cmd.o
    0x08004a98   0x08004a98   0x0000002a   Code   RO         3039    i.HAL_CAN_ActivateNotification  stm32f4xx_hal_can.o
    0x08004ac2   0x08004ac2   0x00000156   Code   RO         3040    i.HAL_CAN_AddTxMessage  stm32f4xx_hal_can.o
    0x08004c18   0x08004c18   0x00000124   Code   RO         3041    i.HAL_CAN_ConfigFilter  stm32f4xx_hal_can.o
    0x08004d3c   0x08004d3c   0x00000002   Code   RO         3044    i.HAL_CAN_ErrorCallback  stm32f4xx_hal_can.o
    0x08004d3e   0x08004d3e   0x0000017a   Code   RO         3047    i.HAL_CAN_GetRxMessage  stm32f4xx_hal_can.o
    0x08004eb8   0x08004eb8   0x0000024e   Code   RO         3051    i.HAL_CAN_IRQHandler  stm32f4xx_hal_can.o
    0x08005106   0x08005106   0x00000174   Code   RO         3052    i.HAL_CAN_Init      stm32f4xx_hal_can.o
    0x0800527a   0x0800527a   0x00000002   PAD
    0x0800527c   0x0800527c   0x00000160   Code   RO          387    i.HAL_CAN_MspInit   can.o
    0x080053dc   0x080053dc   0x00000002   Code   RO         3059    i.HAL_CAN_RxFifo0FullCallback  stm32f4xx_hal_can.o
    0x080053de   0x080053de   0x00000002   PAD
    0x080053e0   0x080053e0   0x0000009c   Code   RO         7808    i.HAL_CAN_RxFifo0MsgPendingCallback  bsp_can.o
    0x0800547c   0x0800547c   0x00000002   Code   RO         3061    i.HAL_CAN_RxFifo1FullCallback  stm32f4xx_hal_can.o
    0x0800547e   0x0800547e   0x00000002   Code   RO         3062    i.HAL_CAN_RxFifo1MsgPendingCallback  stm32f4xx_hal_can.o
    0x08005480   0x08005480   0x00000002   Code   RO         3063    i.HAL_CAN_SleepCallback  stm32f4xx_hal_can.o
    0x08005482   0x08005482   0x0000005e   Code   RO         3064    i.HAL_CAN_Start     stm32f4xx_hal_can.o
    0x080054e0   0x080054e0   0x00000002   Code   RO         3066    i.HAL_CAN_TxMailbox0AbortCallback  stm32f4xx_hal_can.o
    0x080054e2   0x080054e2   0x00000002   Code   RO         3067    i.HAL_CAN_TxMailbox0CompleteCallback  stm32f4xx_hal_can.o
    0x080054e4   0x080054e4   0x00000002   Code   RO         3068    i.HAL_CAN_TxMailbox1AbortCallback  stm32f4xx_hal_can.o
    0x080054e6   0x080054e6   0x00000002   Code   RO         3069    i.HAL_CAN_TxMailbox1CompleteCallback  stm32f4xx_hal_can.o
    0x080054e8   0x080054e8   0x00000002   Code   RO         3070    i.HAL_CAN_TxMailbox2AbortCallback  stm32f4xx_hal_can.o
    0x080054ea   0x080054ea   0x00000002   Code   RO         3071    i.HAL_CAN_TxMailbox2CompleteCallback  stm32f4xx_hal_can.o
    0x080054ec   0x080054ec   0x00000002   Code   RO         3073    i.HAL_CAN_WakeUpFromRxMsgCallback  stm32f4xx_hal_can.o
    0x080054ee   0x080054ee   0x000000ac   Code   RO         2363    i.HAL_DMA_Abort     stm32f4xx_hal_dma.o
    0x0800559a   0x0800559a   0x00000028   Code   RO         2364    i.HAL_DMA_Abort_IT  stm32f4xx_hal_dma.o
    0x080055c2   0x080055c2   0x00000002   PAD
    0x080055c4   0x080055c4   0x00000240   Code   RO         2368    i.HAL_DMA_IRQHandler  stm32f4xx_hal_dma.o
    0x08005804   0x08005804   0x000000ec   Code   RO         2369    i.HAL_DMA_Init      stm32f4xx_hal_dma.o
    0x080058f0   0x080058f0   0x00000028   Code   RO         2787    i.HAL_Delay         stm32f4xx_hal.o
    0x08005918   0x08005918   0x000001f4   Code   RO         2256    i.HAL_GPIO_Init     stm32f4xx_hal_gpio.o
    0x08005b0c   0x08005b0c   0x0000000c   Code   RO         2260    i.HAL_GPIO_WritePin  stm32f4xx_hal_gpio.o
    0x08005b18   0x08005b18   0x0000000c   Code   RO         2793    i.HAL_GetTick       stm32f4xx_hal.o
    0x08005b24   0x08005b24   0x00000018   Code   RO         2799    i.HAL_IncTick       stm32f4xx_hal.o
    0x08005b3c   0x08005b3c   0x0000003c   Code   RO         2800    i.HAL_Init          stm32f4xx_hal.o
    0x08005b78   0x08005b78   0x000000a0   Code   RO          766    i.HAL_InitTick      stm32f4xx_hal_timebase_tim.o
    0x08005c18   0x08005c18   0x00000054   Code   RO          742    i.HAL_MspInit       stm32f4xx_hal_msp.o
    0x08005c6c   0x08005c6c   0x00000020   Code   RO         2645    i.HAL_NVIC_EnableIRQ  stm32f4xx_hal_cortex.o
    0x08005c8c   0x08005c8c   0x0000007c   Code   RO         2651    i.HAL_NVIC_SetPriority  stm32f4xx_hal_cortex.o
    0x08005d08   0x08005d08   0x00000028   Code   RO         2652    i.HAL_NVIC_SetPriorityGrouping  stm32f4xx_hal_cortex.o
    0x08005d30   0x08005d30   0x00000002   Code   RO         1504    i.HAL_PCDEx_LPM_Callback  stm32f4xx_hal_pcd_ex.o
    0x08005d32   0x08005d32   0x0000000a   Code   RO         1505    i.HAL_PCDEx_SetRxFiFo  stm32f4xx_hal_pcd_ex.o
    0x08005d3c   0x08005d3c   0x0000004e   Code   RO         1506    i.HAL_PCDEx_SetTxFiFo  stm32f4xx_hal_pcd_ex.o
    0x08005d8a   0x08005d8a   0x0000000e   Code   RO         1053    i.HAL_PCD_ConnectCallback  usbd_conf.o
    0x08005d98   0x08005d98   0x00000020   Code   RO         1054    i.HAL_PCD_DataInStageCallback  usbd_conf.o
    0x08005db8   0x08005db8   0x00000020   Code   RO         1055    i.HAL_PCD_DataOutStageCallback  usbd_conf.o
    0x08005dd8   0x08005dd8   0x0000000e   Code   RO         1056    i.HAL_PCD_DisconnectCallback  usbd_conf.o
    0x08005de6   0x08005de6   0x00000042   Code   RO         1269    i.HAL_PCD_EP_Abort  stm32f4xx_hal_pcd.o
    0x08005e28   0x08005e28   0x0000006a   Code   RO         1270    i.HAL_PCD_EP_Close  stm32f4xx_hal_pcd.o
    0x08005e92   0x08005e92   0x0000007c   Code   RO         1271    i.HAL_PCD_EP_ClrStall  stm32f4xx_hal_pcd.o
    0x08005f0e   0x08005f0e   0x00000016   Code   RO         1273    i.HAL_PCD_EP_GetRxCount  stm32f4xx_hal_pcd.o
    0x08005f24   0x08005f24   0x0000008c   Code   RO         1274    i.HAL_PCD_EP_Open   stm32f4xx_hal_pcd.o
    0x08005fb0   0x08005fb0   0x00000058   Code   RO         1275    i.HAL_PCD_EP_Receive  stm32f4xx_hal_pcd.o
    0x08006008   0x08006008   0x0000008a   Code   RO         1276    i.HAL_PCD_EP_SetStall  stm32f4xx_hal_pcd.o
    0x08006092   0x08006092   0x0000005a   Code   RO         1277    i.HAL_PCD_EP_Transmit  stm32f4xx_hal_pcd.o
    0x080060ec   0x080060ec   0x000006ca   Code   RO         1279    i.HAL_PCD_IRQHandler  stm32f4xx_hal_pcd.o
    0x080067b6   0x080067b6   0x00000012   Code   RO         1057    i.HAL_PCD_ISOINIncompleteCallback  usbd_conf.o
    0x080067c8   0x080067c8   0x00000012   Code   RO         1058    i.HAL_PCD_ISOOUTIncompleteCallback  usbd_conf.o
    0x080067da   0x080067da   0x00000166   Code   RO         1282    i.HAL_PCD_Init      stm32f4xx_hal_pcd.o
    0x08006940   0x08006940   0x000000a8   Code   RO         1060    i.HAL_PCD_MspInit   usbd_conf.o
    0x080069e8   0x080069e8   0x00000030   Code   RO         1061    i.HAL_PCD_ResetCallback  usbd_conf.o
    0x08006a18   0x08006a18   0x0000000e   Code   RO         1062    i.HAL_PCD_ResumeCallback  usbd_conf.o
    0x08006a26   0x08006a26   0x0000000e   Code   RO         1063    i.HAL_PCD_SOFCallback  usbd_conf.o
    0x08006a34   0x08006a34   0x00000036   Code   RO         1288    i.HAL_PCD_SetAddress  stm32f4xx_hal_pcd.o
    0x08006a6a   0x08006a6a   0x00000012   Code   RO         1064    i.HAL_PCD_SetupStageCallback  usbd_conf.o
    0x08006a7c   0x08006a7c   0x0000004a   Code   RO         1291    i.HAL_PCD_Start     stm32f4xx_hal_pcd.o
    0x08006ac6   0x08006ac6   0x00000002   PAD
    0x08006ac8   0x08006ac8   0x00000034   Code   RO         1065    i.HAL_PCD_SuspendCallback  usbd_conf.o
    0x08006afc   0x08006afc   0x00000184   Code   RO         1857    i.HAL_RCC_ClockConfig  stm32f4xx_hal_rcc.o
    0x08006c80   0x08006c80   0x00000044   Code   RO         1861    i.HAL_RCC_GetClockConfig  stm32f4xx_hal_rcc.o
    0x08006cc4   0x08006cc4   0x0000000c   Code   RO         1862    i.HAL_RCC_GetHCLKFreq  stm32f4xx_hal_rcc.o
    0x08006cd0   0x08006cd0   0x00000020   Code   RO         1864    i.HAL_RCC_GetPCLK1Freq  stm32f4xx_hal_rcc.o
    0x08006cf0   0x08006cf0   0x00000020   Code   RO         1865    i.HAL_RCC_GetPCLK2Freq  stm32f4xx_hal_rcc.o
    0x08006d10   0x08006d10   0x000000b0   Code   RO         1866    i.HAL_RCC_GetSysClockFreq  stm32f4xx_hal_rcc.o
    0x08006dc0   0x08006dc0   0x0000049c   Code   RO         1869    i.HAL_RCC_OscConfig  stm32f4xx_hal_rcc.o
    0x0800725c   0x0800725c   0x000000c8   Code   RO         3283    i.HAL_SPI_Init      stm32f4xx_hal_spi.o
    0x08007324   0x08007324   0x00000158   Code   RO          460    i.HAL_SPI_MspInit   spi.o
    0x0800747c   0x0800747c   0x0000022a   Code   RO         3292    i.HAL_SPI_TransmitReceive  stm32f4xx_hal_spi.o
    0x080076a6   0x080076a6   0x00000002   Code   RO         4311    i.HAL_TIMEx_BreakCallback  stm32f4xx_hal_tim_ex.o
    0x080076a8   0x080076a8   0x00000002   Code   RO         4312    i.HAL_TIMEx_CommutCallback  stm32f4xx_hal_tim_ex.o
    0x080076aa   0x080076aa   0x00000074   Code   RO         4314    i.HAL_TIMEx_ConfigBreakDeadTime  stm32f4xx_hal_tim_ex.o
    0x0800771e   0x0800771e   0x00000002   PAD
    0x08007720   0x08007720   0x000000b4   Code   RO         4330    i.HAL_TIMEx_MasterConfigSynchronization  stm32f4xx_hal_tim_ex.o
    0x080077d4   0x080077d4   0x00000066   Code   RO         3596    i.HAL_TIM_Base_Init  stm32f4xx_hal_tim.o
    0x0800783a   0x0800783a   0x00000002   PAD
    0x0800783c   0x0800783c   0x00000074   Code   RO          502    i.HAL_TIM_Base_MspInit  tim.o
    0x080078b0   0x080078b0   0x000000a8   Code   RO         3601    i.HAL_TIM_Base_Start_IT  stm32f4xx_hal_tim.o
    0x08007958   0x08007958   0x0000010c   Code   RO         3605    i.HAL_TIM_ConfigClockSource  stm32f4xx_hal_tim.o
    0x08007a64   0x08007a64   0x00000002   Code   RO         3630    i.HAL_TIM_IC_CaptureCallback  stm32f4xx_hal_tim.o
    0x08007a66   0x08007a66   0x00000196   Code   RO         3644    i.HAL_TIM_IRQHandler  stm32f4xx_hal_tim.o
    0x08007bfc   0x08007bfc   0x000000b4   Code   RO          503    i.HAL_TIM_MspPostInit  tim.o
    0x08007cb0   0x08007cb0   0x00000002   Code   RO         3647    i.HAL_TIM_OC_DelayElapsedCallback  stm32f4xx_hal_tim.o
    0x08007cb2   0x08007cb2   0x00000104   Code   RO         3668    i.HAL_TIM_PWM_ConfigChannel  stm32f4xx_hal_tim.o
    0x08007db6   0x08007db6   0x00000066   Code   RO         3671    i.HAL_TIM_PWM_Init  stm32f4xx_hal_tim.o
    0x08007e1c   0x08007e1c   0x00000002   Code   RO         3673    i.HAL_TIM_PWM_MspInit  stm32f4xx_hal_tim.o
    0x08007e1e   0x08007e1e   0x00000002   Code   RO         3674    i.HAL_TIM_PWM_PulseFinishedCallback  stm32f4xx_hal_tim.o
    0x08007e20   0x08007e20   0x0000010c   Code   RO         3676    i.HAL_TIM_PWM_Start  stm32f4xx_hal_tim.o
    0x08007f2c   0x08007f2c   0x00000018   Code   RO           14    i.HAL_TIM_PeriodElapsedCallback  main.o
    0x08007f44   0x08007f44   0x00000002   Code   RO         3687    i.HAL_TIM_TriggerCallback  stm32f4xx_hal_tim.o
    0x08007f46   0x08007f46   0x00000002   Code   RO         4589    i.HAL_UARTEx_RxEventCallback  stm32f4xx_hal_uart.o
    0x08007f48   0x08007f48   0x00000002   Code   RO         4603    i.HAL_UART_ErrorCallback  stm32f4xx_hal_uart.o
    0x08007f4a   0x08007f4a   0x00000002   PAD
    0x08007f4c   0x08007f4c   0x000002e0   Code   RO         4606    i.HAL_UART_IRQHandler  stm32f4xx_hal_uart.o
    0x0800822c   0x0800822c   0x00000072   Code   RO         4607    i.HAL_UART_Init     stm32f4xx_hal_uart.o
    0x0800829e   0x0800829e   0x00000002   PAD
    0x080082a0   0x080082a0   0x00000264   Code   RO          556    i.HAL_UART_MspInit  usart.o
    0x08008504   0x08008504   0x00000002   Code   RO         4613    i.HAL_UART_RxCpltCallback  stm32f4xx_hal_uart.o
    0x08008506   0x08008506   0x00000002   Code   RO         4618    i.HAL_UART_TxCpltCallback  stm32f4xx_hal_uart.o
    0x08008508   0x08008508   0x00000046   Code   RO         7974    i.HURT_DATA         bsp_referee.o
    0x0800854e   0x0800854e   0x00000002   PAD
    0x08008550   0x08008550   0x00000130   Code   RO         9039    i.H_K_R_Adjustment  kalman_filter.o
    0x08008680   0x08008680   0x00000004   Code   RO          618    i.HardFault_Handler  stm32f4xx_it.o
    0x08008684   0x08008684   0x000000e8   Code   RO         6820    i.IMU_PITCH_Angle_Set_Limit  gimbal_task.o
    0x0800876c   0x0800876c   0x00000374   Code   RO         7034    i.IMU_Param_Correction  imu_task.o
    0x08008ae0   0x08008ae0   0x00000120   Code   RO         9116    i.IMU_QuaternionEKF_Init  quaternionekf.o
    0x08008c00   0x08008c00   0x00000034   Code   RO         9117    i.IMU_QuaternionEKF_Observe  quaternionekf.o
    0x08008c34   0x08008c34   0x00000128   Code   RO         9118    i.IMU_QuaternionEKF_SetH  quaternionekf.o
    0x08008d5c   0x08008d5c   0x00000634   Code   RO         9119    i.IMU_QuaternionEKF_Update  quaternionekf.o
    0x08009390   0x08009390   0x00000240   Code   RO         9120    i.IMU_QuaternionEKF_User_Func1  quaternionekf.o
    0x080095d0   0x080095d0   0x00000520   Code   RO         9121    i.IMU_QuaternionEKF_xhatUpdate  quaternionekf.o
    0x08009af0   0x08009af0   0x00000074   Code   RO         7035    i.IMU_Temperature_Ctrl  imu_task.o
    0x08009b64   0x08009b64   0x00000042   Code   RO         7975    i.INTERACT_HEADER   bsp_referee.o
    0x08009ba6   0x08009ba6   0x0000003e   Code   RO          854    i.IntToUnicode      usbd_desc.o
    0x08009be4   0x08009be4   0x0000008c   Code   RO         7403    i.JudgeCanFire      robot_cmd.o
    0x08009c70   0x08009c70   0x0000070c   Code   RO         9040    i.Kalman_Filter_Init  kalman_filter.o
    0x0800a37c   0x0800a37c   0x00000050   Code   RO         9041    i.Kalman_Filter_Measure  kalman_filter.o
    0x0800a3cc   0x0800a3cc   0x00000068   Code   RO         9042    i.Kalman_Filter_P_Update  kalman_filter.o
    0x0800a434   0x0800a434   0x00000068   Code   RO         9043    i.Kalman_Filter_PminusUpdate  kalman_filter.o
    0x0800a49c   0x0800a49c   0x000000d2   Code   RO         9044    i.Kalman_Filter_SetK  kalman_filter.o
    0x0800a56e   0x0800a56e   0x00000002   PAD
    0x0800a570   0x0800a570   0x00000128   Code   RO         9045    i.Kalman_Filter_Update  kalman_filter.o
    0x0800a698   0x0800a698   0x0000007c   Code   RO         9046    i.Kalman_Filter_xhatMinusUpdate  kalman_filter.o
    0x0800a714   0x0800a714   0x00000086   Code   RO         9047    i.Kalman_Filter_xhatUpdate  kalman_filter.o
    0x0800a79a   0x0800a79a   0x00000002   PAD
    0x0800a79c   0x0800a79c   0x00000060   Code   RO         8310    i.LQR_Calculate     lqr.o
    0x0800a7fc   0x0800a7fc   0x00000022   Code   RO         8312    i.LQR_Data_Update   lqr.o
    0x0800a81e   0x0800a81e   0x0000005a   Code   RO         8313    i.LQR_Init          lqr.o
    0x0800a878   0x0800a878   0x00000084   Code   RO         8314    i.LQR_Int_Calculate  lqr.o
    0x0800a8fc   0x0800a8fc   0x00000024   Code   RO         8315    i.LQR_Int_Data_Update  lqr.o
    0x0800a920   0x0800a920   0x0000005a   Code   RO         8316    i.LQR_Int_Init      lqr.o
    0x0800a97a   0x0800a97a   0x00000002   PAD
    0x0800a97c   0x0800a97c   0x00000048   Code   RO          388    i.MX_CAN1_Init      can.o
    0x0800a9c4   0x0800a9c4   0x00000048   Code   RO          389    i.MX_CAN2_Init      can.o
    0x0800aa0c   0x0800aa0c   0x00000098   Code   RO          435    i.MX_DMA_Init       dma.o
    0x0800aaa4   0x0800aaa4   0x000000b4   Code   RO          333    i.MX_FREERTOS_Init  freertos.o
    0x0800ab58   0x0800ab58   0x0000012c   Code   RO          309    i.MX_GPIO_Init      gpio.o
    0x0800ac84   0x0800ac84   0x00000048   Code   RO          461    i.MX_SPI1_Init      spi.o
    0x0800accc   0x0800accc   0x0000006c   Code   RO          504    i.MX_TIM10_Init     tim.o
    0x0800ad38   0x0800ad38   0x00000108   Code   RO          505    i.MX_TIM1_Init      tim.o
    0x0800ae40   0x0800ae40   0x00000038   Code   RO          559    i.MX_USART6_UART_Init  usart.o
    0x0800ae78   0x0800ae78   0x0000004c   Code   RO          805    i.MX_USB_DEVICE_Init  usb_device.o
    0x0800aec4   0x0800aec4   0x00000004   Code   RO          619    i.MemManage_Handler  stm32f4xx_it.o
    0x0800aec8   0x0800aec8   0x00000004   Code   RO          620    i.NMI_Handler       stm32f4xx_it.o
    0x0800aecc   0x0800aecc   0x00000010   Code   RO          621    i.OTG_FS_IRQHandler  stm32f4xx_it.o
    0x0800aedc   0x0800aedc   0x00000064   Code   RO         1295    i.PCD_EP_OutSetupPacket_int  stm32f4xx_hal_pcd.o
    0x0800af40   0x0800af40   0x00000144   Code   RO         1296    i.PCD_EP_OutXfrComplete_int  stm32f4xx_hal_pcd.o
    0x0800b084   0x0800b084   0x000000b6   Code   RO         1297    i.PCD_WriteEmptyTxFifo  stm32f4xx_hal_pcd.o
    0x0800b13a   0x0800b13a   0x00000002   PAD
    0x0800b13c   0x0800b13c   0x00000058   Code   RO         7976    i.PICTURE_TRANSMISSION  bsp_referee.o
    0x0800b194   0x0800b194   0x00000042   Code   RO         7977    i.POWER_HEAT        bsp_referee.o
    0x0800b1d6   0x0800b1d6   0x000001e2   Code   RO         8225    i.PidCalculate      pid.o
    0x0800b3b8   0x0800b3b8   0x0000003e   Code   RO         8226    i.PidInit           pid.o
    0x0800b3f6   0x0800b3f6   0x0000009c   Code   RO         8227    i.PidInitMode       pid.o
    0x0800b492   0x0800b492   0x00000046   Code   RO         7978    i.RADAR_CMD         bsp_referee.o
    0x0800b4d8   0x0800b4d8   0x00000046   Code   RO         7979    i.RADAR_INFO        bsp_referee.o
    0x0800b51e   0x0800b51e   0x00000048   Code   RO         7980    i.RADAR_MARK        bsp_referee.o
    0x0800b566   0x0800b566   0x00000002   PAD
    0x0800b568   0x0800b568   0x00000008   Code   RO         7854    i.RC_Get_RC_Pointer  bsp_dr16.o
    0x0800b570   0x0800b570   0x00000088   Code   RO         7855    i.RC_Init           bsp_dr16.o
    0x0800b5f8   0x0800b5f8   0x00000148   Code   RO         7981    i.REFEREE_UART_IRQHandler  bsp_referee.o
    0x0800b740   0x0800b740   0x0000004e   Code   RO         7982    i.REFEREE_WARNING   bsp_referee.o
    0x0800b78e   0x0800b78e   0x0000003c   Code   RO         7983    i.RFID_STATUS       bsp_referee.o
    0x0800b7ca   0x0800b7ca   0x00000048   Code   RO         7984    i.ROBOT_BUFF        bsp_referee.o
    0x0800b812   0x0800b812   0x00000054   Code   RO         7985    i.ROBOT_HP          bsp_referee.o
    0x0800b866   0x0800b866   0x0000004c   Code   RO         7986    i.ROBOT_POSITION    bsp_referee.o
    0x0800b8b2   0x0800b8b2   0x00000042   Code   RO         7987    i.ROBOT_STATUS      bsp_referee.o
    0x0800b8f4   0x0800b8f4   0x0000009c   Code   RO         8716    i.Recursive_ave_filter  filter.o
    0x0800b990   0x0800b990   0x00000044   Code   RO         8717    i.Recursive_ave_filter_init  filter.o
    0x0800b9d4   0x0800b9d4   0x000002c0   Code   RO         7988    i.RefereeDataDeal   bsp_referee.o
    0x0800bc94   0x0800bc94   0x0000005c   Code   RO         7129    i.SAFE_TASK         safe_task.o
    0x0800bcf0   0x0800bcf0   0x0000003c   Code   RO         7989    i.SENTRY_CMD        bsp_referee.o
    0x0800bd2c   0x0800bd2c   0x0000003c   Code   RO         7990    i.SENTRY_INFO       bsp_referee.o
    0x0800bd68   0x0800bd68   0x0000004e   Code   RO         7991    i.SHOOT_DATA        bsp_referee.o
    0x0800bdb6   0x0800bdb6   0x00000002   PAD
    0x0800bdb8   0x0800bdb8   0x0000006c   Code   RO         3321    i.SPI_EndRxTxTransaction  stm32f4xx_hal_spi.o
    0x0800be24   0x0800be24   0x000000d8   Code   RO         3326    i.SPI_WaitFlagStateUntilTimeout  stm32f4xx_hal_spi.o
    0x0800befc   0x0800befc   0x0000003c   Code   RO         7992    i.SUPPLY_PROJECTILE_ACTION  bsp_referee.o
    0x0800bf38   0x0800bf38   0x00000012   Code   RO         6468    i.SWAPBYTE          usbd_ctlreq.o
    0x0800bf4a   0x0800bf4a   0x00000002   PAD
    0x0800bf4c   0x0800bf4c   0x00000038   Code   RO         7130    i.Safe_Init         safe_task.o
    0x0800bf84   0x0800bf84   0x00000038   Code   RO         7132    i.Safe_Task_online_name_  safe_task.o
    0x0800bfbc   0x0800bfbc   0x0000001e   Code   RO         7133    i.Safe_Task_online_ptr_  safe_task.o
    0x0800bfda   0x0800bfda   0x00000002   PAD
    0x0800bfdc   0x0800bfdc   0x00000068   Code   RO         7134    i.Safe_task_add     safe_task.o
    0x0800c044   0x0800c044   0x0000008c   Code   RO         7404    i.Send_Chassis_vision_fire_static  robot_cmd.o
    0x0800c0d0   0x0800c0d0   0x000000a8   Code   RO         7405    i.Send_Fire_Auto_Delay_And_Pitch_compensate_to_Chassis  robot_cmd.o
    0x0800c178   0x0800c178   0x00000084   Code   RO         7406    i.Send_Fire_Motor_Speed  robot_cmd.o
    0x0800c1fc   0x0800c1fc   0x00000064   Code   RO         7407    i.Send_Fire_Set_Rpm  robot_cmd.o
    0x0800c260   0x0800c260   0x0000006c   Code   RO         7408    i.Send_TC_to_Chassis  robot_cmd.o
    0x0800c2cc   0x0800c2cc   0x00000054   Code   RO         6737    i.Shoot_Check       fire_task.o
    0x0800c320   0x0800c320   0x0000000e   Code   RO          334    i.StartDefaultTask  freertos.o
    0x0800c32e   0x0800c32e   0x00000002   PAD
    0x0800c330   0x0800c330   0x00000034   Code   RO         6227    i.SysTick_Handler   port.o
    0x0800c364   0x0800c364   0x000000b4   Code   RO           15    i.SystemClock_Config  main.o
    0x0800c418   0x0800c418   0x00000014   Code   RO         4946    i.SystemInit        system_stm32f4xx.o
    0x0800c42c   0x0800c42c   0x00000018   Code   RO          622    i.TIM1_BRK_TIM9_IRQHandler  stm32f4xx_it.o
    0x0800c444   0x0800c444   0x000000d8   Code   RO         3689    i.TIM_Base_SetConfig  stm32f4xx_hal_tim.o
    0x0800c51c   0x0800c51c   0x00000022   Code   RO         3690    i.TIM_CCxChannelCmd  stm32f4xx_hal_tim.o
    0x0800c53e   0x0800c53e   0x00000016   Code   RO         3700    i.TIM_ETR_SetConfig  stm32f4xx_hal_tim.o
    0x0800c554   0x0800c554   0x00000012   Code   RO         3701    i.TIM_ITRx_SetConfig  stm32f4xx_hal_tim.o
    0x0800c566   0x0800c566   0x00000002   PAD
    0x0800c568   0x0800c568   0x00000070   Code   RO         3702    i.TIM_OC1_SetConfig  stm32f4xx_hal_tim.o
    0x0800c5d8   0x0800c5d8   0x0000007c   Code   RO         3703    i.TIM_OC2_SetConfig  stm32f4xx_hal_tim.o
    0x0800c654   0x0800c654   0x00000078   Code   RO         3704    i.TIM_OC3_SetConfig  stm32f4xx_hal_tim.o
    0x0800c6cc   0x0800c6cc   0x00000054   Code   RO         3705    i.TIM_OC4_SetConfig  stm32f4xx_hal_tim.o
    0x0800c720   0x0800c720   0x0000003a   Code   RO         9012    i.TIM_Set_PWM       bsp_pwm.o
    0x0800c75a   0x0800c75a   0x00000026   Code   RO         3707    i.TIM_TI1_ConfigInputStage  stm32f4xx_hal_tim.o
    0x0800c780   0x0800c780   0x00000028   Code   RO         3709    i.TIM_TI2_ConfigInputStage  stm32f4xx_hal_tim.o
    0x0800c7a8   0x0800c7a8   0x00000014   Code   RO         4620    i.UART_DMAAbortOnError  stm32f4xx_hal_uart.o
    0x0800c7bc   0x0800c7bc   0x0000006c   Code   RO         4630    i.UART_EndRxTransfer  stm32f4xx_hal_uart.o
    0x0800c828   0x0800c828   0x00000020   Code   RO         4631    i.UART_EndTransmit_IT  stm32f4xx_hal_uart.o
    0x0800c848   0x0800c848   0x000000f8   Code   RO         4633    i.UART_Receive_IT   stm32f4xx_hal_uart.o
    0x0800c940   0x0800c940   0x0000022c   Code   RO         4634    i.UART_SetConfig    stm32f4xx_hal_uart.o
    0x0800cb6c   0x0800cb6c   0x00000060   Code   RO         4637    i.UART_Transmit_IT  stm32f4xx_hal_uart.o
    0x0800cbcc   0x0800cbcc   0x00000050   Code   RO         7993    i.UAV_ENERGY_TIME   bsp_referee.o
    0x0800cc1c   0x0800cc1c   0x00000010   Code   RO          623    i.USART2_IRQHandler  stm32f4xx_it.o
    0x0800cc2c   0x0800cc2c   0x00000010   Code   RO          624    i.USART3_IRQHandler  stm32f4xx_it.o
    0x0800cc3c   0x0800cc3c   0x00000014   Code   RO          625    i.USART6_IRQHandler  stm32f4xx_it.o
    0x0800cc50   0x0800cc50   0x000000c4   Code   RO         6631    i.USBD_CDC_DataIn   usbd_cdc.o
    0x0800cd14   0x0800cd14   0x00000048   Code   RO         6632    i.USBD_CDC_DataOut  usbd_cdc.o
    0x0800cd5c   0x0800cd5c   0x000000d4   Code   RO         6633    i.USBD_CDC_DeInit   usbd_cdc.o
    0x0800ce30   0x0800ce30   0x00000050   Code   RO         6634    i.USBD_CDC_EP0_RxReady  usbd_cdc.o
    0x0800ce80   0x0800ce80   0x00000010   Code   RO         6635    i.USBD_CDC_GetDeviceQualifierDescriptor  usbd_cdc.o
    0x0800ce90   0x0800ce90   0x00000044   Code   RO         6636    i.USBD_CDC_GetFSCfgDesc  usbd_cdc.o
    0x0800ced4   0x0800ced4   0x00000048   Code   RO         6637    i.USBD_CDC_GetHSCfgDesc  usbd_cdc.o
    0x0800cf1c   0x0800cf1c   0x00000044   Code   RO         6638    i.USBD_CDC_GetOtherSpeedCfgDesc  usbd_cdc.o
    0x0800cf60   0x0800cf60   0x000001a0   Code   RO         6639    i.USBD_CDC_Init     usbd_cdc.o
    0x0800d100   0x0800d100   0x00000050   Code   RO         6640    i.USBD_CDC_ReceivePacket  usbd_cdc.o
    0x0800d150   0x0800d150   0x00000018   Code   RO         6641    i.USBD_CDC_RegisterInterface  usbd_cdc.o
    0x0800d168   0x0800d168   0x0000001e   Code   RO         6642    i.USBD_CDC_SetRxBuffer  usbd_cdc.o
    0x0800d186   0x0800d186   0x00000024   Code   RO         6643    i.USBD_CDC_SetTxBuffer  usbd_cdc.o
    0x0800d1aa   0x0800d1aa   0x00000140   Code   RO         6644    i.USBD_CDC_Setup    usbd_cdc.o
    0x0800d2ea   0x0800d2ea   0x00000002   PAD
    0x0800d2ec   0x0800d2ec   0x00000064   Code   RO         6645    i.USBD_CDC_TransmitPacket  usbd_cdc.o
    0x0800d350   0x0800d350   0x0000001c   Code   RO         6306    i.USBD_ClrClassConfig  usbd_core.o
    0x0800d36c   0x0800d36c   0x0000003e   Code   RO         6469    i.USBD_ClrFeature   usbd_ctlreq.o
    0x0800d3aa   0x0800d3aa   0x00000006   Code   RO         6307    i.USBD_CoreFindEP   usbd_core.o
    0x0800d3b0   0x0800d3b0   0x00000006   Code   RO         6308    i.USBD_CoreFindIF   usbd_core.o
    0x0800d3b6   0x0800d3b6   0x00000018   Code   RO         6571    i.USBD_CtlContinueRx  usbd_ioreq.o
    0x0800d3ce   0x0800d3ce   0x00000018   Code   RO         6572    i.USBD_CtlContinueSendData  usbd_ioreq.o
    0x0800d3e6   0x0800d3e6   0x00000018   Code   RO         6470    i.USBD_CtlError     usbd_ctlreq.o
    0x0800d3fe   0x0800d3fe   0x00000028   Code   RO         6573    i.USBD_CtlPrepareRx  usbd_ioreq.o
    0x0800d426   0x0800d426   0x0000001a   Code   RO         6574    i.USBD_CtlReceiveStatus  usbd_ioreq.o
    0x0800d440   0x0800d440   0x00000022   Code   RO         6575    i.USBD_CtlSendData  usbd_ioreq.o
    0x0800d462   0x0800d462   0x0000001a   Code   RO         6576    i.USBD_CtlSendStatus  usbd_ioreq.o
    0x0800d47c   0x0800d47c   0x00000034   Code   RO          855    i.USBD_FS_ConfigStrDescriptor  usbd_desc.o
    0x0800d4b0   0x0800d4b0   0x00000010   Code   RO          856    i.USBD_FS_DeviceDescriptor  usbd_desc.o
    0x0800d4c0   0x0800d4c0   0x00000038   Code   RO          857    i.USBD_FS_InterfaceStrDescriptor  usbd_desc.o
    0x0800d4f8   0x0800d4f8   0x00000010   Code   RO          858    i.USBD_FS_LangIDStrDescriptor  usbd_desc.o
    0x0800d508   0x0800d508   0x0000002c   Code   RO          859    i.USBD_FS_ManufacturerStrDescriptor  usbd_desc.o
    0x0800d534   0x0800d534   0x00000040   Code   RO          860    i.USBD_FS_ProductStrDescriptor  usbd_desc.o
    0x0800d574   0x0800d574   0x00000018   Code   RO          861    i.USBD_FS_SerialStrDescriptor  usbd_desc.o
    0x0800d58c   0x0800d58c   0x00000056   Code   RO         6471    i.USBD_GetConfig    usbd_ctlreq.o
    0x0800d5e2   0x0800d5e2   0x000001fc   Code   RO         6472    i.USBD_GetDescriptor  usbd_ctlreq.o
    0x0800d7de   0x0800d7de   0x00000050   Code   RO         6310    i.USBD_GetEpDesc    usbd_core.o
    0x0800d82e   0x0800d82e   0x00000016   Code   RO         6473    i.USBD_GetLen       usbd_ctlreq.o
    0x0800d844   0x0800d844   0x00000014   Code   RO         6311    i.USBD_GetNextDesc  usbd_core.o
    0x0800d858   0x0800d858   0x0000005a   Code   RO         6474    i.USBD_GetStatus    usbd_ctlreq.o
    0x0800d8b2   0x0800d8b2   0x00000054   Code   RO         6475    i.USBD_GetString    usbd_ctlreq.o
    0x0800d906   0x0800d906   0x0000002c   Code   RO         1066    i.USBD_Get_USB_Status  usbd_conf.o
    0x0800d932   0x0800d932   0x0000003a   Code   RO         6312    i.USBD_Init         usbd_core.o
    0x0800d96c   0x0800d96c   0x00000026   Code   RO         1067    i.USBD_LL_ClearStallEP  usbd_conf.o
    0x0800d992   0x0800d992   0x00000026   Code   RO         1068    i.USBD_LL_CloseEP   usbd_conf.o
    0x0800d9b8   0x0800d9b8   0x00000108   Code   RO         6313    i.USBD_LL_DataInStage  usbd_core.o
    0x0800dac0   0x0800dac0   0x00000102   Code   RO         6314    i.USBD_LL_DataOutStage  usbd_core.o
    0x0800dbc2   0x0800dbc2   0x00000006   Code   RO         6315    i.USBD_LL_DevConnected  usbd_core.o
    0x0800dbc8   0x0800dbc8   0x00000026   Code   RO         6316    i.USBD_LL_DevDisconnected  usbd_core.o
    0x0800dbee   0x0800dbee   0x00000012   Code   RO         1072    i.USBD_LL_GetRxDataSize  usbd_conf.o
    0x0800dc00   0x0800dc00   0x00000068   Code   RO         1073    i.USBD_LL_Init      usbd_conf.o
    0x0800dc68   0x0800dc68   0x00000038   Code   RO         1074    i.USBD_LL_IsStallEP  usbd_conf.o
    0x0800dca0   0x0800dca0   0x00000048   Code   RO         6317    i.USBD_LL_IsoINIncomplete  usbd_core.o
    0x0800dce8   0x0800dce8   0x00000048   Code   RO         6318    i.USBD_LL_IsoOUTIncomplete  usbd_core.o
    0x0800dd30   0x0800dd30   0x00000030   Code   RO         1075    i.USBD_LL_OpenEP    usbd_conf.o
    0x0800dd60   0x0800dd60   0x00000030   Code   RO         1076    i.USBD_LL_PrepareReceive  usbd_conf.o
    0x0800dd90   0x0800dd90   0x0000006c   Code   RO         6319    i.USBD_LL_Reset     usbd_core.o
    0x0800ddfc   0x0800ddfc   0x00000016   Code   RO         6320    i.USBD_LL_Resume    usbd_core.o
    0x0800de12   0x0800de12   0x00000028   Code   RO         6321    i.USBD_LL_SOF       usbd_core.o
    0x0800de3a   0x0800de3a   0x00000008   Code   RO         6322    i.USBD_LL_SetSpeed  usbd_core.o
    0x0800de42   0x0800de42   0x00000026   Code   RO         1077    i.USBD_LL_SetUSBAddress  usbd_conf.o
    0x0800de68   0x0800de68   0x00000076   Code   RO         6323    i.USBD_LL_SetupStage  usbd_core.o
    0x0800dede   0x0800dede   0x00000026   Code   RO         1078    i.USBD_LL_StallEP   usbd_conf.o
    0x0800df04   0x0800df04   0x0000001e   Code   RO         1079    i.USBD_LL_Start     usbd_conf.o
    0x0800df22   0x0800df22   0x00000014   Code   RO         6324    i.USBD_LL_Suspend   usbd_core.o
    0x0800df36   0x0800df36   0x00000030   Code   RO         1081    i.USBD_LL_Transmit  usbd_conf.o
    0x0800df66   0x0800df66   0x00000036   Code   RO         6476    i.USBD_ParseSetupRequest  usbd_ctlreq.o
    0x0800df9c   0x0800df9c   0x00000048   Code   RO         6325    i.USBD_RegisterClass  usbd_core.o
    0x0800dfe4   0x0800dfe4   0x00000006   Code   RO         6326    i.USBD_RunTestMode  usbd_core.o
    0x0800dfea   0x0800dfea   0x0000005a   Code   RO         6477    i.USBD_SetAddress   usbd_ctlreq.o
    0x0800e044   0x0800e044   0x00000020   Code   RO         6327    i.USBD_SetClassConfig  usbd_core.o
    0x0800e064   0x0800e064   0x00000104   Code   RO         6478    i.USBD_SetConfig    usbd_ctlreq.o
    0x0800e168   0x0800e168   0x00000038   Code   RO         6479    i.USBD_SetFeature   usbd_ctlreq.o
    0x0800e1a0   0x0800e1a0   0x0000000c   Code   RO         6328    i.USBD_Start        usbd_core.o
    0x0800e1ac   0x0800e1ac   0x000000ae   Code   RO         6480    i.USBD_StdDevReq    usbd_ctlreq.o
    0x0800e25a   0x0800e25a   0x00000280   Code   RO         6481    i.USBD_StdEPReq     usbd_ctlreq.o
    0x0800e4da   0x0800e4da   0x000000ae   Code   RO         6482    i.USBD_StdItfReq    usbd_ctlreq.o
    0x0800e588   0x0800e588   0x00000002   Code   RO         1082    i.USBD_static_free  usbd_conf.o
    0x0800e58a   0x0800e58a   0x00000002   PAD
    0x0800e58c   0x0800e58c   0x0000000c   Code   RO         1083    i.USBD_static_malloc  usbd_conf.o
    0x0800e598   0x0800e598   0x000000d0   Code   RO         1546    i.USB_ActivateEndpoint  stm32f4xx_ll_usb.o
    0x0800e668   0x0800e668   0x00000028   Code   RO         1548    i.USB_ActivateSetup  stm32f4xx_ll_usb.o
    0x0800e690   0x0800e690   0x00000084   Code   RO         1550    i.USB_CoreInit      stm32f4xx_ll_usb.o
    0x0800e714   0x0800e714   0x00000058   Code   RO         1551    i.USB_CoreReset     stm32f4xx_ll_usb.o
    0x0800e76c   0x0800e76c   0x0000014c   Code   RO         1554    i.USB_DeactivateEndpoint  stm32f4xx_ll_usb.o
    0x0800e8b8   0x0800e8b8   0x00000024   Code   RO         1555    i.USB_DevConnect    stm32f4xx_ll_usb.o
    0x0800e8dc   0x0800e8dc   0x00000024   Code   RO         1556    i.USB_DevDisconnect  stm32f4xx_ll_usb.o
    0x0800e900   0x0800e900   0x000001e0   Code   RO         1557    i.USB_DevInit       stm32f4xx_ll_usb.o
    0x0800eae0   0x0800eae0   0x0000000e   Code   RO         1558    i.USB_DisableGlobalInt  stm32f4xx_ll_usb.o
    0x0800eaee   0x0800eaee   0x00000002   PAD
    0x0800eaf0   0x0800eaf0   0x000001dc   Code   RO         1561    i.USB_EP0StartXfer  stm32f4xx_ll_usb.o
    0x0800eccc   0x0800eccc   0x00000070   Code   RO         1562    i.USB_EP0_OutStart  stm32f4xx_ll_usb.o
    0x0800ed3c   0x0800ed3c   0x0000008e   Code   RO         1563    i.USB_EPClearStall  stm32f4xx_ll_usb.o
    0x0800edca   0x0800edca   0x0000009a   Code   RO         1564    i.USB_EPSetStall    stm32f4xx_ll_usb.o
    0x0800ee64   0x0800ee64   0x00000348   Code   RO         1565    i.USB_EPStartXfer   stm32f4xx_ll_usb.o
    0x0800f1ac   0x0800f1ac   0x000000ec   Code   RO         1566    i.USB_EPStopXfer    stm32f4xx_ll_usb.o
    0x0800f298   0x0800f298   0x0000000e   Code   RO         1567    i.USB_EnableGlobalInt  stm32f4xx_ll_usb.o
    0x0800f2a6   0x0800f2a6   0x00000002   PAD
    0x0800f2a8   0x0800f2a8   0x00000054   Code   RO         1568    i.USB_FlushRxFifo   stm32f4xx_ll_usb.o
    0x0800f2fc   0x0800f2fc   0x00000058   Code   RO         1569    i.USB_FlushTxFifo   stm32f4xx_ll_usb.o
    0x0800f354   0x0800f354   0x00000026   Code   RO         1571    i.USB_GetDevSpeed   stm32f4xx_ll_usb.o
    0x0800f37a   0x0800f37a   0x0000000a   Code   RO         1573    i.USB_GetMode       stm32f4xx_ll_usb.o
    0x0800f384   0x0800f384   0x00000014   Code   RO         1580    i.USB_ReadDevAllInEpInterrupt  stm32f4xx_ll_usb.o
    0x0800f398   0x0800f398   0x00000014   Code   RO         1581    i.USB_ReadDevAllOutEpInterrupt  stm32f4xx_ll_usb.o
    0x0800f3ac   0x0800f3ac   0x00000032   Code   RO         1582    i.USB_ReadDevInEPInterrupt  stm32f4xx_ll_usb.o
    0x0800f3de   0x0800f3de   0x0000001a   Code   RO         1583    i.USB_ReadDevOutEPInterrupt  stm32f4xx_ll_usb.o
    0x0800f3f8   0x0800f3f8   0x0000000a   Code   RO         1584    i.USB_ReadInterrupts  stm32f4xx_ll_usb.o
    0x0800f402   0x0800f402   0x00000060   Code   RO         1585    i.USB_ReadPacket    stm32f4xx_ll_usb.o
    0x0800f462   0x0800f462   0x00000068   Code   RO         1587    i.USB_SetCurrentMode  stm32f4xx_ll_usb.o
    0x0800f4ca   0x0800f4ca   0x0000002a   Code   RO         1588    i.USB_SetDevAddress  stm32f4xx_ll_usb.o
    0x0800f4f4   0x0800f4f4   0x00000012   Code   RO         1589    i.USB_SetDevSpeed   stm32f4xx_ll_usb.o
    0x0800f506   0x0800f506   0x00000002   PAD
    0x0800f508   0x0800f508   0x000000e8   Code   RO         1590    i.USB_SetTurnaroundTime  stm32f4xx_ll_usb.o
    0x0800f5f0   0x0800f5f0   0x00000044   Code   RO         1593    i.USB_WritePacket   stm32f4xx_ll_usb.o
    0x0800f634   0x0800f634   0x00000004   Code   RO          626    i.UsageFault_Handler  stm32f4xx_it.o
    0x0800f638   0x0800f638   0x00000048   Code   RO         6925    i.VIRTUAL_TASK      virtual_task.o
    0x0800f680   0x0800f680   0x00000040   Code   RO         8669    i.Verify_CRC16_Check_Sum  crc.o
    0x0800f6c0   0x0800f6c0   0x0000002e   Code   RO         8670    i.Verify_CRC8_Check_Sum  crc.o
    0x0800f6ee   0x0800f6ee   0x00000002   PAD
    0x0800f6f0   0x0800f6f0   0x00000150   Code   RO         6926    i.Virtual_RC_Deal   virtual_task.o
    0x0800f840   0x0800f840   0x000000b4   Code   RO         6927    i.Virtual_recive    virtual_task.o
    0x0800f8f4   0x0800f8f4   0x00000118   Code   RO         6928    i.Virtual_send      virtual_task.o
    0x0800fa0c   0x0800fa0c   0x00000030   Code   RO        10007    i.__ARM_fpclassify  m_wm.l(fpclassify.o)
    0x0800fa3c   0x0800fa3c   0x00000026   Code   RO        10009    i.__ARM_fpclassifyf  m_wm.l(fpclassifyf.o)
    0x0800fa62   0x0800fa62   0x00000002   PAD
    0x0800fa64   0x0800fa64   0x00000010   Code   RO         2658    i.__NVIC_GetPriorityGrouping  stm32f4xx_hal_cortex.o
    0x0800fa74   0x0800fa74   0x00000028   Code   RO         2659    i.__NVIC_SetPriority  stm32f4xx_hal_cortex.o
    0x0800fa9c   0x0800fa9c   0x00000118   Code   RO         9744    i.__hardfp_acosf    m_wm.l(acosf.o)
    0x0800fbb4   0x0800fbb4   0x0000012c   Code   RO         9756    i.__hardfp_asinf    m_wm.l(asinf.o)
    0x0800fce0   0x0800fce0   0x000002d8   Code   RO         9970    i.__hardfp_atan     m_wm.l(atan.o)
    0x0800ffb8   0x0800ffb8   0x00000200   Code   RO         9768    i.__hardfp_atan2    m_wm.l(atan2.o)
    0x080101b8   0x080101b8   0x000002ac   Code   RO         9780    i.__hardfp_atan2f   m_wm.l(atan2f.o)
    0x08010464   0x08010464   0x00000004   PAD
    0x08010468   0x08010468   0x000000c8   Code   RO         9792    i.__hardfp_cos      m_wm.l(cos.o)
    0x08010530   0x08010530   0x00000358   Code   RO         9804    i.__hardfp_exp      m_wm.l(exp.o)
    0x08010888   0x08010888   0x000000c8   Code   RO         9832    i.__hardfp_sin      m_wm.l(sin.o)
    0x08010950   0x08010950   0x0000003a   Code   RO         9844    i.__hardfp_sqrtf    m_wm.l(sqrtf_full.o)
    0x0801098a   0x0801098a   0x00000006   PAD
    0x08010990   0x08010990   0x00000438   Code   RO        10028    i.__ieee754_rem_pio2  m_wm.l(rred.o)
    0x08010dc8   0x08010dc8   0x00000170   Code   RO         9984    i.__kernel_cos      m_wm.l(cos_i.o)
    0x08010f38   0x08010f38   0x000000f8   Code   RO        10025    i.__kernel_poly     m_wm.l(poly.o)
    0x08011030   0x08011030   0x00000130   Code   RO        10033    i.__kernel_sin      m_wm.l(sin_i.o)
    0x08011160   0x08011160   0x00000014   Code   RO         9988    i.__mathlib_dbl_infnan  m_wm.l(dunder.o)
    0x08011174   0x08011174   0x00000014   Code   RO         9989    i.__mathlib_dbl_infnan2  m_wm.l(dunder.o)
    0x08011188   0x08011188   0x00000020   Code   RO         9990    i.__mathlib_dbl_invalid  m_wm.l(dunder.o)
    0x080111a8   0x080111a8   0x00000020   Code   RO         9991    i.__mathlib_dbl_overflow  m_wm.l(dunder.o)
    0x080111c8   0x080111c8   0x00000020   Code   RO         9993    i.__mathlib_dbl_underflow  m_wm.l(dunder.o)
    0x080111e8   0x080111e8   0x00000006   Code   RO        10012    i.__mathlib_flt_infnan  m_wm.l(funder.o)
    0x080111ee   0x080111ee   0x00000006   Code   RO        10013    i.__mathlib_flt_infnan2  m_wm.l(funder.o)
    0x080111f4   0x080111f4   0x00000010   Code   RO        10014    i.__mathlib_flt_invalid  m_wm.l(funder.o)
    0x08011204   0x08011204   0x00000010   Code   RO        10017    i.__mathlib_flt_underflow  m_wm.l(funder.o)
    0x08011214   0x08011214   0x00000024   Code   RO         8158    i.angle_limiting_int16  bsp_motor_encoder.o
    0x08011238   0x08011238   0x00000010   Code   RO         9972    i.atan              m_wm.l(atan.o)
    0x08011248   0x08011248   0x00001850   Code   RO         7720    i.autoSolveTrajectory  ou_visionpro.o
    0x08012a98   0x08012a98   0x0000016c   Code   RO         8802    i.bmi088_accel_init  bmi088driver.o
    0x08012c04   0x08012c04   0x00000130   Code   RO         8803    i.bmi088_gyro_init  bmi088driver.o
    0x08012d34   0x08012d34   0x00000080   Code   RO         7409    i.calc_can_fire_time  robot_cmd.o
    0x08012db4   0x08012db4   0x00000110   Code   RO         8368    i.cos_calculate     maths.o
    0x08012ec4   0x08012ec4   0x00000068   Code   RO         7410    i.dr16_disconnect   robot_cmd.o
    0x08012f2c   0x08012f2c   0x00000018   Code   RO         7411    i.dr16_online       robot_cmd.o
    0x08012f44   0x08012f44   0x00000074   Code   RO         8229    i.f_Derivative_On_Measurement  pid.o
    0x08012fb8   0x08012fb8   0x00000046   Code   RO         8230    i.f_Integral_Limit  pid.o
    0x08012ffe   0x08012ffe   0x00000046   Code   RO         8231    i.f_Output_Limit    pid.o
    0x08013044   0x08013044   0x0000003c   Code   RO         8232    i.f_Separated_Integral  pid.o
    0x08013080   0x08013080   0x000000cc   Code   RO         8233    i.f_StepIn          pid.o
    0x0801314c   0x0801314c   0x00000018   Code   RO        10003    i.fabs              m_wm.l(fabs.o)
    0x08013164   0x08013164   0x00000038   Code   RO         8479    i.fifo_s_create     fifo.o
    0x0801319c   0x0801319c   0x000000a0   Code   RO         8485    i.fifo_s_gets       fifo.o
    0x0801323c   0x0801323c   0x0000001c   Code   RO         8487    i.fifo_s_init       fifo.o
    0x08013258   0x08013258   0x0000000e   Code   RO         8488    i.fifo_s_isempty    fifo.o
    0x08013266   0x08013266   0x000000a6   Code   RO         8493    i.fifo_s_puts       fifo.o
    0x0801330c   0x0801330c   0x00000138   Code   RO         6738    i.fire_behaviour_choose  fire_task.o
    0x08013444   0x08013444   0x00000120   Code   RO         6739    i.fire_pid_calculate  fire_task.o
    0x08013564   0x08013564   0x000001b0   Code   RO         6740    i.fire_task_init    fire_task.o
    0x08013714   0x08013714   0x00000042   Code   RO         8234    i.first_order_filter  pid.o
    0x08013756   0x08013756   0x0000002a   Code   RO         9192    i.float_constrain   user_lib.o
    0x08013780   0x08013780   0x000000a8   Code   RO         8370    i.float_min_distance  maths.o
    0x08013828   0x08013828   0x00000048   Code   RO         9194    i.float_rounding    user_lib.o
    0x08013870   0x08013870   0x0000000c   Code   RO         6929    i.get_AutoPitch     virtual_task.o
    0x0801387c   0x0801387c   0x0000000c   Code   RO         6930    i.get_AutoYaw       virtual_task.o
    0x08013888   0x08013888   0x00000008   Code   RO         7412    i.get_Gimbal_pitch_point  robot_cmd.o
    0x08013890   0x08013890   0x00000008   Code   RO         7413    i.get_Gimbal_yaw_point  robot_cmd.o
    0x08013898   0x08013898   0x00000008   Code   RO         7038    i.get_imu_control_point  imu_task.o
    0x080138a0   0x080138a0   0x00000014   Code   RO         7416    i.get_open_auto_control  robot_cmd.o
    0x080138b4   0x080138b4   0x0000003c   Code   RO         9122    i.invSqrt           quaternionekf.o
    0x080138f0   0x080138f0   0x00000060   Code   RO         8375    i.loop_fp32_constrain  maths.o
    0x08013950   0x08013950   0x00000058   Code   RO           16    i.main              main.o
    0x080139a8   0x080139a8   0x0000000e   Code   RO         5792    i.makeFreeRtosPriority  cmsis_os.o
    0x080139b6   0x080139b6   0x00000002   PAD
    0x080139b8   0x080139b8   0x00000170   Code   RO         7723    i.monoDirectionalAirResistanceModel  ou_visionpro.o
    0x08013b28   0x08013b28   0x0000002e   Code   RO         8236    i.motor_speed_control  pid.o
    0x08013b56   0x08013b56   0x00000018   Code   RO         5794    i.osDelay           cmsis_os.o
    0x08013b6e   0x08013b6e   0x0000000a   Code   RO         5797    i.osKernelStart     cmsis_os.o
    0x08013b78   0x08013b78   0x0000005e   Code   RO         5831    i.osThreadCreate    cmsis_os.o
    0x08013bd6   0x08013bd6   0x00000002   PAD
    0x08013bd8   0x08013bd8   0x00000050   Code   RO         8237    i.pid_clear         pid.o
    0x08013c28   0x08013c28   0x000000e8   Code   RO         7724    i.pitchTrajectoryCompensation  ou_visionpro.o
    0x08013d10   0x08013d10   0x00000020   Code   RO         6821    i.pitch_can_rx_CallBack  gimbal_task.o
    0x08013d30   0x08013d30   0x0000000c   Code   RO         6822    i.pitch_motor_disconnect  gimbal_task.o
    0x08013d3c   0x08013d3c   0x0000000c   Code   RO         6823    i.pitch_motor_online  gimbal_task.o
    0x08013d48   0x08013d48   0x00000098   Code   RO         5457    i.prvAddCurrentTaskToDelayedList  tasks.o
    0x08013de0   0x08013de0   0x000000b4   Code   RO         5458    i.prvAddNewTaskToReadyList  tasks.o
    0x08013e94   0x08013e94   0x00000048   Code   RO         5459    i.prvCheckTasksWaitingTermination  tasks.o
    0x08013edc   0x08013edc   0x00000050   Code   RO         5460    i.prvDeleteTCB      tasks.o
    0x08013f2c   0x08013f2c   0x0000007c   Code   RO         6159    i.prvHeapInit       heap_4.o
    0x08013fa8   0x08013fa8   0x00000028   Code   RO         5461    i.prvIdleTask       tasks.o
    0x08013fd0   0x08013fd0   0x000000b4   Code   RO         5462    i.prvInitialiseNewTask  tasks.o
    0x08014084   0x08014084   0x00000068   Code   RO         5463    i.prvInitialiseTaskLists  tasks.o
    0x080140ec   0x080140ec   0x00000068   Code   RO         6160    i.prvInsertBlockIntoFreeList  heap_4.o
    0x08014154   0x08014154   0x00000034   Code   RO         5464    i.prvResetNextTaskUnblockTime  tasks.o
    0x08014188   0x08014188   0x00000040   Code   RO         6228    i.prvTaskExitError  port.o
    0x080141c8   0x080141c8   0x0000014c   Code   RO         6161    i.pvPortMalloc      heap_4.o
    0x08014314   0x08014314   0x0000002c   Code   RO         6229    i.pxPortInitialiseStack  port.o
    0x08014340   0x08014340   0x00000088   Code   RO         7994    i.referee_uart_init  bsp_referee.o
    0x080143c8   0x080143c8   0x000001d8   Code   RO         8380    i.sin_calculate     maths.o
    0x080145a0   0x080145a0   0x0000003e   Code   RO         9846    i.sqrtf             m_wm.l(sqrtf_full.o)
    0x080145de   0x080145de   0x00000002   PAD
    0x080145e0   0x080145e0   0x00000080   Code   RO         7199    i.torque_to_voltage_6020  dji_motor.o
    0x08014660   0x08014660   0x00000028   Code   RO         5083    i.uxListRemove      list.o
    0x08014688   0x08014688   0x00000018   Code   RO          335    i.vApplicationGetIdleTaskMemory  freertos.o
    0x080146a0   0x080146a0   0x0000001a   Code   RO         5084    i.vListInitialise   list.o
    0x080146ba   0x080146ba   0x00000006   Code   RO         5085    i.vListInitialiseItem  list.o
    0x080146c0   0x080146c0   0x00000034   Code   RO         5086    i.vListInsert       list.o
    0x080146f4   0x080146f4   0x00000018   Code   RO         5087    i.vListInsertEnd    list.o
    0x0801470c   0x0801470c   0x00000054   Code   RO         6231    i.vPortEnterCritical  port.o
    0x08014760   0x08014760   0x0000003c   Code   RO         6232    i.vPortExitCritical  port.o
    0x0801479c   0x0801479c   0x000000a4   Code   RO         6162    i.vPortFree         heap_4.o
    0x08014840   0x08014840   0x00000028   Code   RO         6233    i.vPortSetupTimerInterrupt  port.o
    0x08014868   0x08014868   0x0000005c   Code   RO         5473    i.vTaskDelay        tasks.o
    0x080148c4   0x080148c4   0x000000d4   Code   RO         5474    i.vTaskDelayUntil   tasks.o
    0x08014998   0x08014998   0x000000b0   Code   RO         5487    i.vTaskStartScheduler  tasks.o
    0x08014a48   0x08014a48   0x00000010   Code   RO         5489    i.vTaskSuspendAll   tasks.o
    0x08014a58   0x08014a58   0x0000008c   Code   RO         5490    i.vTaskSwitchContext  tasks.o
    0x08014ae4   0x08014ae4   0x00000150   Code   RO         6936    i.virtual_task_init  virtual_task.o
    0x08014c34   0x08014c34   0x00000168   Code   RO         6235    i.xPortStartScheduler  port.o
    0x08014d9c   0x08014d9c   0x00000064   Code   RO         5493    i.xTaskCreate       tasks.o
    0x08014e00   0x08014e00   0x000000ba   Code   RO         5494    i.xTaskCreateStatic  tasks.o
    0x08014eba   0x08014eba   0x00000002   PAD
    0x08014ebc   0x08014ebc   0x0000000c   Code   RO         5499    i.xTaskGetTickCount  tasks.o
    0x08014ec8   0x08014ec8   0x00000148   Code   RO         5501    i.xTaskIncrementTick  tasks.o
    0x08015010   0x08015010   0x00000104   Code   RO         5507    i.xTaskResumeAll    tasks.o
    0x08015114   0x08015114   0x00000002   Code   RO         6824    i.yaw_can_rx_CallBack  gimbal_task.o
    0x08015116   0x08015116   0x00000018   Code   RO         9937    x$fpl$basic         g_wm.l(basic.o)
    0x0801512e   0x0801512e   0x00000002   PAD
    0x08015130   0x08015130   0x000002c4   Code   RO         9700    x$fpl$d2f           g_wm.l(d2f_clz.o)
    0x080153f4   0x080153f4   0x0000024c   Code   RO         9702    x$fpl$dadd          g_wm.l(daddsub_clz.o)
    0x08015640   0x08015640   0x00000018   Code   RO         9939    x$fpl$dcmpinf       g_wm.l(dcmpi.o)
    0x08015658   0x08015658   0x0000037c   Code   RO         9709    x$fpl$ddiv          g_wm.l(ddiv_clz.o)
    0x080159d4   0x080159d4   0x00000074   Code   RO         9941    x$fpl$deqf          g_wm.l(deqf.o)
    0x08015a48   0x08015a48   0x000000c8   Code   RO         9943    x$fpl$dfix          g_wm.l(dfix.o)
    0x08015b10   0x08015b10   0x0000002e   Code   RO         9713    x$fpl$dflt          g_wm.l(dflt_clz.o)
    0x08015b3e   0x08015b3e   0x0000001a   Code   RO         9714    x$fpl$dfltn         g_wm.l(dflt_clz.o)
    0x08015b58   0x08015b58   0x00000026   Code   RO         9712    x$fpl$dfltu         g_wm.l(dflt_clz.o)
    0x08015b7e   0x08015b7e   0x00000002   PAD
    0x08015b80   0x08015b80   0x00000078   Code   RO         9718    x$fpl$dleqf         g_wm.l(dleqf.o)
    0x08015bf8   0x08015bf8   0x000001c0   Code   RO         9720    x$fpl$dmul          g_wm.l(dmul_clz.o)
    0x08015db8   0x08015db8   0x00000102   Code   RO         9947    x$fpl$dnaninf       g_wm.l(dnaninf.o)
    0x08015eba   0x08015eba   0x00000070   Code   RO         9949    x$fpl$drenorm       g_wm.l(drenorm_clz.o)
    0x08015f2a   0x08015f2a   0x0000000c   Code   RO         9951    x$fpl$dretinf       g_wm.l(dretinf.o)
    0x08015f36   0x08015f36   0x00000062   Code   RO         9953    x$fpl$drleqf        g_wm.l(drleqf.o)
    0x08015f98   0x08015f98   0x00000050   Code   RO         9703    x$fpl$drsb          g_wm.l(daddsub_clz.o)
    0x08015fe8   0x08015fe8   0x0000029c   Code   RO         9704    x$fpl$dsub          g_wm.l(daddsub_clz.o)
    0x08016284   0x08016284   0x0000017a   Code   RO         9955    x$fpl$dunder        g_wm.l(dunder_clz.o)
    0x080163fe   0x080163fe   0x00000002   PAD
    0x08016400   0x08016400   0x000001ec   Code   RO         9957    x$fpl$exception     g_wm.l(except.o)
    0x080165ec   0x080165ec   0x0000007a   Code   RO         9722    x$fpl$f2d           g_wm.l(f2d.o)
    0x08016666   0x08016666   0x0000009e   Code   RO         9728    x$fpl$ffltll        g_wm.l(ffltll_clz.o)
    0x08016704   0x08016704   0x000000f2   Code   RO         9959    x$fpl$fnaninf       g_wm.l(fnaninf.o)
    0x080167f6   0x080167f6   0x0000000a   Code   RO        10101    x$fpl$fpinit        g_wm.l(fpinit.o)
    0x08016800   0x08016800   0x0000000a   Code   RO         9961    x$fpl$fretinf       g_wm.l(fretinf.o)
    0x0801680a   0x0801680a   0x0000013c   Code   RO         9963    x$fpl$funder        g_wm.l(funder_clz.o)
    0x08016946   0x08016946   0x00000002   PAD
    0x08016948   0x08016948   0x000000b4   Code   RO         9724    x$fpl$llsfromf      g_wm.l(ffixll.o)
    0x080169fc   0x080169fc   0x000000b2   Code   RO        10103    x$fpl$retnan        g_wm.l(retnan.o)
    0x08016aae   0x08016aae   0x0000007e   Code   RO         9967    x$fpl$trapveneer    g_wm.l(trapv.o)
    0x08016b2c   0x08016b2c   0x00000000   Code   RO         9969    x$fpl$usenofp       g_wm.l(usenofp.o)
    0x08016b2c   0x08016b2c   0x000000a8   Data   RO          337    .constdata          freertos.o
    0x08016bd4   0x08016bd4   0x00000008   Data   RO         2375    .constdata          stm32f4xx_hal_dma.o
    0x08016bdc   0x08016bdc   0x00000018   Data   RO         4947    .constdata          system_stm32f4xx.o
    0x08016bf4   0x08016bf4   0x00000030   Data   RO         7040    .constdata          imu_task.o
    0x08016c24   0x08016c24   0x00000e14   Data   RO         8381    .constdata          maths.o
    0x08017a38   0x08017a38   0x00000302   Data   RO         8671    .constdata          crc.o
    0x08017d3a   0x08017d3a   0x00000002   PAD
    0x08017d3c   0x08017d3c   0x00000090   Data   RO         9124    .constdata          quaternionekf.o
    0x08017dcc   0x08017dcc   0x00000804   Data   RO         9593    .constdata          arm_cortexM4lf_math.lib(arm_common_tables.o)
    0x080185d0   0x080185d0   0x00000058   Data   RO         9807    .constdata          m_wm.l(exp.o)
    0x08018628   0x08018628   0x00000098   Data   RO         9973    .constdata          m_wm.l(atan.o)
    0x080186c0   0x080186c0   0x00000030   Data   RO         9985    .constdata          m_wm.l(cos_i.o)
    0x080186f0   0x080186f0   0x00000008   Data   RO        10027    .constdata          m_wm.l(qnan.o)
    0x080186f8   0x080186f8   0x000000c8   Data   RO        10030    .constdata          m_wm.l(rred.o)
    0x080187c0   0x080187c0   0x00000028   Data   RO        10034    .constdata          m_wm.l(sin_i.o)
    0x080187e8   0x080187e8   0x00000049   Data   RO          338    .conststring        freertos.o
    0x08018831   0x08018831   0x00000003   PAD
    0x08018834   0x08018834   0x00000020   Data   RO        10194    Region$$Table       anon$$obj.o


    Execution Region RW_IRAM1 (Exec base: 0x20000000, Load base: 0x08018854, Size: 0x0000d970, Max: 0x0001c000, ABSOLUTE, COMPRESSED[0x0000018c])

    Exec Addr    Load Addr    Size         Type   Attr      Idx    E Section Name        Object

    0x20000000   COMPRESSED   0x00000018   Data   RW          339    .data               freertos.o
    0x20000018   COMPRESSED   0x00000004   Data   RW          391    .data               can.o
    0x2000001c   COMPRESSED   0x0000004e   Data   RW          863    .data               usbd_desc.o
    0x2000006a   COMPRESSED   0x00000002   PAD
    0x2000006c   COMPRESSED   0x00000014   Data   RW          950    .data               usbd_cdc_if.o
    0x20000080   COMPRESSED   0x00000009   Data   RW         2807    .data               stm32f4xx_hal.o
    0x20000089   COMPRESSED   0x00000003   PAD
    0x2000008c   COMPRESSED   0x00000004   Data   RW         4948    .data               system_stm32f4xx.o
    0x20000090   COMPRESSED   0x0000003c   Data   RW         5510    .data               tasks.o
    0x200000cc   COMPRESSED   0x00000020   Data   RW         6168    .data               heap_4.o
    0x200000ec   COMPRESSED   0x0000000c   Data   RW         6236    .data               port.o
    0x200000f8   COMPRESSED   0x00000001   Data   RW         6483    .data               usbd_ctlreq.o
    0x200000f9   COMPRESSED   0x00000003   PAD
    0x200000fc   COMPRESSED   0x0000008a   Data   RW         6646    .data               usbd_cdc.o
    0x20000186   COMPRESSED   0x00000016   Data   RW         6742    .data               fire_task.o
    0x2000019c   COMPRESSED   0x00000004   PAD
    0x200001a0   COMPRESSED   0x00000071   Data   RW         6828    .data               gimbal_task.o
    0x20000211   COMPRESSED   0x00000003   PAD
    0x20000214   COMPRESSED   0x00000032   Data   RW         6938    .data               virtual_task.o
    0x20000246   COMPRESSED   0x00000002   PAD
    0x20000248   COMPRESSED   0x00000048   Data   RW         7041    .data               imu_task.o
    0x20000290   COMPRESSED   0x00000009   Data   RW         7136    .data               safe_task.o
    0x20000299   COMPRESSED   0x00000003   PAD
    0x2000029c   COMPRESSED   0x00000020   Data   RW         7201    .data               dji_motor.o
    0x200002bc   COMPRESSED   0x0000004a   Data   RW         7420    .data               robot_cmd.o
    0x20000306   COMPRESSED   0x00000002   PAD
    0x20000308   COMPRESSED   0x00000064   Data   RW         7727    .data               ou_visionpro.o
    0x2000036c   COMPRESSED   0x00000004   Data   RW         7810    .data               bsp_can.o
    0x20000370   COMPRESSED   0x00000003   Data   RW         7996    .data               bsp_referee.o
    0x20000373   COMPRESSED   0x00000001   PAD
    0x20000374   COMPRESSED   0x00000002   Data   RW         8672    .data               crc.o
    0x20000376   COMPRESSED   0x00000002   PAD
    0x20000378   COMPRESSED   0x00000040   Data   RW         8805    .data               bmi088driver.o
    0x200003b8   COMPRESSED   0x00000004   Data   RW         8886    .data               bmi088middleware.o
    0x200003bc   COMPRESSED   0x00000004   PAD
    0x200003c0   COMPRESSED   0x00000040   Data   RW         8944    .data               bsp_dwt.o
    0x20000400   COMPRESSED   0x00000004   Data   RW         9048    .data               kalman_filter.o
    0x20000404   COMPRESSED   0x000000d4   Data   RW         9125    .data               quaternionekf.o
    0x200004d8   COMPRESSED   0x00000018   Data   RW         9202    .data               user_lib.o
    0x200004f0        -       0x00000254   Zero   RW          336    .bss                freertos.o
    0x20000744        -       0x00000050   Zero   RW          390    .bss                can.o
    0x20000794        -       0x00000118   Zero   RW          462    .bss                spi.o
    0x200008ac        -       0x00000090   Zero   RW          506    .bss                tim.o
    0x2000093c        -       0x000001ec   Zero   RW          560    .bss                usart.o
    0x20000b28        -       0x00000048   Zero   RW          769    .bss                stm32f4xx_hal_timebase_tim.o
    0x20000b70        -       0x000002dc   Zero   RW          806    .bss                usb_device.o
    0x20000e4c        -       0x00000200   Zero   RW          862    .bss                usbd_desc.o
    0x2000104c        -       0x00001000   Zero   RW          949    .bss                usbd_cdc_if.o
    0x2000204c        -       0x0000072c   Zero   RW         1084    .bss                usbd_conf.o
    0x20002778        -       0x000000f0   Zero   RW         5509    .bss                tasks.o
    0x20002868        -       0x00003c00   Zero   RW         6167    .bss                heap_4.o
    0x20006468        -       0x00000014   Zero   RW         6741    .bss                fire_task.o
    0x2000647c   COMPRESSED   0x00000004   PAD
    0x20006480        -       0x000003a8   Zero   RW         6827    .bss                gimbal_task.o
    0x20006828        -       0x000004ec   Zero   RW         6937    .bss                virtual_task.o
    0x20006d14        -       0x00000160   Zero   RW         7039    .bss                imu_task.o
    0x20006e74        -       0x00001a38   Zero   RW         7200    .bss                dji_motor.o
    0x200088ac   COMPRESSED   0x00000004   PAD
    0x200088b0        -       0x00000058   Zero   RW         7419    .bss                robot_cmd.o
    0x20008908        -       0x00000548   Zero   RW         7726    .bss                ou_visionpro.o
    0x20008e50        -       0x00000280   Zero   RW         7809    .bss                bsp_can.o
    0x200090d0        -       0x00000060   Zero   RW         7862    .bss                bsp_dr16.o
    0x20009130        -       0x00000534   Zero   RW         7995    .bss                bsp_referee.o
    0x20009664        -       0x00000040   Zero   RW         8804    .bss                bmi088driver.o
    0x200096a4   COMPRESSED   0x00000004   PAD
    0x200096a8        -       0x00000268   Zero   RW         9123    .bss                quaternionekf.o
    0x20009910        -       0x00000060   Zero   RW        10054    .bss                c_w.l(libspace.o)
    0x20009970        -       0x00002000   Zero   RW            2    HEAP                startup_stm32f407xx.o
    0x2000b970        -       0x00002000   Zero   RW            1    STACK               startup_stm32f407xx.o


    Execution Region RW_IRAM2 (Exec base: 0x2001c000, Load base: 0x080189e0, Size: 0x00000000, Max: 0x00004000, ABSOLUTE)

    **** No section assigned to this execution region ****


==============================================================================

Image component sizes


      Code (inc. data)   RO Data    RW Data    ZI Data      Debug   Object Name

      2890        176          0         64         64      10709   bmi088driver.o
       116         30          0          4          0       3624   bmi088middleware.o
       464         32          0          4        640       3135   bsp_can.o
       172         14          0          0         96       2796   bsp_dr16.o
       660        120          0         64          0       5767   bsp_dwt.o
       586         14          0          0          0       3951   bsp_motor_encoder.o
        58          0          0          0          0       1042   bsp_pwm.o
      3162         44          0          3       1332      21031   bsp_referee.o
       496         44          0          4         80       2542   can.o
       142          0          0          0          0      23175   cmsis_os.o
       198         16        770          2          0       3889   crc.o
      1226        108          0         32       6712     582539   dji_motor.o
       152          6          0          0          0        874   dma.o
         0          0          0          0          0      16960   event_groups.o
       424          0          0          0          0       4295   fifo.o
       224         10          0          0          0       3571   filter.o
      1252         84          0         22         20       7471   fire_task.o
       218         40        241         24        596       7574   freertos.o
      2430        266          0        113        936       8849   gimbal_task.o
       300         18          0          0          0       1119   gpio.o
       724         74          0         32      15360       7543   heap_4.o
      2768        200         48         72        352       8410   imu_task.o
      3160         26          0          4          0       9631   kalman_filter.o
       148          0          0          0          0       3674   list.o
       478          4          0          0          0       4446   lqr.o
       298         20          0          0          0     778522   main.o
      1008         48       3604          0          0       3877   maths.o
      6916        332          0        100       1352      11596   ou_visionpro.o
      1616         28          0          0          0       7977   pid.o
       894         78          0         12          0      11352   port.o
      4172        232        144        212        616      10879   quaternionekf.o
      3898        404          0         74         88      52142   robot_cmd.o
       338         30          0          9          0       5247   safe_task.o
       416         38          0          0        280       2007   spi.o
        64         26        392          0      16384        864   startup_stm32f407xx.o
       136         24          0          9          0       8850   stm32f4xx_hal.o
      2134          6          0          0          0      14683   stm32f4xx_hal_can.o
       252         22          0          0          0      33786   stm32f4xx_hal_cortex.o
      1246         16          8          0          0       5499   stm32f4xx_hal_dma.o
       512         46          0          0          0       2168   stm32f4xx_hal_gpio.o
        84          6          0          0          0        898   stm32f4xx_hal_msp.o
      3604         16          0          0          0      14116   stm32f4xx_hal_pcd.o
        90          0          0          0          0       2505   stm32f4xx_hal_pcd_ex.o
      1888         94          0          0          0       6417   stm32f4xx_hal_rcc.o
      1078         14          0          0          0       4757   stm32f4xx_hal_spi.o
      2392        142          0          0          0      16828   stm32f4xx_hal_tim.o
       300         30          0          0          0       3409   stm32f4xx_hal_tim_ex.o
       160         20          0          0         72       1487   stm32f4xx_hal_timebase_tim.o
      1918         14          0          0          0       9784   stm32f4xx_hal_uart.o
       226         72          0          0          0       9182   stm32f4xx_it.o
      4246         98          0          0          0      24259   stm32f4xx_ll_usb.o
         0          0          0          0          0        384   stream_buffer.o
        20          6         24          4          0       1187   system_stm32f4xx.o
      2382        288          0         60        240      22635   tasks.o
       668         52          0          0        144       3391   tim.o
       668         60          0          0        492       2357   usart.o
        76         16          0          0        732       2647   usb_device.o
      1790         54          0        138          0      14605   usbd_cdc.o
       232         28          0         20       4096      12896   usbd_cdc_if.o
      1004         24          0          0       1836      18140   usbd_conf.o
      1346          0          0          0          0      16969   usbd_core.o
      2342         30          0          1          0      18160   usbd_ctlreq.o
       386        122          0         78        512       7089   usbd_desc.o
       174          0          0          0          0       4844   usbd_ioreq.o
       114         10          0         24          0       6356   user_lib.o
      1360        128          0         50       1260       7600   virtual_task.o

    ----------------------------------------------------------------------
     74974       4000       5268       1264      54304    1930968   Object Totals
         0          0         32          0          0          0   (incl. Generated)
        78          0          5         29         12          0   (incl. Padding)

    ----------------------------------------------------------------------

      Code (inc. data)   RO Data    RW Data    ZI Data      Debug   Library Member Name

         0          0       2052          0          0       4704   arm_common_tables.o
       120         12          0          0          0      17170   arm_cos_f32.o
       264          0          0          0          0       1826   arm_mat_add_f32.o
         8          0          0          0          0        999   arm_mat_init_f32.o
      1328          4          0          0          0       4782   arm_mat_inverse_f32.o
       316          4          0          0          0       2375   arm_mat_mult_f32.o
       264          0          0          0          0       1826   arm_mat_sub_f32.o
       276          0          0          0          0       2240   arm_mat_trans_f32.o
       148         18          0          0          0        814   arm_sin_f32.o
        90          0          0          0          0          0   __dczerorl2.o
         8          0          0          0          0         68   __main.o
         0          0          0          0          0          0   __rtentry.o
        12          0          0          0          0          0   __rtentry2.o
         6          0          0          0          0          0   __rtentry4.o
        52          8          0          0          0          0   __scatter.o
        28          0          0          0          0          0   __scatter_zi.o
        48          4          0          0          0         84   _fptrap.o
        22          0          0          0          0        100   _rserrno.o
        10          0          0          0          0         68   defsig_exit.o
       172        110          0          0          0         76   defsig_fpe_inner.o
        14          0          0          0          0         80   defsig_fpe_outer.o
        50          0          0          0          0         88   defsig_general.o
        80         58          0          0          0         76   defsig_rtmem_inner.o
        14          0          0          0          0         80   defsig_rtmem_outer.o
        18          0          0          0          0         80   exit.o
        94          0          0          0          0         80   h1_alloc.o
        52          0          0          0          0         68   h1_extend.o
        78          0          0          0          0         80   h1_free.o
        14          0          0          0          0         84   h1_init.o
         6          0          0          0          0        152   heapauxi.o
         4          0          0          0          0        136   hguard.o
         0          0          0          0          0          0   indicate_semi.o
       138          0          0          0          0        168   init_alloc.o
         2          0          0          0          0          0   libinit.o
        14          0          0          0          0          0   libinit2.o
         2          0          0          0          0          0   libshutdown.o
         2          0          0          0          0          0   libshutdown2.o
         8          4          0          0         96         68   libspace.o
       238          0          0          0          0        100   lludivv7m.o
         0          0          0          0          0          0   maybetermalloc1.o
         8          4          0          0          0         68   rt_errno_addr_intlibspace.o
         8          4          0          0          0         68   rt_heap_descriptor_intlibspace.o
        68          0          0          0          0         68   rt_memclr.o
        78          0          0          0          0         80   rt_memclr_w.o
       138          0          0          0          0         68   rt_memcpy_v6.o
       100          0          0          0          0         80   rt_memcpy_w.o
         2          0          0          0          0          0   rtexit.o
        10          0          0          0          0          0   rtexit2.o
       128          0          0          0          0         68   strcmpv7m.o
        72          0          0          0          0         80   strcpy.o
        12          4          0          0          0         68   sys_exit.o
        74          0          0          0          0         80   sys_stackheap_outer.o
        14          0          0          0          0         76   sys_wrch.o
         2          0          0          0          0         68   use_no_semi.o
        24          0          0          0          0        164   basic.o
       708         16          0          0          0        140   d2f_clz.o
      1336         32          0          0          0        532   daddsub_clz.o
        24          0          0          0          0        116   dcmpi.o
       892        152          0          0          0        292   ddiv_clz.o
       116          8          0          0          0        140   deqf.o
       200         16          0          0          0        184   dfix.o
       110          0          0          0          0        348   dflt_clz.o
       120          8          0          0          0        140   dleqf.o
       448         16          0          0          0        164   dmul_clz.o
       258          4          0          0          0        156   dnaninf.o
       112          0          0          0          0        160   drenorm_clz.o
        12          0          0          0          0        116   dretinf.o
        98          0          0          0          0        128   drleqf.o
       378          0          0          0          0        168   dunder_clz.o
       492         36          0          0          0        148   except.o
       122          8          0          0          0        132   f2d.o
       180         16          0          0          0        132   ffixll.o
       158          0          0          0          0        132   ffltll_clz.o
       242          4          0          0          0        144   fnaninf.o
        10          0          0          0          0        116   fpinit.o
        10          0          0          0          0        116   fretinf.o
       316          0          0          0          0        132   funder_clz.o
       178          0          0          0          0        116   retnan.o
       126          0          0          0          0        148   trapv.o
         0          0          0          0          0          0   usenofp.o
       280         46          0          0          0        176   acosf.o
       300         42          0          0          0        176   asinf.o
       744        106        152          0          0        352   atan.o
       512         64          0          0          0        208   atan2.o
       684         90          0          0          0        208   atan2f.o
       200         20          0          0          0        164   cos.o
       368         46         48          0          0        200   cos_i.o
       136         24          0          0          0        620   dunder.o
       856        142         88          0          0        288   exp.o
        24          0          0          0          0        124   fabs.o
        48          0          0          0          0        124   fpclassify.o
        38          0          0          0          0        116   fpclassifyf.o
        44         12          0          0          0        464   funder.o
       248          0          0          0          0        152   poly.o
         0          0          8          0          0          0   qnan.o
      1080        142        200          0          0        188   rred.o
       200         20          0          0          0        164   sin.o
       304         24         40          0          0        208   sin_i.o
       120          0          0          0          0        272   sqrtf_full.o

    ----------------------------------------------------------------------
     17606       1332       2588          0         96      47812   Library Totals
        36          4          0          0          0          0   (incl. Padding)

    ----------------------------------------------------------------------

      Code (inc. data)   RO Data    RW Data    ZI Data      Debug   Library Name

      2724         38       2052          0          0      36736   arm_cortexM4lf_math.lib
      1990        196          0          0         96       2608   c_w.l
      6670        316          0          0          0       4264   g_wm.l
      6186        778        536          0          0       4204   m_wm.l

    ----------------------------------------------------------------------
     17606       1332       2588          0         96      47812   Library Totals

    ----------------------------------------------------------------------

==============================================================================


      Code (inc. data)   RO Data    RW Data    ZI Data      Debug   

     92580       5332       7856       1264      54400    1922024   Grand Totals
     92580       5332       7856        396      54400    1922024   ELF Image Totals (compressed)
     92580       5332       7856        396          0          0   ROM Totals

==============================================================================

    Total RO  Size (Code + RO Data)               100436 (  98.08kB)
    Total RW  Size (RW Data + ZI Data)             55664 (  54.36kB)
    Total ROM Size (Code + RO Data + RW Data)     100832 (  98.47kB)

==============================================================================

