<html>
<body>
<pre>
<h1>�Vision Build Log</h1>
<h2>Tool Versions:</h2>
IDE-Version: ��Vision V5.40.0.0
Copyright (C) 2024 ARM Ltd and ARM Germany GmbH. All rights reserved.
License Information: JH L, Apple, LIC=QF82M-XRV2G-QDAKD-850HE-MV3YZ-UZ1WN
 
Tool Versions:
Toolchain:       MDK-ARM Plus  Version: 5.40.0.3
Toolchain Path:  D:\Keil5\ARM\ARMCC\Bin
C Compiler:      Armcc.exe V5.06 update 7 (build 960)
Assembler:       Armasm.exe V5.06 update 7 (build 960)
Linker/Locator:  ArmLink.exe V5.06 update 7 (build 960)
Library Manager: ArmAr.exe V5.06 update 7 (build 960)
Hex Converter:   FromElf.exe V5.06 update 7 (build 960)
CPU DLL:         SARMCM3.DLL V5.40.0.3
Dialog DLL:      DCM.DLL V1.17.5.0
Target DLL:      Segger\JL2CM3.dll V2.99.44.0
Dialog DLL:      TCM.DLL V1.56.4.0
 
<h2>Project:</h2>
D:\Documents\GitHub\2024Hero_real\HERO_GIMBAL_TL.V2.0.0\MDK-ARM\HERO.uvprojx
Project File Date:  10/02/2024

<h2>Output:</h2>
*** Using Compiler 'V5.06 update 7 (build 960)', folder: 'D:\Keil5\ARM\ARMCC\Bin'
Build target 'HERO'
compiling bsp_can.c...
../ACE-ECF/Control/Inc/robot_cmd.h(148): warning:  #1295-D: Deprecated declaration get_fire_ready - give arg types
  uint8_t get_fire_ready();
../ACE-ECF/Control/Inc/robot_cmd.h(149): warning:  #1295-D: Deprecated declaration get_Gimbal_pitch_point - give arg types
  fp32* get_Gimbal_pitch_point();
../ACE-ECF/Control/Inc/robot_cmd.h(150): warning:  #1295-D: Deprecated declaration get_Gimbal_yaw_point - give arg types
  fp32* get_Gimbal_yaw_point();
../ACE-ECF/Control/Inc/robot_cmd.h(155): warning:  #1295-D: Deprecated declaration get_gimbal_behaviour_point - give arg types
  Gimbal_Work_State_e* get_gimbal_behaviour_point();
..\ACE-ECF\Bsp\Src\bsp_can.c: 4 warnings, 0 errors
compiling virtual_task.c...
../ACE-ECF/Control/Inc/robot_cmd.h(148): warning:  #1295-D: Deprecated declaration get_fire_ready - give arg types
  uint8_t get_fire_ready();
../ACE-ECF/Control/Inc/robot_cmd.h(149): warning:  #1295-D: Deprecated declaration get_Gimbal_pitch_point - give arg types
  fp32* get_Gimbal_pitch_point();
../ACE-ECF/Control/Inc/robot_cmd.h(150): warning:  #1295-D: Deprecated declaration get_Gimbal_yaw_point - give arg types
  fp32* get_Gimbal_yaw_point();
../ACE-ECF/Control/Inc/robot_cmd.h(155): warning:  #1295-D: Deprecated declaration get_gimbal_behaviour_point - give arg types
  Gimbal_Work_State_e* get_gimbal_behaviour_point();
..\TASK\src\virtual_task.c(282): warning:  #188-D: enumerated type mixed with another type
    virtual_task_init_p->armor_num = 0;
..\TASK\src\virtual_task.c(500): warning:  #1-D: last line of file ends without a newline
  #endif
..\TASK\src\virtual_task.c: 6 warnings, 0 errors
compiling Ou_VisionPro.c...
../ACE-ECF/Control/Inc/robot_cmd.h(148): warning:  #1295-D: Deprecated declaration get_fire_ready - give arg types
  uint8_t get_fire_ready();
../ACE-ECF/Control/Inc/robot_cmd.h(149): warning:  #1295-D: Deprecated declaration get_Gimbal_pitch_point - give arg types
  fp32* get_Gimbal_pitch_point();
../ACE-ECF/Control/Inc/robot_cmd.h(150): warning:  #1295-D: Deprecated declaration get_Gimbal_yaw_point - give arg types
  fp32* get_Gimbal_yaw_point();
../ACE-ECF/Control/Inc/robot_cmd.h(155): warning:  #1295-D: Deprecated declaration get_gimbal_behaviour_point - give arg types
  Gimbal_Work_State_e* get_gimbal_behaviour_point();
..\VERSION\Ou_VisionPro.c(73): warning:  #1035-D: single-precision operand implicitly converted to double-precision
          dz = 0.3*(z - z_actual);
..\VERSION\Ou_VisionPro.c(75): warning:  #1035-D: single-precision operand implicitly converted to double-precision
          if (fabsf(dz) < 0.00001)
..\VERSION\Ou_VisionPro.c(387): warning:  #1035-D: single-precision operand implicitly converted to double-precision
                  float tmp_yaw = auto_control_p->yaw + i * PI/2.0; 
..\VERSION\Ou_VisionPro.c(247): warning:  #177-D: variable "n"  was declared but never referenced
  	int i = 0,n = 0,tem = 0;
..\VERSION\Ou_VisionPro.c(247): warning:  #177-D: variable "tem"  was declared but never referenced
  	int i = 0,n = 0,tem = 0;
..\VERSION\Ou_VisionPro.c(778): warning:  #1035-D: single-precision operand implicitly converted to double-precision
  	float Temp_Y = V_y*t-0.5*G*t*t;//不考虑空气阻力的匀减速运�?
..\VERSION\Ou_VisionPro.c(805): warning:  #1035-D: single-precision operand implicitly converted to double-precision
  			Temp_Y = V_y*t-0.5*G*t*t;//不考虑空气阻力的匀减速运�?
..\VERSION\Ou_VisionPro.c(823): warning:  #1035-D: single-precision operand implicitly converted to double-precision
  			Temp_Y = V_y*t-0.5*G*t*t;//不考虑空气阻力的匀减速运�?
..\VERSION\Ou_VisionPro.c: 12 warnings, 0 errors
compiling gimbal_task.c...
../ACE-ECF/Bsp/Inc/bsp_Motor_Encoder.h(22): warning:  #47-D: incompatible redefinition of macro "PI"  (declared at line 361 of "../Middlewares/ST/ARM/DSP/Inc/arm_math.h")
  #define PI 3.14159f
../ACE-ECF/Control/Inc/robot_cmd.h(148): warning:  #1295-D: Deprecated declaration get_fire_ready - give arg types
  uint8_t get_fire_ready();
../ACE-ECF/Control/Inc/robot_cmd.h(149): warning:  #1295-D: Deprecated declaration get_Gimbal_pitch_point - give arg types
  fp32* get_Gimbal_pitch_point();
../ACE-ECF/Control/Inc/robot_cmd.h(150): warning:  #1295-D: Deprecated declaration get_Gimbal_yaw_point - give arg types
  fp32* get_Gimbal_yaw_point();
../ACE-ECF/Control/Inc/robot_cmd.h(155): warning:  #1295-D: Deprecated declaration get_gimbal_behaviour_point - give arg types
  Gimbal_Work_State_e* get_gimbal_behaviour_point();
../ACE-ECF/Application/inc/safe_task.h(35): warning:  #1-D: last line of file ends without a newline
  #endif
..\TASK\src\gimbal_task.c(43): warning:  #1295-D: Deprecated declaration Gimbal_Work - give arg types
  static void Gimbal_Work();
..\TASK\src\gimbal_task.c(44): warning:  #1295-D: Deprecated declaration Gimbal_Init - give arg types
  static void Gimbal_Init();
..\TASK\src\gimbal_task.c(45): warning:  #1295-D: Deprecated declaration Gimbal_Not_Work - give arg types
  static void Gimbal_Not_Work();
..\TASK\src\gimbal_task.c(155): warning:  #1035-D: single-precision operand implicitly converted to double-precision
       fp32 Motor_Can_reduced_Pitch_Angle   = PITCH_MOTOR_DOWN_MAX_ACTUAL_ANGLE - Gimbal.PITCH_Motor->Motor_encoder.Actual_Angle ;
..\TASK\src\gimbal_task.c(331): warning:  #177-D: function "Gimbal_Not_Work"  was declared but never referenced
  void Gimbal_Not_Work()
..\TASK\src\gimbal_task.c: 11 warnings, 0 errors
compiling robot_cmd.c...
../ACE-ECF/Control/Inc/robot_cmd.h(148): warning:  #1295-D: Deprecated declaration get_fire_ready - give arg types
  uint8_t get_fire_ready();
../ACE-ECF/Control/Inc/robot_cmd.h(149): warning:  #1295-D: Deprecated declaration get_Gimbal_pitch_point - give arg types
  fp32* get_Gimbal_pitch_point();
../ACE-ECF/Control/Inc/robot_cmd.h(150): warning:  #1295-D: Deprecated declaration get_Gimbal_yaw_point - give arg types
  fp32* get_Gimbal_yaw_point();
../ACE-ECF/Control/Inc/robot_cmd.h(155): warning:  #1295-D: Deprecated declaration get_gimbal_behaviour_point - give arg types
  Gimbal_Work_State_e* get_gimbal_behaviour_point();
../ACE-ECF/Application/inc/safe_task.h(35): warning:  #1-D: last line of file ends without a newline
  #endif
..\ACE-ECF\Control\Src\robot_cmd.c(575): warning:  #1035-D: single-precision operand implicitly converted to double-precision
              if (Key_F_reset == 1)   Gimbal_CMD.Pitch_Set_IMU+=0.5;
..\ACE-ECF\Control\Src\robot_cmd.c(583): warning:  #1035-D: single-precision operand implicitly converted to double-precision
              if (Key_V_reset == 1)   Gimbal_CMD.Pitch_Set_IMU-=0.5;
..\ACE-ECF\Control\Src\robot_cmd.c(608): warning:  #1035-D: single-precision operand implicitly converted to double-precision
              if (Key_C_reset == 1)   Gimbal_CMD.Yaw_Set_IMU+=0.5;
..\ACE-ECF\Control\Src\robot_cmd.c(616): warning:  #1035-D: single-precision operand implicitly converted to double-precision
              if (Key_B_reset == 1)   Gimbal_CMD.Yaw_Set_IMU-=0.5;
..\ACE-ECF\Control\Src\robot_cmd.c(565): warning:  #177-D: variable "time"  was declared but never referenced
      static uint8_t time = 0;
..\ACE-ECF\Control\Src\robot_cmd.c(719): warning:  #550-D: variable "Last_Gimbal_Work_State"  was set but never used
      static Gimbal_Work_State_e Last_Gimbal_Work_State = MANUAL;
..\ACE-ECF\Control\Src\robot_cmd.c(872): warning:  #188-D: enumerated type mixed with another type
      return Gimbal_CMD.Gimbal_Work_State == AUTO_ATTACK? 1 : 0;
..\ACE-ECF\Control\Src\robot_cmd.c(876): warning:  #188-D: enumerated type mixed with another type
      return Gimbal_CMD.Gimbal_Work_State == AUTO_Delay_Fire? 1 : 0;
..\ACE-ECF\Control\Src\robot_cmd.c(250): warning:  #550-D: variable "ins"  was set but never used
  static const INS_t       *ins;
..\ACE-ECF\Control\Src\robot_cmd.c: 14 warnings, 0 errors
linking...
Program Size: Code=92580 RO-data=7856 RW-data=1264 ZI-data=54400  
FromELF: creating hex file...
"HERO\HERO.axf" - 0 Error(s), 47 Warning(s).

<h2>Software Packages used:</h2>

Package Vendor: ARM
                https://www.keil.com/pack/ARM.CMSIS.6.1.0.pack
                ARM::CMSIS@6.1.0
                CMSIS (Common Microcontroller Software Interface Standard)
   * Component: CORE Version: 6.1.0

Package Vendor: Keil
                https://www.keil.com/pack/Keil.STM32F4xx_DFP.2.17.1.pack
                Keil::STM32F4xx_DFP@2.17.1
                STMicroelectronics STM32F4 Series Device Support, Drivers and Examples

<h2>Collection of Component include folders:</h2>
  ./RTE/_HERO
  D:/Keil5/ARM/Packs/ARM/CMSIS/6.1.0/CMSIS/Core/Include
  D:/Keil5/ARM/Packs/Keil/STM32F4xx_DFP/2.17.1/Drivers/CMSIS/Device/ST/STM32F4xx/Include

<h2>Collection of Component Files used:</h2>

   * Component: ARM::CMSIS:CORE@6.1.0
      Include file:  CMSIS/Core/Include/tz_context.h
Build Time Elapsed:  00:00:03
</pre>
</body>
</html>
